#
# There is insufficient memory for the Java Runtime Environment to continue.
# Native memory allocation (malloc) failed to allocate 608976 bytes. Error detail: Chunk::new
# Possible reasons:
#   The system is out of physical RAM or swap space
#   This process is running with CompressedOops enabled, and the Java Heap may be blocking the growth of the native heap
# Possible solutions:
#   Reduce memory load on the system
#   Increase physical memory or swap space
#   Check if swap backing store is full
#   Decrease Java heap size (-Xmx/-Xms)
#   Decrease number of Java threads
#   Decrease Java thread stack sizes (-Xss)
#   Set larger code cache with -XX:ReservedCodeCacheSize=
#   JVM is running with Unscaled Compressed Oops mode in which the Java heap is
#     placed in the first 4GB address space. The Java Heap base address is the
#     maximum limit for the native heap growth. Please use -XX:HeapBaseMinAddress
#     to set the Java Heap base and to place the Java Heap above 4GB virtual address.
# This output file may be truncated or incomplete.
#
#  Out of Memory Error (arena.cpp:168), pid=18264, tid=16796
#
# JRE version: OpenJDK Runtime Environment Temurin-21.0.11+10 (21.0.11+10) (build 21.0.11+10-LTS)
# Java VM: OpenJDK 64-Bit Server VM Temurin-21.0.11+10 (21.0.11+10-LTS, mixed mode, sharing, tiered, compressed oops, compressed class ptrs, parallel gc, windows-amd64)
# No core dump will be written. Minidumps are not enabled by default on client versions of Windows
#

---------------  S U M M A R Y ------------

Command Line: --add-modules=ALL-SYSTEM --add-opens=java.base/java.util=ALL-UNNAMED --add-opens=java.base/java.lang=ALL-UNNAMED --add-opens=java.base/sun.nio.fs=ALL-UNNAMED -Declipse.application=org.eclipse.jdt.ls.core.id1 -Dosgi.bundles.defaultStartLevel=4 -Declipse.product=org.eclipse.jdt.ls.core.product -Djava.import.generatesMetadataFilesAtProjectRoot=false -DDetectVMInstallationsJob.disabled=true -Dfile.encoding=utf8 -XX:+UseParallelGC -XX:GCTimeRatio=4 -XX:AdaptiveSizePolicyWeight=90 -Dsun.zip.disableMemoryMapping=true -Xmx2G -Xms100m -Xlog:disable -javaagent:c:\Users\Azra Hanna Razvi\.vscode\extensions\redhat.java-1.55.0-win32-x64\lombok\lombok-1.18.39-4050.jar -XX:+HeapDumpOnOutOfMemoryError -XX:HeapDumpPath=c:\Users\Azra Hanna Razvi\AppData\Roaming\Code\User\workspaceStorage\4c040a763a160ddb3e2cdc2218db0a82\redhat.java -Daether.dependencyCollector.impl=bf c:\Users\Azra Hanna Razvi\.vscode\extensions\redhat.java-1.55.0-win32-x64\server\plugins\org.eclipse.equinox.launcher_1.7.200.v20260619-2039.jar -configuration c:\Users\Azra Hanna Razvi\AppData\Roaming\Code\User\globalStorage\redhat.java\1.55.0\config_win -data c:\Users\Azra Hanna Razvi\AppData\Roaming\Code\User\workspaceStorage\4c040a763a160ddb3e2cdc2218db0a82\redhat.java\jdt_ws --pipe=\\.\pipe\lsp-3cb8e4b507670b1e9318af36607da92b-sock

Host: Intel(R) Core(TM) i3-10110U CPU @ 2.10GHz, 4 cores, 3G,  Windows 11 , 64 bit Build 26100 (10.0.26100.9168)
Time: Thu Aug 20 15:07:13 2026 India Standard Time elapsed time: 4.502351 seconds (0d 0h 0m 4s)

---------------  T H R E A D  ---------------

Current thread (0x000001c07bd8c250):  JavaThread "C2 CompilerThread0" daemon [_thread_in_native, id=16796, stack(0x0000001615400000,0x0000001615500000) (1024K)]


Current CompileTask:
C2:4502 2124 %     4       org.eclipse.osgi.util.ManifestElement::readLine @ 0 (122 bytes)

Stack: [0x0000001615400000,0x0000001615500000]
Native frames: (J=compiled Java code, j=interpreted, Vv=VM code, C=native code)
V  [jvm.dll+0x6d7e19]
V  [jvm.dll+0x8b5096]
V  [jvm.dll+0x8b764e]
V  [jvm.dll+0x8b7d33]
V  [jvm.dll+0x284596]
V  [jvm.dll+0xc685d]
V  [jvm.dll+0xc6da1]
V  [jvm.dll+0x3bed31]
V  [jvm.dll+0x38b2b2]
V  [jvm.dll+0x38a6fa]
V  [jvm.dll+0x24c700]
V  [jvm.dll+0x24bce0]
V  [jvm.dll+0x1cb4ae]
V  [jvm.dll+0x25baad]
V  [jvm.dll+0x25a03a]
V  [jvm.dll+0x3f868e]
V  [jvm.dll+0x85fb0d]
V  [jvm.dll+0x6d664d]
C  [ucrtbase.dll+0x2cd30]
C  [KERNEL32.DLL+0x2ccb7]
C  [ntdll.dll+0xaad6c]


---------------  P R O C E S S  ---------------

Threads class SMR info:
_java_thread_list=0x000001c07d8e8bc0, length=15, elements={
0x000001c065382400, 0x000001c07bd643e0, 0x000001c07bd66e30, 0x000001c07bd6dba0,
0x000001c07bd6e960, 0x000001c07bd74d30, 0x000001c07bd832d0, 0x000001c07bd8c250,
0x000001c07bd8d800, 0x000001c07bd860c0, 0x000001c07bd84d10, 0x000001c07bd83960,
0x000001c07bd853a0, 0x000001c07bd82c40, 0x000001c07bd83ff0
}

Java Threads: ( => current thread )
  0x000001c065382400 JavaThread "main"                              [_thread_blocked, id=8168, stack(0x0000001614a00000,0x0000001614b00000) (1024K)]
  0x000001c07bd643e0 JavaThread "Reference Handler"          daemon [_thread_blocked, id=17000, stack(0x0000001614e00000,0x0000001614f00000) (1024K)]
  0x000001c07bd66e30 JavaThread "Finalizer"                  daemon [_thread_blocked, id=21796, stack(0x0000001614f00000,0x0000001615000000) (1024K)]
  0x000001c07bd6dba0 JavaThread "Signal Dispatcher"          daemon [_thread_blocked, id=16612, stack(0x0000001615000000,0x0000001615100000) (1024K)]
  0x000001c07bd6e960 JavaThread "Attach Listener"            daemon [_thread_blocked, id=1240, stack(0x0000001615100000,0x0000001615200000) (1024K)]
  0x000001c07bd74d30 JavaThread "Service Thread"             daemon [_thread_blocked, id=21276, stack(0x0000001615200000,0x0000001615300000) (1024K)]
  0x000001c07bd832d0 JavaThread "Monitor Deflation Thread"   daemon [_thread_blocked, id=7664, stack(0x0000001615300000,0x0000001615400000) (1024K)]
=>0x000001c07bd8c250 JavaThread "C2 CompilerThread0"         daemon [_thread_in_native, id=16796, stack(0x0000001615400000,0x0000001615500000) (1024K)]
  0x000001c07bd8d800 JavaThread "C1 CompilerThread0"         daemon [_thread_blocked, id=18176, stack(0x0000001615500000,0x0000001615600000) (1024K)]
  0x000001c07bd860c0 JavaThread "Common-Cleaner"             daemon [_thread_blocked, id=8696, stack(0x0000001615600000,0x0000001615700000) (1024K)]
  0x000001c07bd84d10 JavaThread "Notification Thread"        daemon [_thread_blocked, id=10532, stack(0x0000001615700000,0x0000001615800000) (1024K)]
  0x000001c07bd83960 JavaThread "Active Thread: Equinox Container: 261cd336-fbce-4bae-b7d2-9c7efaa0e9d3"        [_thread_blocked, id=4656, stack(0x0000001615b00000,0x0000001615c00000) (1024K)]
  0x000001c07bd853a0 JavaThread "Refresh Thread: Equinox Container: 261cd336-fbce-4bae-b7d2-9c7efaa0e9d3" daemon [_thread_blocked, id=23428, stack(0x0000001615c00000,0x0000001615d00000) (1024K)]
  0x000001c07bd82c40 JavaThread "Framework Event Dispatcher: Equinox Container: 261cd336-fbce-4bae-b7d2-9c7efaa0e9d3" daemon [_thread_blocked, id=14216, stack(0x0000001615d00000,0x0000001615e00000) (1024K)]
  0x000001c07bd83ff0 JavaThread "Start Level: Equinox Container: 261cd336-fbce-4bae-b7d2-9c7efaa0e9d3" daemon [_thread_in_Java, id=9396, stack(0x0000001615e00000,0x0000001615f00000) (1024K)]
Total: 15

Other Threads:
  0x000001c0631eb860 VMThread "VM Thread"                           [id=18244, stack(0x0000001614d00000,0x0000001614e00000) (1024K)]
  0x000001c07bcfca00 WatcherThread "VM Periodic Task Thread"        [id=6492, stack(0x0000001614c00000,0x0000001614d00000) (1024K)]
  0x000001c065399d00 WorkerThread "GC Thread#0"                     [id=18364, stack(0x0000001614b00000,0x0000001614c00000) (1024K)]
  0x000001c07d15e870 WorkerThread "GC Thread#1"                     [id=7972, stack(0x0000001615800000,0x0000001615900000) (1024K)]
  0x000001c07d15ec20 WorkerThread "GC Thread#2"                     [id=3692, stack(0x0000001615900000,0x0000001615a00000) (1024K)]
  0x000001c07cfa1640 WorkerThread "GC Thread#3"                     [id=18984, stack(0x0000001615a00000,0x0000001615b00000) (1024K)]
Total: 6

Threads with active compile tasks:
C2 CompilerThread0  4544 2124 %     4       org.eclipse.osgi.util.ManifestElement::readLine @ 0 (122 bytes)
Total: 1

VM state: not at safepoint (normal execution)

VM Mutex/Monitor currently owned by a thread: None

Heap address: 0x0000000080000000, size: 2048 MB, Compressed Oops mode: 32-bit

CDS archive(s) mapped at: [0x000001c000000000-0x000001c000ba0000-0x000001c000ba0000), size 12189696, SharedBaseAddress: 0x000001c000000000, ArchiveRelocationMode: 1.
Compressed class space mapped at: 0x000001c001000000-0x000001c041000000, reserved size: 1073741824
Narrow klass base: 0x000001c000000000, Narrow klass shift: 0, Narrow klass range: 0x100000000

GC Precious Log:
 CardTable entry size: 512
 CPUs: 4 total, 4 available
 Memory: 3690M
 Large Page Support: Disabled
 NUMA Support: Disabled
 Compressed Oops: Enabled (32-bit)
 Alignments: Space 512K, Generation 512K, Heap 2M
 Heap Min Capacity: 100M
 Heap Initial Capacity: 100M
 Heap Max Capacity: 2G
 Pre-touch: Disabled
 Parallel Workers: 4

Heap:
 PSYoungGen      total 29696K, used 5691K [0x00000000d5580000, 0x00000000d7680000, 0x0000000100000000)
  eden space 25600K, 6% used [0x00000000d5580000,0x00000000d5712228,0x00000000d6e80000)
  from space 4096K, 99% used [0x00000000d6e80000,0x00000000d727cb40,0x00000000d7280000)
  to   space 4096K, 0% used [0x00000000d7280000,0x00000000d7280000,0x00000000d7680000)
 ParOldGen       total 68608K, used 4953K [0x0000000080000000, 0x0000000084300000, 0x00000000d5580000)
  object space 68608K, 7% used [0x0000000080000000,0x00000000804d67a8,0x0000000084300000)
 Metaspace       used 9483K, committed 9792K, reserved 1114112K
  class space    used 1007K, committed 1152K, reserved 1048576K

Card table byte_map: [0x000001c064d10000,0x000001c065120000] _byte_map_base: 0x000001c064910000

Marking Bits: (ParMarkBitMap*) 0x00007ffebb484460
 Begin Bits: [0x000001c077820000, 0x000001c079820000)
 End Bits:   [0x000001c079820000, 0x000001c07b820000)

Polling page: 0x000001c063330000

Metaspace:

Usage:
  Non-class:      8.28 MB used.
      Class:   1007.98 KB used.
       Both:      9.26 MB used.

Virtual space:
  Non-class space:       64.00 MB reserved,       8.44 MB ( 13%) committed,  1 nodes.
      Class space:        1.00 GB reserved,       1.12 MB ( <1%) committed,  1 nodes.
             Both:        1.06 GB reserved,       9.56 MB ( <1%) committed. 

Chunk freelists:
   Non-Class:  6.69 MB
       Class:  14.79 MB
        Both:  21.47 MB

MaxMetaspaceSize: unlimited
CompressedClassSpaceSize: 1.00 GB
Initial GC threshold: 21.00 MB
Current GC threshold: 21.00 MB
CDS: on
 - commit_granule_bytes: 65536.
 - commit_granule_words: 8192.
 - virtual_space_node_default_size: 8388608.
 - enlarge_chunks_in_place: 1.
 - use_allocation_guard: 0.


Internal statistics:

num_allocs_failed_limit: 0.
num_arena_births: 256.
num_arena_deaths: 0.
num_vsnodes_births: 2.
num_vsnodes_deaths: 0.
num_space_committed: 153.
num_space_uncommitted: 0.
num_chunks_returned_to_freelist: 0.
num_chunks_taken_from_freelist: 508.
num_chunk_merges: 0.
num_chunk_splits: 319.
num_chunks_enlarged: 210.
num_inconsistent_stats: 0.

CodeHeap 'non-profiled nmethods': size=120000Kb used=878Kb max_used=878Kb free=119121Kb
 bounds [0x000001c070040000, 0x000001c0702b0000, 0x000001c077570000]
CodeHeap 'profiled nmethods': size=120000Kb used=4093Kb max_used=4093Kb free=115906Kb
 bounds [0x000001c068570000, 0x000001c068970000, 0x000001c06faa0000]
CodeHeap 'non-nmethods': size=5760Kb used=1226Kb max_used=1245Kb free=4533Kb
 bounds [0x000001c06faa0000, 0x000001c06fd10000, 0x000001c070040000]
CodeCache: size=245760Kb, used=6197Kb, max_used=6216Kb, free=239560Kb
 total_blobs=2672, nmethods=2179, adapters=399, full_count=0
Compilation: enabled, stopped_count=0, restarted_count=0

Compilation events (20 events):
Event: 4.467 Thread 0x000001c07bd8d800 2163       3       sun.nio.cs.UTF_8$Decoder::decodeArrayLoop (688 bytes)
Event: 4.473 Thread 0x000001c07bd8d800 nmethod 2163 0x000001c06895ea90 code [0x000001c06895f320, 0x000001c068964278]
Event: 4.473 Thread 0x000001c07bd8d800 2165       3       java.io.BufferedInputStream::getBufIfOpen (61 bytes)
Event: 4.474 Thread 0x000001c07bd8d800 nmethod 2165 0x000001c068965990 code [0x000001c068965b60, 0x000001c068965ee8]
Event: 4.474 Thread 0x000001c07bd8d800 2164       3       org.eclipse.osgi.framework.util.CaseInsensitiveDictionaryMap$CaseInsensitiveKey::equals (31 bytes)
Event: 4.474 Thread 0x000001c07bd8d800 nmethod 2164 0x000001c068966010 code [0x000001c0689661e0, 0x000001c0689665d0]
Event: 4.494 Thread 0x000001c07bd8d800 2166       3       java.lang.ref.Reference::enqueueFromPending (19 bytes)
Event: 4.494 Thread 0x000001c07bd8d800 nmethod 2166 0x000001c068966710 code [0x000001c0689668c0, 0x000001c068966ad8]
Event: 4.495 Thread 0x000001c07bd8d800 2167       3       java.lang.ref.ReferenceQueue::enqueue0 (98 bytes)
Event: 4.495 Thread 0x000001c07bd8d800 nmethod 2167 0x000001c068966b90 code [0x000001c068966d60, 0x000001c068967298]
Event: 4.495 Thread 0x000001c07bd8d800 2168   !   3       java.lang.ref.NativeReferenceQueue::enqueue (20 bytes)
Event: 4.495 Thread 0x000001c07bd8d800 nmethod 2168 0x000001c068967390 code [0x000001c068967540, 0x000001c068967770]
Event: 4.496 Thread 0x000001c07bd8d800 2169       3       java.util.Spliterator::getExactSizeIfKnown (25 bytes)
Event: 4.496 Thread 0x000001c07bd8d800 nmethod 2169 0x000001c068967890 code [0x000001c068967a60, 0x000001c068967d50]
Event: 4.496 Thread 0x000001c07bd8d800 2170   !   3       org.eclipse.osgi.internal.loader.BundleLoader::getModuleClassLoader (203 bytes)
Event: 4.498 Thread 0x000001c07bd8d800 nmethod 2170 0x000001c068967e10 code [0x000001c068968180, 0x000001c068969678]
Event: 4.498 Thread 0x000001c07bd8d800 2171       3       java.util.concurrent.ConcurrentHashMap$EntryIterator::next (5 bytes)
Event: 4.498 Thread 0x000001c07bd8d800 nmethod 2171 0x000001c06896a190 code [0x000001c06896a340, 0x000001c06896a478]
Event: 4.499 Thread 0x000001c07bd8d800 2172       3       java.util.concurrent.ConcurrentHashMap$EntryIterator::next (51 bytes)
Event: 4.499 Thread 0x000001c07bd8d800 nmethod 2172 0x000001c06896a510 code [0x000001c06896a6e0, 0x000001c06896aae0]

GC Heap History (6 events):
Event: 2.117 GC heap before
{Heap before GC invocations=1 (full 0):
 PSYoungGen      total 29696K, used 25600K [0x00000000d5580000, 0x00000000d7680000, 0x0000000100000000)
  eden space 25600K, 100% used [0x00000000d5580000,0x00000000d6e80000,0x00000000d6e80000)
  from space 4096K, 0% used [0x00000000d7280000,0x00000000d7280000,0x00000000d7680000)
  to   space 4096K, 0% used [0x00000000d6e80000,0x00000000d6e80000,0x00000000d7280000)
 ParOldGen       total 68608K, used 0K [0x0000000080000000, 0x0000000084300000, 0x00000000d5580000)
  object space 68608K, 0% used [0x0000000080000000,0x0000000080000000,0x0000000084300000)
 Metaspace       used 4338K, committed 4608K, reserved 1114112K
  class space    used 472K, committed 576K, reserved 1048576K
}
Event: 2.126 GC heap after
{Heap after GC invocations=1 (full 0):
 PSYoungGen      total 29696K, used 3287K [0x00000000d5580000, 0x00000000d7680000, 0x0000000100000000)
  eden space 25600K, 0% used [0x00000000d5580000,0x00000000d5580000,0x00000000d6e80000)
  from space 4096K, 80% used [0x00000000d6e80000,0x00000000d71b5ea8,0x00000000d7280000)
  to   space 4096K, 0% used [0x00000000d7280000,0x00000000d7280000,0x00000000d7680000)
 ParOldGen       total 68608K, used 16K [0x0000000080000000, 0x0000000084300000, 0x00000000d5580000)
  object space 68608K, 0% used [0x0000000080000000,0x0000000080004000,0x0000000084300000)
 Metaspace       used 4338K, committed 4608K, reserved 1114112K
  class space    used 472K, committed 576K, reserved 1048576K
}
Event: 3.920 GC heap before
{Heap before GC invocations=2 (full 0):
 PSYoungGen      total 29696K, used 28887K [0x00000000d5580000, 0x00000000d7680000, 0x0000000100000000)
  eden space 25600K, 100% used [0x00000000d5580000,0x00000000d6e80000,0x00000000d6e80000)
  from space 4096K, 80% used [0x00000000d6e80000,0x00000000d71b5ea8,0x00000000d7280000)
  to   space 4096K, 0% used [0x00000000d7280000,0x00000000d7280000,0x00000000d7680000)
 ParOldGen       total 68608K, used 16K [0x0000000080000000, 0x0000000084300000, 0x00000000d5580000)
  object space 68608K, 0% used [0x0000000080000000,0x0000000080004000,0x0000000084300000)
 Metaspace       used 8031K, committed 8320K, reserved 1114112K
  class space    used 832K, committed 960K, reserved 1048576K
}
Event: 3.928 GC heap after
{Heap after GC invocations=2 (full 0):
 PSYoungGen      total 29696K, used 4070K [0x00000000d5580000, 0x00000000d7680000, 0x0000000100000000)
  eden space 25600K, 0% used [0x00000000d5580000,0x00000000d5580000,0x00000000d6e80000)
  from space 4096K, 99% used [0x00000000d7280000,0x00000000d7679820,0x00000000d7680000)
  to   space 4096K, 0% used [0x00000000d6e80000,0x00000000d6e80000,0x00000000d7280000)
 ParOldGen       total 68608K, used 2005K [0x0000000080000000, 0x0000000084300000, 0x00000000d5580000)
  object space 68608K, 2% used [0x0000000080000000,0x00000000801f56b8,0x0000000084300000)
 Metaspace       used 8031K, committed 8320K, reserved 1114112K
  class space    used 832K, committed 960K, reserved 1048576K
}
Event: 4.484 GC heap before
{Heap before GC invocations=3 (full 0):
 PSYoungGen      total 29696K, used 29670K [0x00000000d5580000, 0x00000000d7680000, 0x0000000100000000)
  eden space 25600K, 100% used [0x00000000d5580000,0x00000000d6e80000,0x00000000d6e80000)
  from space 4096K, 99% used [0x00000000d7280000,0x00000000d7679820,0x00000000d7680000)
  to   space 4096K, 0% used [0x00000000d6e80000,0x00000000d6e80000,0x00000000d7280000)
 ParOldGen       total 68608K, used 2005K [0x0000000080000000, 0x0000000084300000, 0x00000000d5580000)
  object space 68608K, 2% used [0x0000000080000000,0x00000000801f56b8,0x0000000084300000)
 Metaspace       used 9458K, committed 9792K, reserved 1114112K
  class space    used 1007K, committed 1152K, reserved 1048576K
}
Event: 4.492 GC heap after
{Heap after GC invocations=3 (full 0):
 PSYoungGen      total 29696K, used 4082K [0x00000000d5580000, 0x00000000d7680000, 0x0000000100000000)
  eden space 25600K, 0% used [0x00000000d5580000,0x00000000d5580000,0x00000000d6e80000)
  from space 4096K, 99% used [0x00000000d6e80000,0x00000000d727cb40,0x00000000d7280000)
  to   space 4096K, 0% used [0x00000000d7280000,0x00000000d7280000,0x00000000d7680000)
 ParOldGen       total 68608K, used 4953K [0x0000000080000000, 0x0000000084300000, 0x00000000d5580000)
  object space 68608K, 7% used [0x0000000080000000,0x00000000804d67a8,0x0000000084300000)
 Metaspace       used 9458K, committed 9792K, reserved 1114112K
  class space    used 1007K, committed 1152K, reserved 1048576K
}

Dll operation events (9 events):
Event: 0.105 Loaded shared library c:\Users\Azra Hanna Razvi\.vscode\extensions\redhat.java-1.55.0-win32-x64\jre\21.0.11-win32-x86_64\bin\java.dll
Event: 0.290 Loaded shared library c:\Users\Azra Hanna Razvi\.vscode\extensions\redhat.java-1.55.0-win32-x64\jre\21.0.11-win32-x86_64\bin\zip.dll
Event: 0.381 Loaded shared library C:\Users\Azra Hanna Razvi\.vscode\extensions\redhat.java-1.55.0-win32-x64\jre\21.0.11-win32-x86_64\bin\instrument.dll
Event: 0.405 Loaded shared library C:\Users\Azra Hanna Razvi\.vscode\extensions\redhat.java-1.55.0-win32-x64\jre\21.0.11-win32-x86_64\bin\net.dll
Event: 0.411 Loaded shared library C:\Users\Azra Hanna Razvi\.vscode\extensions\redhat.java-1.55.0-win32-x64\jre\21.0.11-win32-x86_64\bin\nio.dll
Event: 0.422 Loaded shared library C:\Users\Azra Hanna Razvi\.vscode\extensions\redhat.java-1.55.0-win32-x64\jre\21.0.11-win32-x86_64\bin\zip.dll
Event: 0.467 Loaded shared library C:\Users\Azra Hanna Razvi\.vscode\extensions\redhat.java-1.55.0-win32-x64\jre\21.0.11-win32-x86_64\bin\jimage.dll
Event: 0.732 Loaded shared library c:\Users\Azra Hanna Razvi\.vscode\extensions\redhat.java-1.55.0-win32-x64\jre\21.0.11-win32-x86_64\bin\verify.dll
Event: 4.022 Loaded shared library C:\Users\Azra Hanna Razvi\AppData\Roaming\Code\User\globalStorage\redhat.java\1.55.0\config_win\org.eclipse.equinox.launcher\org.eclipse.equinox.launcher.win32.win32.x86_64_1.3.100.v20260613-0559\eclipse_11924.dll

Deoptimization events (20 events):
Event: 4.259 Thread 0x000001c07bd83ff0 Uncommon trap: trap_request=0xffffffde fr.pc=0x000001c07010a814 relative=0x0000000000000334
Event: 4.259 Thread 0x000001c07bd83ff0 Uncommon trap: reason=class_check action=maybe_recompile pc=0x000001c07010a814 method=java.util.regex.Pattern$BmpCharPropertyGreedy.match(Ljava/util/regex/Matcher;ILjava/lang/CharSequence;)Z @ 26 c2
Event: 4.259 Thread 0x000001c07bd83ff0 DEOPT PACKING pc=0x000001c07010a814 sp=0x0000001615efe210
Event: 4.259 Thread 0x000001c07bd83ff0 DEOPT UNPACKING pc=0x000001c06faf3aa2 sp=0x0000001615efe1a8 mode 2
Event: 4.259 Thread 0x000001c07bd83ff0 Uncommon trap: trap_request=0xffffffde fr.pc=0x000001c07010a814 relative=0x0000000000000334
Event: 4.259 Thread 0x000001c07bd83ff0 Uncommon trap: reason=class_check action=maybe_recompile pc=0x000001c07010a814 method=java.util.regex.Pattern$BmpCharPropertyGreedy.match(Ljava/util/regex/Matcher;ILjava/lang/CharSequence;)Z @ 26 c2
Event: 4.259 Thread 0x000001c07bd83ff0 DEOPT PACKING pc=0x000001c07010a814 sp=0x0000001615efe210
Event: 4.259 Thread 0x000001c07bd83ff0 DEOPT UNPACKING pc=0x000001c06faf3aa2 sp=0x0000001615efe1a8 mode 2
Event: 4.293 Thread 0x000001c07bd83ff0 Uncommon trap: trap_request=0xffffffde fr.pc=0x000001c07010a814 relative=0x0000000000000334
Event: 4.293 Thread 0x000001c07bd83ff0 Uncommon trap: reason=class_check action=maybe_recompile pc=0x000001c07010a814 method=java.util.regex.Pattern$BmpCharPropertyGreedy.match(Ljava/util/regex/Matcher;ILjava/lang/CharSequence;)Z @ 26 c2
Event: 4.293 Thread 0x000001c07bd83ff0 DEOPT PACKING pc=0x000001c07010a814 sp=0x0000001615efe210
Event: 4.293 Thread 0x000001c07bd83ff0 DEOPT UNPACKING pc=0x000001c06faf3aa2 sp=0x0000001615efe1a8 mode 2
Event: 4.293 Thread 0x000001c07bd83ff0 Uncommon trap: trap_request=0xffffffde fr.pc=0x000001c07010a814 relative=0x0000000000000334
Event: 4.293 Thread 0x000001c07bd83ff0 Uncommon trap: reason=class_check action=maybe_recompile pc=0x000001c07010a814 method=java.util.regex.Pattern$BmpCharPropertyGreedy.match(Ljava/util/regex/Matcher;ILjava/lang/CharSequence;)Z @ 26 c2
Event: 4.293 Thread 0x000001c07bd83ff0 DEOPT PACKING pc=0x000001c07010a814 sp=0x0000001615efe210
Event: 4.293 Thread 0x000001c07bd83ff0 DEOPT UNPACKING pc=0x000001c06faf3aa2 sp=0x0000001615efe1a8 mode 2
Event: 4.304 Thread 0x000001c07bd83ff0 Uncommon trap: trap_request=0xffffff45 fr.pc=0x000001c0701082f8 relative=0x0000000000000a18
Event: 4.304 Thread 0x000001c07bd83ff0 Uncommon trap: reason=unstable_if action=reinterpret pc=0x000001c0701082f8 method=java.util.concurrent.ConcurrentHashMap.putVal(Ljava/lang/Object;Ljava/lang/Object;Z)Ljava/lang/Object; @ 148 c2
Event: 4.304 Thread 0x000001c07bd83ff0 DEOPT PACKING pc=0x000001c0701082f8 sp=0x0000001615efe730
Event: 4.304 Thread 0x000001c07bd83ff0 DEOPT UNPACKING pc=0x000001c06faf3aa2 sp=0x0000001615efe6a0 mode 2

Classes loaded (20 events):
Event: 4.222 Loading class sun/util/logging/resources/logging_en
Event: 4.222 Loading class sun/util/logging/resources/logging_en done
Event: 4.222 Loading class sun/util/logging/resources/logging_en
Event: 4.222 Loading class sun/util/logging/resources/logging_en done
Event: 4.223 Loading class sun/util/logging/resources/logging_en_US
Event: 4.223 Loading class sun/util/logging/resources/logging_en_US done
Event: 4.223 Loading class sun/util/logging/resources/logging_en_US
Event: 4.223 Loading class sun/util/logging/resources/logging_en_US done
Event: 4.226 Loading class java/util/Formatter$DateTime
Event: 4.226 Loading class java/util/Formatter$DateTime done
Event: 4.226 Loading class java/util/Formatter$FixedString
Event: 4.227 Loading class java/util/Formatter$FixedString done
Event: 4.228 Loading class java/time/ZonedDateTime$1
Event: 4.228 Loading class java/time/ZonedDateTime$1 done
Event: 4.234 Loading class jdk/internal/module/ModulePatcher$PatchedModuleReader
Event: 4.234 Loading class jdk/internal/module/ModulePatcher$PatchedModuleReader done
Event: 4.247 Loading class sun/text/resources/cldr/FormatData_en
Event: 4.248 Loading class sun/text/resources/cldr/FormatData_en done
Event: 4.248 Loading class sun/text/resources/cldr/FormatData_en_US
Event: 4.248 Loading class sun/text/resources/cldr/FormatData_en_US done

Classes unloaded (0 events):
No events

Classes redefined (0 events):
No events

Internal exceptions (20 events):
Event: 2.134 Thread 0x000001c065382400 Exception <a 'java/lang/ClassNotFoundException'{0x00000000d55ae2b8}: sun/net/www/protocol/c/Handler> (0x00000000d55ae2b8) 
thrown [s\src\hotspot\share\classfile\systemDictionary.cpp, line 313]
Event: 2.134 Thread 0x000001c065382400 Exception <a 'java/lang/ClassNotFoundException'{0x00000000d55af618}: sun/net/www/protocol/c/Handler> (0x00000000d55af618) 
thrown [s\src\hotspot\share\classfile\systemDictionary.cpp, line 313]
Event: 2.135 Thread 0x000001c065382400 Exception <a 'java/lang/ClassNotFoundException'{0x00000000d55b0770}: sun/net/www/protocol/c/Handler> (0x00000000d55b0770) 
thrown [s\src\hotspot\share\classfile\systemDictionary.cpp, line 313]
Event: 2.146 Thread 0x000001c065382400 Exception <a 'java/io/FileNotFoundException'{0x00000000d55dab50}> (0x00000000d55dab50) 
thrown [s\src\hotspot\share\prims\jni.cpp, line 520]
Event: 2.200 Thread 0x000001c065382400 Exception <a 'java/lang/NoSuchMethodError'{0x00000000d574d108}: 'void java.lang.invoke.DirectMethodHandle$Holder.invokeStatic(java.lang.Object, java.lang.Object, java.lang.Object, java.lang.Object)'> (0x00000000d574d108) 
thrown [s\src\hotspot\share\interpreter\linkResolver.cpp, line 773]
Event: 2.528 Thread 0x000001c065382400 Exception <a 'java/lang/NoSuchMethodError'{0x00000000d59fcd50}: 'void java.lang.invoke.DirectMethodHandle$Holder.invokeSpecial(java.lang.Object, java.lang.Object, java.lang.Object)'> (0x00000000d59fcd50) 
thrown [s\src\hotspot\share\interpreter\linkResolver.cpp, line 773]
Event: 3.241 Thread 0x000001c065382400 Exception <a 'java/lang/NoSuchMethodError'{0x00000000d6495168}: 'int java.lang.invoke.DirectMethodHandle$Holder.invokeVirtual(java.lang.Object, java.lang.Object)'> (0x00000000d6495168) 
thrown [s\src\hotspot\share\interpreter\linkResolver.cpp, line 773]
Event: 3.672 Thread 0x000001c065382400 Exception <a 'java/lang/NoSuchMethodError'{0x00000000d6621b18}: 'int java.lang.invoke.DirectMethodHandle$Holder.invokeStaticInit(java.lang.Object, java.lang.Object, java.lang.Object, java.lang.Object)'> (0x00000000d6621b18) 
thrown [s\src\hotspot\share\interpreter\linkResolver.cpp, line 773]
Event: 3.673 Thread 0x000001c065382400 Exception <a 'java/lang/IncompatibleClassChangeError'{0x00000000d662a200}: Found class java.lang.Object, but interface was expected> (0x00000000d662a200) 
thrown [s\src\hotspot\share\interpreter\linkResolver.cpp, line 840]
Event: 3.675 Thread 0x000001c065382400 Exception <a 'java/lang/NoSuchMethodError'{0x00000000d66310d0}: 'void java.lang.invoke.DirectMethodHandle$Holder.invokeStaticInit(java.lang.Object, java.lang.Object)'> (0x00000000d66310d0) 
thrown [s\src\hotspot\share\interpreter\linkResolver.cpp, line 773]
Event: 3.676 Thread 0x000001c065382400 Exception <a 'java/lang/NoSuchMethodError'{0x00000000d663ab88}: 'int java.lang.invoke.DirectMethodHandle$Holder.invokeStaticInit(java.lang.Object, java.lang.Object)'> (0x00000000d663ab88) 
thrown [s\src\hotspot\share\interpreter\linkResolver.cpp, line 773]
Event: 3.733 Thread 0x000001c065382400 Exception <a 'java/lang/NoSuchMethodError'{0x00000000d68aefe8}: 'java.lang.Object java.lang.invoke.DirectMethodHandle$Holder.newInvokeSpecial(java.lang.Object, int, java.lang.Object)'> (0x00000000d68aefe8) 
thrown [s\src\hotspot\share\interpreter\linkResolver.cpp, line 773]
Event: 3.792 Thread 0x000001c065382400 Exception <a 'java/lang/ClassNotFoundException'{0x00000000d6ae2608}: sun/net/www/protocol/plurl/Handler> (0x00000000d6ae2608) 
thrown [s\src\hotspot\share\classfile\systemDictionary.cpp, line 313]
Event: 3.792 Thread 0x000001c065382400 Exception <a 'java/lang/ClassNotFoundException'{0x00000000d6ae3488}: sun/net/www/protocol/plurl/Handler> (0x00000000d6ae3488) 
thrown [s\src\hotspot\share\classfile\systemDictionary.cpp, line 313]
Event: 4.011 Thread 0x000001c065382400 Exception <a 'java/lang/UnsatisfiedLinkError'{0x00000000d569d300}: 'void org.eclipse.equinox.launcher.JNIBridge._update_splash()'> (0x00000000d569d300) 
thrown [s\src\hotspot\share\prims\nativeLookup.cpp, line 415]
Event: 4.054 Thread 0x000001c07bd853a0 Exception <a 'java/lang/NoSuchMethodError'{0x00000000d5961588}: 'void java.lang.invoke.DirectMethodHandle$Holder.invokeInterface(java.lang.Object, java.lang.Object, java.lang.Object)'> (0x00000000d5961588) 
thrown [s\src\hotspot\share\interpreter\linkResolver.cpp, line 773]
Event: 4.171 Thread 0x000001c07bd83ff0 Exception <a 'java/lang/NoSuchMethodError'{0x00000000d5d2fbf8}: 'java.lang.Object java.lang.invoke.DirectMethodHandle$Holder.newInvokeSpecial(java.lang.Object, java.lang.Object, int, java.lang.Object)'> (0x00000000d5d2fbf8) 
thrown [s\src\hotspot\share\interpreter\linkResolver.cpp, line 773]
Event: 4.171 Thread 0x000001c07bd83ff0 Exception <a 'java/lang/NoSuchMethodError'{0x00000000d5d33a28}: 'java.lang.Object java.lang.invoke.DirectMethodHandle$Holder.invokeSpecial(java.lang.Object, java.lang.Object, java.lang.Object, int, java.lang.Object)'> (0x00000000d5d33a28) 
thrown [s\src\hotspot\share\interpreter\linkResolver.cpp, line 773]
Event: 4.188 Thread 0x000001c07bd83ff0 Exception <a 'java/lang/NoClassDefFoundError'{0x00000000d5dda130}: jakarta/servlet/ServletContainerInitializer> (0x00000000d5dda130) 
thrown [s\src\hotspot\share\classfile\systemDictionary.cpp, line 302]
Event: 4.221 Thread 0x000001c07bd83ff0 Exception <a 'java/lang/ClassNotFoundException'{0x00000000d5f35a98}: sun/util/logging/resources/spi/loggingProvider> (0x00000000d5f35a98) 
thrown [s\src\hotspot\share\classfile\systemDictionary.cpp, line 313]

ZGC Phase Switch (0 events):
No events

VM Operations (20 events):
Event: 3.706 Executing non-safepoint VM operation: HandshakeAllThreads (Deoptimize)
Event: 3.706 Executing non-safepoint VM operation: HandshakeAllThreads (Deoptimize) done
Event: 3.717 Executing non-safepoint VM operation: HandshakeAllThreads (Deoptimize)
Event: 3.717 Executing non-safepoint VM operation: HandshakeAllThreads (Deoptimize) done
Event: 3.769 Executing non-safepoint VM operation: HandshakeAllThreads (Deoptimize)
Event: 3.769 Executing non-safepoint VM operation: HandshakeAllThreads (Deoptimize) done
Event: 3.785 Executing non-safepoint VM operation: HandshakeAllThreads (Deoptimize)
Event: 3.785 Executing non-safepoint VM operation: HandshakeAllThreads (Deoptimize) done
Event: 3.920 Executing safepoint VM operation: ParallelGCFailedAllocation (Allocation Failure)
Event: 3.928 Executing safepoint VM operation: ParallelGCFailedAllocation (Allocation Failure) done
Event: 4.204 Executing non-safepoint VM operation: HandshakeAllThreads (Deoptimize)
Event: 4.205 Executing non-safepoint VM operation: HandshakeAllThreads (Deoptimize) done
Event: 4.235 Executing non-safepoint VM operation: HandshakeAllThreads (Deoptimize)
Event: 4.235 Executing non-safepoint VM operation: HandshakeAllThreads (Deoptimize) done
Event: 4.252 Executing non-safepoint VM operation: HandshakeAllThreads (Deoptimize)
Event: 4.252 Executing non-safepoint VM operation: HandshakeAllThreads (Deoptimize) done
Event: 4.303 Executing non-safepoint VM operation: HandshakeAllThreads (Deoptimize)
Event: 4.303 Executing non-safepoint VM operation: HandshakeAllThreads (Deoptimize) done
Event: 4.484 Executing safepoint VM operation: ParallelGCFailedAllocation (Allocation Failure)
Event: 4.492 Executing safepoint VM operation: ParallelGCFailedAllocation (Allocation Failure) done

Memory protections (0 events):
No events

Nmethod flushes (0 events):
No events

Events (15 events):
Event: 0.143 Thread 0x000001c065382400 Thread added: 0x000001c065382400
Event: 0.188 Thread 0x000001c065382400 Thread added: 0x000001c07bd643e0
Event: 0.188 Thread 0x000001c065382400 Thread added: 0x000001c07bd66e30
Event: 0.188 Thread 0x000001c065382400 Thread added: 0x000001c07bd6dba0
Event: 0.188 Thread 0x000001c065382400 Thread added: 0x000001c07bd6e960
Event: 0.189 Thread 0x000001c065382400 Thread added: 0x000001c07bd74d30
Event: 0.189 Thread 0x000001c065382400 Thread added: 0x000001c07bd832d0
Event: 0.189 Thread 0x000001c065382400 Thread added: 0x000001c07bd8c250
Event: 0.189 Thread 0x000001c065382400 Thread added: 0x000001c07bd8d800
Event: 0.394 Thread 0x000001c065382400 Thread added: 0x000001c07bd860c0
Event: 0.997 Thread 0x000001c065382400 Thread added: 0x000001c07bd84d10
Event: 3.694 Thread 0x000001c065382400 Thread added: 0x000001c07bd83960
Event: 4.007 Thread 0x000001c065382400 Thread added: 0x000001c07bd853a0
Event: 4.057 Thread 0x000001c07bd853a0 Thread added: 0x000001c07bd82c40
Event: 4.064 Thread 0x000001c065382400 Thread added: 0x000001c07bd83ff0


Dynamic libraries:
0x00007ff75e450000 - 0x00007ff75e45e000 	c:\Users\Azra Hanna Razvi\.vscode\extensions\redhat.java-1.55.0-win32-x64\jre\21.0.11-win32-x86_64\bin\java.exe
0x00007fff6c7a0000 - 0x00007fff6ca06000 	C:\WINDOWS\SYSTEM32\ntdll.dll
0x00007fff6b990000 - 0x00007fff6ba59000 	C:\WINDOWS\System32\KERNEL32.DLL
0x00007fff69bb0000 - 0x00007fff69faf000 	C:\WINDOWS\System32\KERNELBASE.dll
0x00007fff65c20000 - 0x00007fff65cbf000 	C:\WINDOWS\SYSTEM32\apphelp.dll
0x00007fff6a370000 - 0x00007fff6a4bc000 	C:\WINDOWS\System32\ucrtbase.dll
0x00007fff59220000 - 0x00007fff59238000 	c:\Users\Azra Hanna Razvi\.vscode\extensions\redhat.java-1.55.0-win32-x64\jre\21.0.11-win32-x86_64\bin\jli.dll
0x00007fff6ad20000 - 0x00007fff6aee6000 	C:\WINDOWS\System32\USER32.dll
0x00007fff69fc0000 - 0x00007fff69fe7000 	C:\WINDOWS\System32\win32u.dll
0x00007fff6c560000 - 0x00007fff6c58b000 	C:\WINDOWS\System32\GDI32.dll
0x00007fff69ff0000 - 0x00007fff6a119000 	C:\WINDOWS\System32\gdi32full.dll
0x00007fff69a40000 - 0x00007fff69ae3000 	C:\WINDOWS\System32\msvcp_win.dll
0x00007fff54d20000 - 0x00007fff54fb1000 	C:\WINDOWS\WinSxS\amd64_microsoft.windows.common-controls_6595b64144ccf1df_6.0.26100.8972_none_3e0da176e32f9d4b\COMCTL32.dll
0x00007fff6a4d0000 - 0x00007fff6a579000 	C:\WINDOWS\System32\msvcrt.dll
0x00007fff63bf0000 - 0x00007fff63c0e000 	c:\Users\Azra Hanna Razvi\.vscode\extensions\redhat.java-1.55.0-win32-x64\jre\21.0.11-win32-x86_64\bin\VCRUNTIME140.dll
0x00007fff6aff0000 - 0x00007fff6b022000 	C:\WINDOWS\System32\IMM32.DLL
0x00007fff65d90000 - 0x00007fff65d9c000 	c:\Users\Azra Hanna Razvi\.vscode\extensions\redhat.java-1.55.0-win32-x64\jre\21.0.11-win32-x86_64\bin\vcruntime140_1.dll
0x00007fff01b10000 - 0x00007fff01b9d000 	c:\Users\Azra Hanna Razvi\.vscode\extensions\redhat.java-1.55.0-win32-x64\jre\21.0.11-win32-x86_64\bin\msvcp140.dll
0x00007ffeba7c0000 - 0x00007ffebb562000 	c:\Users\Azra Hanna Razvi\.vscode\extensions\redhat.java-1.55.0-win32-x64\jre\21.0.11-win32-x86_64\bin\server\jvm.dll
0x00007fff6c690000 - 0x00007fff6c74c000 	C:\WINDOWS\System32\ADVAPI32.dll
0x00007fff6ac50000 - 0x00007fff6acfa000 	C:\WINDOWS\System32\sechost.dll
0x00007fff6c2a0000 - 0x00007fff6c3b8000 	C:\WINDOWS\System32\RPCRT4.dll
0x00007fff6c3c0000 - 0x00007fff6c442000 	C:\WINDOWS\System32\WS2_32.dll
0x00007fff69810000 - 0x00007fff6986e000 	C:\WINDOWS\SYSTEM32\POWRPROF.dll
0x00007fff5ad30000 - 0x00007fff5ad3b000 	C:\WINDOWS\SYSTEM32\VERSION.dll
0x00007fff67130000 - 0x00007fff67166000 	C:\WINDOWS\SYSTEM32\WINMM.dll
0x00007fff697f0000 - 0x00007fff69805000 	C:\WINDOWS\SYSTEM32\UMPDC.dll
0x00007fff686a0000 - 0x00007fff686bb000 	C:\WINDOWS\SYSTEM32\kernel.appcore.dll
0x00007fff65d40000 - 0x00007fff65d4a000 	c:\Users\Azra Hanna Razvi\.vscode\extensions\redhat.java-1.55.0-win32-x64\jre\21.0.11-win32-x86_64\bin\jimage.dll
0x00007fff66e70000 - 0x00007fff670b2000 	C:\WINDOWS\SYSTEM32\DBGHELP.DLL
0x00007fff6a590000 - 0x00007fff6a915000 	C:\WINDOWS\System32\combase.dll
0x00007fff6b710000 - 0x00007fff6b7e9000 	C:\WINDOWS\System32\OLEAUT32.dll
0x00007fff670c0000 - 0x00007fff670fb000 	C:\WINDOWS\SYSTEM32\dbgcore.DLL
0x00007fff69af0000 - 0x00007fff69b9c000 	C:\WINDOWS\System32\bcryptPrimitives.dll
0x00007fff63b60000 - 0x00007fff63b6f000 	c:\Users\Azra Hanna Razvi\.vscode\extensions\redhat.java-1.55.0-win32-x64\jre\21.0.11-win32-x86_64\bin\instrument.dll
0x00007fff59040000 - 0x00007fff59060000 	c:\Users\Azra Hanna Razvi\.vscode\extensions\redhat.java-1.55.0-win32-x64\jre\21.0.11-win32-x86_64\bin\java.dll
0x00007fff6ba60000 - 0x00007fff6c1e8000 	C:\WINDOWS\System32\SHELL32.dll
0x00007fff674a0000 - 0x00007fff67d3b000 	C:\WINDOWS\SYSTEM32\windows.storage.dll
0x00007fff6c590000 - 0x00007fff6c689000 	C:\WINDOWS\System32\SHCORE.dll
0x00007fff6aef0000 - 0x00007fff6af56000 	C:\WINDOWS\System32\shlwapi.dll
0x00007fff698d0000 - 0x00007fff698f9000 	C:\WINDOWS\SYSTEM32\profapi.dll
0x00007fff58150000 - 0x00007fff58168000 	c:\Users\Azra Hanna Razvi\.vscode\extensions\redhat.java-1.55.0-win32-x64\jre\21.0.11-win32-x86_64\bin\zip.dll
0x00007fff5c870000 - 0x00007fff5c880000 	C:\Users\Azra Hanna Razvi\.vscode\extensions\redhat.java-1.55.0-win32-x64\jre\21.0.11-win32-x86_64\bin\net.dll
0x00007fff664a0000 - 0x00007fff665c8000 	C:\WINDOWS\SYSTEM32\WINHTTP.dll
0x00007fff68c50000 - 0x00007fff68cbc000 	C:\WINDOWS\system32\mswsock.dll
0x00007fff49020000 - 0x00007fff49036000 	C:\Users\Azra Hanna Razvi\.vscode\extensions\redhat.java-1.55.0-win32-x64\jre\21.0.11-win32-x86_64\bin\nio.dll
0x00007fff5c800000 - 0x00007fff5c810000 	c:\Users\Azra Hanna Razvi\.vscode\extensions\redhat.java-1.55.0-win32-x64\jre\21.0.11-win32-x86_64\bin\verify.dll
0x00007fff36c50000 - 0x00007fff36c95000 	C:\Users\Azra Hanna Razvi\AppData\Roaming\Code\User\globalStorage\redhat.java\1.55.0\config_win\org.eclipse.equinox.launcher\org.eclipse.equinox.launcher.win32.win32.x86_64_1.3.100.v20260613-0559\eclipse_11924.dll
0x00007fff6b7f0000 - 0x00007fff6b989000 	C:\WINDOWS\System32\ole32.dll

JVMTI agents:
c:\Users\Azra Hanna Razvi\.vscode\extensions\redhat.java-1.55.0-win32-x64\lombok\lombok-1.18.39-4050.jar path:c:\Users\Azra Hanna Razvi\.vscode\extensions\redhat.java-1.55.0-win32-x64\jre\21.0.11-win32-x86_64\bin\instrument.dll, loaded, initialized, instrumentlib options:none

dbghelp: loaded successfully - version: 4.0.5 - missing functions: none
symbol engine: initialized successfully - sym options: 0x614 - pdb path: .;c:\Users\Azra Hanna Razvi\.vscode\extensions\redhat.java-1.55.0-win32-x64\jre\21.0.11-win32-x86_64\bin;C:\WINDOWS\SYSTEM32;C:\WINDOWS\WinSxS\amd64_microsoft.windows.common-controls_6595b64144ccf1df_6.0.26100.8972_none_3e0da176e32f9d4b;c:\Users\Azra Hanna Razvi\.vscode\extensions\redhat.java-1.55.0-win32-x64\jre\21.0.11-win32-x86_64\bin\server;C:\Users\Azra Hanna Razvi\AppData\Roaming\Code\User\globalStorage\redhat.java\1.55.0\config_win\org.eclipse.equinox.launcher\org.eclipse.equinox.launcher.win32.win32.x86_64_1.3.100.v20260613-0559

VM Arguments:
jvm_args: --add-modules=ALL-SYSTEM --add-opens=java.base/java.util=ALL-UNNAMED --add-opens=java.base/java.lang=ALL-UNNAMED --add-opens=java.base/sun.nio.fs=ALL-UNNAMED -Declipse.application=org.eclipse.jdt.ls.core.id1 -Dosgi.bundles.defaultStartLevel=4 -Declipse.product=org.eclipse.jdt.ls.core.product -Djava.import.generatesMetadataFilesAtProjectRoot=false -DDetectVMInstallationsJob.disabled=true -Dfile.encoding=utf8 -XX:+UseParallelGC -XX:GCTimeRatio=4 -XX:AdaptiveSizePolicyWeight=90 -Dsun.zip.disableMemoryMapping=true -Xmx2G -Xms100m -Xlog:disable -javaagent:c:\Users\Azra Hanna Razvi\.vscode\extensions\redhat.java-1.55.0-win32-x64\lombok\lombok-1.18.39-4050.jar -XX:+HeapDumpOnOutOfMemoryError -XX:HeapDumpPath=c:\Users\Azra Hanna Razvi\AppData\Roaming\Code\User\workspaceStorage\4c040a763a160ddb3e2cdc2218db0a82\redhat.java -Daether.dependencyCollector.impl=bf 
java_command: c:\Users\Azra Hanna Razvi\.vscode\extensions\redhat.java-1.55.0-win32-x64\server\plugins\org.eclipse.equinox.launcher_1.7.200.v20260619-2039.jar -configuration c:\Users\Azra Hanna Razvi\AppData\Roaming\Code\User\globalStorage\redhat.java\1.55.0\config_win -data c:\Users\Azra Hanna Razvi\AppData\Roaming\Code\User\workspaceStorage\4c040a763a160ddb3e2cdc2218db0a82\redhat.java\jdt_ws --pipe=\\.\pipe\lsp-3cb8e4b507670b1e9318af36607da92b-sock
java_class_path (initial): c:\Users\Azra Hanna Razvi\.vscode\extensions\redhat.java-1.55.0-win32-x64\server\plugins\org.eclipse.equinox.launcher_1.7.200.v20260619-2039.jar
Launcher Type: SUN_STANDARD

[Global flags]
    uintx AdaptiveSizePolicyWeight                 = 90                                        {product} {command line}
     intx CICompilerCount                          = 3                                         {product} {ergonomic}
    uintx GCTimeRatio                              = 4                                         {product} {command line}
     bool HeapDumpOnOutOfMemoryError               = true                                   {manageable} {command line}
    ccstr HeapDumpPath                             = c:\Users\Azra Hanna Razvi\AppData\Roaming\Code\User\workspaceStorage\4c040a763a160ddb3e2cdc2218db0a82\redhat.java         {manageable} {command line}
   size_t InitialHeapSize                          = 104857600                                 {product} {command line}
   size_t MaxHeapSize                              = 2147483648                                {product} {command line}
   size_t MaxNewSize                               = 715653120                                 {product} {ergonomic}
   size_t MinHeapDeltaBytes                        = 524288                                    {product} {ergonomic}
   size_t MinHeapSize                              = 104857600                                 {product} {command line}
   size_t NewSize                                  = 34603008                                  {product} {ergonomic}
    uintx NonNMethodCodeHeapSize                   = 5832780                                {pd product} {ergonomic}
    uintx NonProfiledCodeHeapSize                  = 122912730                              {pd product} {ergonomic}
   size_t OldSize                                  = 70254592                                  {product} {ergonomic}
    uintx ProfiledCodeHeapSize                     = 122912730                              {pd product} {ergonomic}
    uintx ReservedCodeCacheSize                    = 251658240                              {pd product} {ergonomic}
     bool SegmentedCodeCache                       = true                                      {product} {ergonomic}
   size_t SoftMaxHeapSize                          = 2147483648                             {manageable} {ergonomic}
     bool UseCompressedOops                        = true                           {product lp64_product} {ergonomic}
     bool UseLargePagesIndividualAllocation        = false                                  {pd product} {ergonomic}
     bool UseParallelGC                            = true                                      {product} {command line}

Logging:
Log output configuration:
 #0: stdout all=off uptime,level,tags foldmultilines=false
 #1: stderr all=off uptime,level,tags foldmultilines=false

Release file:
JAVA_VERSION="21.0.11" 
MODULES="java.base java.compiler java.datatransfer java.xml java.prefs java.desktop java.instrument java.logging java.management java.security.sasl java.naming java.rmi java.management.rmi java.net.http java.scripting java.security.jgss java.transaction.xa java.sql java.sql.rowset java.xml.crypto java.se java.smartcardio jdk.accessibility jdk.internal.jvmstat jdk.attach jdk.charsets jdk.internal.opt jdk.zipfs jdk.compiler jdk.crypto.ec jdk.crypto.cryptoki jdk.crypto.mscapi jdk.dynalink jdk.internal.ed jdk.editpad jdk.hotspot.agent jdk.httpserver jdk.internal.le jdk.internal.vm.ci jdk.internal.vm.compiler jdk.internal.vm.compiler.management jdk.jartool jdk.javadoc jdk.jcmd jdk.management jdk.management.agent jdk.jconsole jdk.jdeps jdk.jdwp.agent jdk.jdi jdk.jfr jdk.jshell jdk.jsobject jdk.jstatd jdk.localedata jdk.management.jfr jdk.naming.dns jdk.naming.rmi jdk.net jdk.nio.mapmode jdk.random jdk.sctp jdk.security.auth jdk.security.jgss jdk.unsupported jdk.unsupported.desktop jdk.xml.dom" 

Environment Variables:
JAVA_HOME=C:\Program Files\Java\jdk-26.0.1
PATH=C:\Program Files\Common Files\Oracle\Java\javapath;C:\WINDOWS\system32;C:\WINDOWS;C:\WINDOWS\System32\Wbem;C:\WINDOWS\System32\WindowsPowerShell\v1.0\;C:\WINDOWS\System32\OpenSSH\;C:\Program Files\MySQL\MySQL Server 8.0\bin;C:\spring tool for eclipse\sts-5.2.0.RELEASE;C:\Program Files\Java\jdk-26.0.1\bin;C:\Program Files\apache-maven-3.9.16-bin\apache-maven-3.9.16\bin;C:\Users\Azra Hanna Razvi\AppData\Local\Microsoft\WindowsApps;C:\Users\Azra Hanna Razvi\AppData\Local\Programs\Microsoft VS Code\bin;C:\Users\Azra Hanna Razvi\AppData\Local\Programs\Git\cmd;C:\Users\Azra Hanna Razvi\AppData\Local\Programs\DockerDesktop\resources\bin
USERNAME=Azra Hanna Razvi
OS=Windows_NT
PROCESSOR_IDENTIFIER=Intel64 Family 6 Model 142 Stepping 12, GenuineIntel
TMP=C:\Users\AZRAHA~1\AppData\Local\Temp
TEMP=C:\Users\AZRAHA~1\AppData\Local\Temp




Periodic native trim disabled

---------------  S Y S T E M  ---------------

OS:
 Windows 11 , 64 bit Build 26100 (10.0.26100.9168)
OS uptime: 1 days 0:21 hours

CPU: total 4 (initial active 4) (2 cores per cpu, 2 threads per core) family 6 model 142 stepping 12 microcode 0xf0, cx8, cmov, fxsr, ht, mmx, 3dnowpref, sse, sse2, sse3, ssse3, sse4.1, sse4.2, popcnt, lzcnt, tsc, tscinvbit, avx, avx2, aes, erms, clmul, bmi1, bmi2, adx, fma, vzeroupper, clflush, clflushopt, rdtscp, f16c
Processor Information for the first 4 processors :
  Max Mhz: 2601, Current Mhz: 2601, Mhz Limit: 2601

Memory: 4k page, system-wide physical 3690M (217M free)
TotalPageFile size 14954M (AvailPageFile size 0M)
current process WorkingSet (physical memory assigned to process): 111M, peak: 111M
current process commit charge ("private bytes"): 237M, peak: 237M

vm_info: OpenJDK 64-Bit Server VM (21.0.11+10-LTS) for windows-amd64 JRE (21.0.11+10-LTS), built on 2026-04-21T00:00:00Z by "admin" with MS VC++ 17.12 (VS2022)

END.
