#
# There is insufficient memory for the Java Runtime Environment to continue.
# Native memory allocation (malloc) failed to allocate 971696 bytes. Error detail: Chunk::new
# Possible reasons:
#   The system is out of physical RAM or swap space
#   This process is running with CompressedOops enabled, and the Java Heap may be blocking the growth of the native heap
# Possible solutions:
#   Reduce memory load on the system
#   Increase physical memory or swap space
#   Check if swap backing store is full
#   Decrease Java heap size (-Xmx/-Xms)
#   Decrease number of Java threads
#   Decrease Java thread stack sizes (-Xss)
#   Set larger code cache with -XX:ReservedCodeCacheSize=
#   JVM is running with Unscaled Compressed Oops mode in which the Java heap is
#     placed in the first 4GB address space. The Java Heap base address is the
#     maximum limit for the native heap growth. Please use -XX:HeapBaseMinAddress
#     to set the Java Heap base and to place the Java Heap above 4GB virtual address.
# This output file may be truncated or incomplete.
#
#  Out of Memory Error (arena.cpp:168), pid=16100, tid=13840
#
# JRE version: OpenJDK Runtime Environment Temurin-21.0.11+10 (21.0.11+10) (build 21.0.11+10-LTS)
# Java VM: OpenJDK 64-Bit Server VM Temurin-21.0.11+10 (21.0.11+10-LTS, mixed mode, sharing, tiered, compressed oops, compressed class ptrs, parallel gc, windows-amd64)
# No core dump will be written. Minidumps are not enabled by default on client versions of Windows
#

---------------  S U M M A R Y ------------

Command Line: --add-modules=ALL-SYSTEM --add-opens=java.base/java.util=ALL-UNNAMED --add-opens=java.base/java.lang=ALL-UNNAMED --add-opens=java.base/sun.nio.fs=ALL-UNNAMED -Declipse.application=org.eclipse.jdt.ls.core.id1 -Dosgi.bundles.defaultStartLevel=4 -Declipse.product=org.eclipse.jdt.ls.core.product -Djava.import.generatesMetadataFilesAtProjectRoot=false -DDetectVMInstallationsJob.disabled=true -Dfile.encoding=utf8 -XX:+UseParallelGC -XX:GCTimeRatio=4 -XX:AdaptiveSizePolicyWeight=90 -Dsun.zip.disableMemoryMapping=true -Xmx2G -Xms100m -Xlog:disable -javaagent:c:\Users\Azra Hanna Razvi\.vscode\extensions\redhat.java-1.55.0-win32-x64\lombok\lombok-1.18.39-4050.jar -XX:+HeapDumpOnOutOfMemoryError -XX:HeapDumpPath=c:\Users\Azra Hanna Razvi\AppData\Roaming\Code\User\workspaceStorage\4c040a763a160ddb3e2cdc2218db0a82\redhat.java -Daether.dependencyCollector.impl=bf c:\Users\Azra Hanna Razvi\.vscode\extensions\redhat.java-1.55.0-win32-x64\server\plugins\org.eclipse.equinox.launcher_1.7.200.v20260619-2039.jar -configuration c:\Users\Azra Hanna Razvi\AppData\Roaming\Code\User\globalStorage\redhat.java\1.55.0\config_win -data c:\Users\Azra Hanna Razvi\AppData\Roaming\Code\User\workspaceStorage\4c040a763a160ddb3e2cdc2218db0a82\redhat.java\jdt_ws --pipe=\\.\pipe\lsp-adb1a01286a22e81ca4a4e7a3a05a083-sock

Host: Intel(R) Core(TM) i3-10110U CPU @ 2.10GHz, 4 cores, 3G,  Windows 11 , 64 bit Build 26100 (10.0.26100.9168)
Time: Thu Aug 20 15:06:20 2026 India Standard Time elapsed time: 36.013411 seconds (0d 0h 0m 36s)

---------------  T H R E A D  ---------------

Current thread (0x00000234f5247c10):  JavaThread "C2 CompilerThread0" daemon [_thread_in_native, id=13840, stack(0x000000cc7bf00000,0x000000cc7c000000) (1024K)]


Current CompileTask:
C2:36013 5537       4       org.eclipse.osgi.internal.loader.BundleLoader::addExportedProvidersFor (167 bytes)

Stack: [0x000000cc7bf00000,0x000000cc7c000000]
Native frames: (J=compiled Java code, j=interpreted, Vv=VM code, C=native code)
V  [jvm.dll+0x6d7e19]
V  [jvm.dll+0x8b5096]
V  [jvm.dll+0x8b764e]
V  [jvm.dll+0x8b7d33]
V  [jvm.dll+0x284596]
V  [jvm.dll+0xc685d]
V  [jvm.dll+0xc6da1]
V  [jvm.dll+0x2fb4ee]
V  [jvm.dll+0x5fe9a4]
V  [jvm.dll+0x255d67]
V  [jvm.dll+0x25612d]
V  [jvm.dll+0x24e6a0]
V  [jvm.dll+0x24bbe6]
V  [jvm.dll+0x1cb4ae]
V  [jvm.dll+0x25baad]
V  [jvm.dll+0x25a03a]
V  [jvm.dll+0x3f868e]
V  [jvm.dll+0x85fb0d]
V  [jvm.dll+0x6d664d]
C  [ucrtbase.dll+0x2cd30]
C  [KERNEL32.DLL+0x2ccb7]
C  [ntdll.dll+0xaad6c]


---------------  P R O C E S S  ---------------

Threads class SMR info:
_java_thread_list=0x00000234fe6f9a20, length=32, elements={
0x00000234f5351860, 0x00000234f5234520, 0x00000234f5235720, 0x00000234f523ba70,
0x00000234f523c4d0, 0x00000234f523cf30, 0x00000234f5244dc0, 0x00000234f5247c10,
0x00000234f52b9040, 0x00000234fda1bd60, 0x00000234fdb2c2a0, 0x00000234fe2f0d80,
0x00000234fe37c1b0, 0x00000234fd9a6b00, 0x00000234fda3dce0, 0x00000234fe741c60,
0x00000234fe367f80, 0x00000234fe2509c0, 0x00000234fe45d140, 0x00000234fe45c420,
0x00000234fe45d7d0, 0x00000234fe45eb80, 0x00000234fe45f210, 0x00000234fe45de60,
0x00000234fe45cab0, 0x00000234fe45e4f0, 0x00000234ff53f8f0, 0x00000234ff53f260,
0x00000234ff540ca0, 0x00000234ff53ebd0, 0x00000234ff541330, 0x00000234ff53e540
}

Java Threads: ( => current thread )
  0x00000234f5351860 JavaThread "main"                              [_thread_in_Java, id=18444, stack(0x000000cc7b500000,0x000000cc7b600000) (1024K)]
  0x00000234f5234520 JavaThread "Reference Handler"          daemon [_thread_blocked, id=18884, stack(0x000000cc7b900000,0x000000cc7ba00000) (1024K)]
  0x00000234f5235720 JavaThread "Finalizer"                  daemon [_thread_blocked, id=23484, stack(0x000000cc7ba00000,0x000000cc7bb00000) (1024K)]
  0x00000234f523ba70 JavaThread "Signal Dispatcher"          daemon [_thread_blocked, id=18200, stack(0x000000cc7bb00000,0x000000cc7bc00000) (1024K)]
  0x00000234f523c4d0 JavaThread "Attach Listener"            daemon [_thread_blocked, id=5240, stack(0x000000cc7bc00000,0x000000cc7bd00000) (1024K)]
  0x00000234f523cf30 JavaThread "Service Thread"             daemon [_thread_blocked, id=10036, stack(0x000000cc7bd00000,0x000000cc7be00000) (1024K)]
  0x00000234f5244dc0 JavaThread "Monitor Deflation Thread"   daemon [_thread_blocked, id=17472, stack(0x000000cc7be00000,0x000000cc7bf00000) (1024K)]
=>0x00000234f5247c10 JavaThread "C2 CompilerThread0"         daemon [_thread_in_native, id=13840, stack(0x000000cc7bf00000,0x000000cc7c000000) (1024K)]
  0x00000234f52b9040 JavaThread "C1 CompilerThread0"         daemon [_thread_blocked, id=2728, stack(0x000000cc7c000000,0x000000cc7c100000) (1024K)]
  0x00000234fda1bd60 JavaThread "Common-Cleaner"             daemon [_thread_blocked, id=19764, stack(0x000000cc7c100000,0x000000cc7c200000) (1024K)]
  0x00000234fdb2c2a0 JavaThread "Notification Thread"        daemon [_thread_blocked, id=7176, stack(0x000000cc7c200000,0x000000cc7c300000) (1024K)]
  0x00000234fe2f0d80 JavaThread "Active Thread: Equinox Container: 08a64d1e-e2c1-4872-b17b-892ed8ed7ffe"        [_thread_blocked, id=19044, stack(0x000000cc7c600000,0x000000cc7c700000) (1024K)]
  0x00000234fe37c1b0 JavaThread "Refresh Thread: Equinox Container: 08a64d1e-e2c1-4872-b17b-892ed8ed7ffe" daemon [_thread_blocked, id=1716, stack(0x000000cc7c700000,0x000000cc7c800000) (1024K)]
  0x00000234fd9a6b00 JavaThread "Framework Event Dispatcher: Equinox Container: 08a64d1e-e2c1-4872-b17b-892ed8ed7ffe" daemon [_thread_blocked, id=9232, stack(0x000000cc7c800000,0x000000cc7c900000) (1024K)]
  0x00000234fda3dce0 JavaThread "Start Level: Equinox Container: 08a64d1e-e2c1-4872-b17b-892ed8ed7ffe" daemon [_thread_blocked, id=16868, stack(0x000000cc7c900000,0x000000cc7ca00000) (1024K)]
  0x00000234fe741c60 JavaThread "Bundle File Closer"         daemon [_thread_blocked, id=4576, stack(0x000000cc7ca00000,0x000000cc7cb00000) (1024K)]
  0x00000234fe367f80 JavaThread "SCR Component Actor"        daemon [_thread_blocked, id=13616, stack(0x000000cc7cb00000,0x000000cc7cc00000) (1024K)]
  0x00000234fe2509c0 JavaThread "Worker-JM"                         [_thread_blocked, id=22892, stack(0x000000cc7cc00000,0x000000cc7cd00000) (1024K)]
  0x00000234fe45d140 JavaThread "JNA Cleaner"                daemon [_thread_blocked, id=8888, stack(0x000000cc7cd00000,0x000000cc7ce00000) (1024K)]
  0x00000234fe45c420 JavaThread "Worker-0"                          [_thread_blocked, id=2236, stack(0x000000cc7ce00000,0x000000cc7cf00000) (1024K)]
  0x00000234fe45d7d0 JavaThread "Worker-1: Repository registry initialization"        [_thread_in_Java, id=16604, stack(0x000000cc7cf00000,0x000000cc7d000000) (1024K)]
  0x00000234fe45eb80 JavaThread "Worker-2: Building"                [_thread_in_Java, id=20140, stack(0x000000cc7d000000,0x000000cc7d100000) (1024K)]
  0x00000234fe45f210 JavaThread "Java indexing"              daemon [_thread_blocked, id=7388, stack(0x000000cc7b400000,0x000000cc7b500000) (1024K)]
  0x00000234fe45de60 JavaThread "Worker-3: Initialize After Load"        [_thread_in_vm, id=8028, stack(0x000000cc7d100000,0x000000cc7d200000) (1024K)]
  0x00000234fe45cab0 JavaThread "Worker-4"                          [_thread_blocked, id=9764, stack(0x000000cc7d200000,0x000000cc7d300000) (1024K)]
  0x00000234fe45e4f0 JavaThread "Worker-5"                          [_thread_blocked, id=7520, stack(0x000000cc7d500000,0x000000cc7d600000) (1024K)]
  0x00000234ff53f8f0 JavaThread "Thread-1"                   daemon [_thread_in_native, id=19624, stack(0x000000cc7d600000,0x000000cc7d700000) (1024K)]
  0x00000234ff53f260 JavaThread "Thread-2"                   daemon [_thread_in_native, id=9296, stack(0x000000cc7d700000,0x000000cc7d800000) (1024K)]
  0x00000234ff540ca0 JavaThread "Thread-3"                   daemon [_thread_in_native, id=14228, stack(0x000000cc7d800000,0x000000cc7d900000) (1024K)]
  0x00000234ff53ebd0 JavaThread "Thread-4"                   daemon [_thread_in_native, id=21588, stack(0x000000cc7d900000,0x000000cc7da00000) (1024K)]
  0x00000234ff541330 JavaThread "Thread-5"                   daemon [_thread_in_native, id=22464, stack(0x000000cc7da00000,0x000000cc7db00000) (1024K)]
  0x00000234ff53e540 JavaThread "pool-2-thread-1"                   [_thread_blocked, id=12940, stack(0x000000cc7db00000,0x000000cc7dc00000) (1024K)]
Total: 32

Other Threads:
  0x00000234f522f990 VMThread "VM Thread"                           [id=22324, stack(0x000000cc7b800000,0x000000cc7b900000) (1024K)] _threads_hazard_ptr=0x00000234fe6f9a20
  0x00000234f51ccb20 WatcherThread "VM Periodic Task Thread"        [id=2232, stack(0x000000cc7b700000,0x000000cc7b800000) (1024K)]
  0x00000234f5369290 WorkerThread "GC Thread#0"                     [id=14776, stack(0x000000cc7b600000,0x000000cc7b700000) (1024K)]
  0x00000234fdcf76c0 WorkerThread "GC Thread#1"                     [id=3888, stack(0x000000cc7c300000,0x000000cc7c400000) (1024K)]
  0x00000234fdd1fbc0 WorkerThread "GC Thread#2"                     [id=19984, stack(0x000000cc7c400000,0x000000cc7c500000) (1024K)]
  0x00000234fddd11d0 WorkerThread "GC Thread#3"                     [id=9892, stack(0x000000cc7c500000,0x000000cc7c600000) (1024K)]
Total: 6

Threads with active compile tasks:
C2 CompilerThread0  36091 5537       4       org.eclipse.osgi.internal.loader.BundleLoader::addExportedProvidersFor (167 bytes)
Total: 1

VM state: synchronizing (normal execution)

VM Mutex/Monitor currently owned by a thread:  ([mutex/lock_event])
[0x00007ffebb47f570] Threads_lock - owner thread: 0x00000234f522f990
[0x00007ffebb47f670] Heap_lock - owner thread: 0x00000234fe45eb80

Heap address: 0x0000000080000000, size: 2048 MB, Compressed Oops mode: 32-bit

CDS archive(s) mapped at: [0x000002348f000000-0x000002348fba0000-0x000002348fba0000), size 12189696, SharedBaseAddress: 0x000002348f000000, ArchiveRelocationMode: 1.
Compressed class space mapped at: 0x0000023490000000-0x00000234d0000000, reserved size: 1073741824
Narrow klass base: 0x000002348f000000, Narrow klass shift: 0, Narrow klass range: 0x100000000

GC Precious Log:
 CardTable entry size: 512
 CPUs: 4 total, 4 available
 Memory: 3690M
 Large Page Support: Disabled
 NUMA Support: Disabled
 Compressed Oops: Enabled (32-bit)
 Alignments: Space 512K, Generation 512K, Heap 2M
 Heap Min Capacity: 100M
 Heap Initial Capacity: 100M
 Heap Max Capacity: 2G
 Pre-touch: Disabled
 Parallel Workers: 4

Heap:
 PSYoungGen      total 24064K, used 24064K [0x00000000d5580000, 0x00000000d7300000, 0x0000000100000000)
  eden space 22016K, 100% used [0x00000000d5580000,0x00000000d6b00000,0x00000000d6b00000)
  from space 2048K, 100% used [0x00000000d6c80000,0x00000000d6e80000,0x00000000d6e80000)
  to   space 4096K, 1% used [0x00000000d6f00000,0x00000000d6f10000,0x00000000d7300000)
 ParOldGen       total 68608K, used 20091K [0x0000000080000000, 0x0000000084300000, 0x00000000d5580000)
  object space 68608K, 29% used [0x0000000080000000,0x00000000813a0e68,0x0000000084300000)
 Metaspace       used 41504K, committed 42688K, reserved 1114112K
  class space    used 4412K, committed 4928K, reserved 1048576K

Card table byte_map: [0x00000234f4ce0000,0x00000234f50f0000] _byte_map_base: 0x00000234f48e0000

Marking Bits: (ParMarkBitMap*) 0x00007ffebb484460
 Begin Bits: [0x00000234f87f0000, 0x00000234fa7f0000)
 End Bits:   [0x00000234fa7f0000, 0x00000234fc7f0000)

Polling page: 0x00000234f34e0000

Metaspace:

Usage:
  Non-class:     36.22 MB used.
      Class:      4.31 MB used.
       Both:     40.53 MB used.

Virtual space:
  Non-class space:       64.00 MB reserved,      36.88 MB ( 58%) committed,  1 nodes.
      Class space:        1.00 GB reserved,       4.81 MB ( <1%) committed,  1 nodes.
             Both:        1.06 GB reserved,      41.69 MB (  4%) committed. 

Chunk freelists:
   Non-Class:  10.66 MB
       Class:  11.11 MB
        Both:  21.77 MB

MaxMetaspaceSize: unlimited
CompressedClassSpaceSize: 1.00 GB
Initial GC threshold: 21.00 MB
Current GC threshold: 58.38 MB
CDS: on
 - commit_granule_bytes: 65536.
 - commit_granule_words: 8192.
 - virtual_space_node_default_size: 8388608.
 - enlarge_chunks_in_place: 1.
 - use_allocation_guard: 0.


Internal statistics:

num_allocs_failed_limit: 6.
num_arena_births: 946.
num_arena_deaths: 14.
num_vsnodes_births: 2.
num_vsnodes_deaths: 0.
num_space_committed: 667.
num_space_uncommitted: 0.
num_chunks_returned_to_freelist: 20.
num_chunks_taken_from_freelist: 2798.
num_chunk_merges: 9.
num_chunk_splits: 1705.
num_chunks_enlarged: 968.
num_inconsistent_stats: 0.

CodeHeap 'non-profiled nmethods': size=120000Kb used=2190Kb max_used=2216Kb free=117809Kb
 bounds [0x0000023487ad0000, 0x0000023487d40000, 0x000002348f000000]
CodeHeap 'profiled nmethods': size=120000Kb used=10382Kb max_used=10510Kb free=109617Kb
 bounds [0x0000023480000000, 0x0000023480a60000, 0x0000023487530000]
CodeHeap 'non-nmethods': size=5760Kb used=1360Kb max_used=1422Kb free=4400Kb
 bounds [0x0000023487530000, 0x00000234877a0000, 0x0000023487ad0000]
CodeCache: size=245760Kb, used=13932Kb, max_used=14148Kb, free=231826Kb
 total_blobs=5670, nmethods=5010, adapters=566, full_count=0
Compilation: enabled, stopped_count=0, restarted_count=0

Compilation events (20 events):
Event: 35.972 Thread 0x00000234f52b9040 nmethod 5585 0x0000023480723410 code [0x00000234807235c0, 0x0000023480723990]
Event: 35.985 Thread 0x00000234f52b9040 5587       3       sun.reflect.annotation.AnnotationParser::parseAnnotations2 (134 bytes)
Event: 35.987 Thread 0x00000234f52b9040 nmethod 5587 0x0000023480176710 code [0x0000023480176a60, 0x0000023480177ad8]
Event: 35.990 Thread 0x00000234f52b9040 5588       3       com.google.inject.internal.DeclaredMembers$$Lambda/0x0000023490351150::apply (5 bytes)
Event: 35.991 Thread 0x00000234f52b9040 nmethod 5588 0x0000023480722e10 code [0x0000023480722fc0, 0x00000234807231b8]
Event: 35.991 Thread 0x00000234f52b9040 5589       3       com.google.inject.internal.DeclaredMembers::lambda$getDeclaredMethods$2 (5 bytes)
Event: 35.991 Thread 0x00000234f52b9040 nmethod 5589 0x0000023480176310 code [0x00000234801764a0, 0x0000023480176620]
Event: 35.992 Thread 0x00000234f52b9040 5590   !   3       java.lang.reflect.Field::declaredAnnotations (82 bytes)
Event: 35.992 Thread 0x00000234f52b9040 nmethod 5590 0x0000023480175990 code [0x0000023480175b80, 0x0000023480176060]
Event: 35.998 Thread 0x00000234f52b9040 5591       3       org.eclipse.jdt.internal.compiler.util.SimpleLookupTable::put (104 bytes)
Event: 35.999 Thread 0x00000234f52b9040 nmethod 5591 0x0000023480174b10 code [0x0000023480174d40, 0x0000023480175648]
Event: 36.000 Thread 0x00000234f52b9040 5592       3       org.eclipse.jdt.internal.core.index.FileIndexLocation::hashCode (8 bytes)
Event: 36.000 Thread 0x00000234f52b9040 nmethod 5592 0x0000023480174410 code [0x00000234801745e0, 0x0000023480174868]
Event: 36.002 Thread 0x00000234f52b9040 5594       3       java.lang.Class::isLocalOrAnonymousClass (5 bytes)
Event: 36.002 Thread 0x00000234f52b9040 nmethod 5594 0x00000234801f6910 code [0x00000234801f6ae0, 0x00000234801f6ce0]
Event: 36.002 Thread 0x00000234f52b9040 5595       3       java.lang.Class::hasEnclosingMethodInfo (17 bytes)
Event: 36.002 Thread 0x00000234f52b9040 nmethod 5595 0x00000234801f6490 code [0x00000234801f6660, 0x00000234801f6820]
Event: 36.005 Thread 0x00000234f52b9040 5596       3       java.net.URI::appendAuthority (232 bytes)
Event: 36.007 Thread 0x00000234f52b9040 nmethod 5596 0x00000234801f4310 code [0x00000234801f4700, 0x00000234801f5be8]
Event: 36.007 Thread 0x00000234f52b9040 5597       3       java.net.URI::appendSchemeSpecificPart (158 bytes)

GC Heap History (20 events):
Event: 28.765 GC heap before
{Heap before GC invocations=8 (full 1):
 PSYoungGen      total 28672K, used 3927K [0x00000000d5580000, 0x00000000d7680000, 0x0000000100000000)
  eden space 24576K, 0% used [0x00000000d5580000,0x00000000d5580000,0x00000000d6d80000)
  from space 4096K, 95% used [0x00000000d6d80000,0x00000000d7155c68,0x00000000d7180000)
  to   space 4608K, 0% used [0x00000000d7200000,0x00000000d7200000,0x00000000d7680000)
 ParOldGen       total 68608K, used 9424K [0x0000000080000000, 0x0000000084300000, 0x00000000d5580000)
  object space 68608K, 13% used [0x0000000080000000,0x00000000809341f8,0x0000000084300000)
 Metaspace       used 20676K, committed 21504K, reserved 1114112K
  class space    used 2204K, committed 2560K, reserved 1048576K
}
Event: 28.849 GC heap after
{Heap after GC invocations=8 (full 1):
 PSYoungGen      total 28672K, used 0K [0x00000000d5580000, 0x00000000d7680000, 0x0000000100000000)
  eden space 24576K, 0% used [0x00000000d5580000,0x00000000d5580000,0x00000000d6d80000)
  from space 4096K, 0% used [0x00000000d6d80000,0x00000000d6d80000,0x00000000d7180000)
  to   space 4608K, 0% used [0x00000000d7200000,0x00000000d7200000,0x00000000d7680000)
 ParOldGen       total 68608K, used 12841K [0x0000000080000000, 0x0000000084300000, 0x00000000d5580000)
  object space 68608K, 18% used [0x0000000080000000,0x0000000080c8a540,0x0000000084300000)
 Metaspace       used 20663K, committed 21504K, reserved 1114112K
  class space    used 2200K, committed 2560K, reserved 1048576K
}
Event: 29.602 GC heap before
{Heap before GC invocations=9 (full 1):
 PSYoungGen      total 28672K, used 24576K [0x00000000d5580000, 0x00000000d7680000, 0x0000000100000000)
  eden space 24576K, 100% used [0x00000000d5580000,0x00000000d6d80000,0x00000000d6d80000)
  from space 4096K, 0% used [0x00000000d6d80000,0x00000000d6d80000,0x00000000d7180000)
  to   space 4608K, 0% used [0x00000000d7200000,0x00000000d7200000,0x00000000d7680000)
 ParOldGen       total 68608K, used 12841K [0x0000000080000000, 0x0000000084300000, 0x00000000d5580000)
  object space 68608K, 18% used [0x0000000080000000,0x0000000080c8a540,0x0000000084300000)
 Metaspace       used 22725K, committed 23616K, reserved 1114112K
  class space    used 2392K, committed 2752K, reserved 1048576K
}
Event: 29.607 GC heap after
{Heap after GC invocations=9 (full 1):
 PSYoungGen      total 27136K, used 2804K [0x00000000d5580000, 0x00000000d7500000, 0x0000000100000000)
  eden space 24064K, 0% used [0x00000000d5580000,0x00000000d5580000,0x00000000d6d00000)
  from space 3072K, 91% used [0x00000000d7200000,0x00000000d74bd378,0x00000000d7500000)
  to   space 3584K, 0% used [0x00000000d6e00000,0x00000000d6e00000,0x00000000d7180000)
 ParOldGen       total 68608K, used 12849K [0x0000000080000000, 0x0000000084300000, 0x00000000d5580000)
  object space 68608K, 18% used [0x0000000080000000,0x0000000080c8c540,0x0000000084300000)
 Metaspace       used 22725K, committed 23616K, reserved 1114112K
  class space    used 2392K, committed 2752K, reserved 1048576K
}
Event: 30.044 GC heap before
{Heap before GC invocations=10 (full 1):
 PSYoungGen      total 27136K, used 26827K [0x00000000d5580000, 0x00000000d7500000, 0x0000000100000000)
  eden space 24064K, 99% used [0x00000000d5580000,0x00000000d6cf58d8,0x00000000d6d00000)
  from space 3072K, 91% used [0x00000000d7200000,0x00000000d74bd378,0x00000000d7500000)
  to   space 3584K, 0% used [0x00000000d6e00000,0x00000000d6e00000,0x00000000d7180000)
 ParOldGen       total 68608K, used 12849K [0x0000000080000000, 0x0000000084300000, 0x00000000d5580000)
  object space 68608K, 18% used [0x0000000080000000,0x0000000080c8c540,0x0000000084300000)
 Metaspace       used 26023K, committed 26880K, reserved 1114112K
  class space    used 2637K, committed 3008K, reserved 1048576K
}
Event: 30.049 GC heap after
{Heap after GC invocations=10 (full 1):
 PSYoungGen      total 27136K, used 3579K [0x00000000d5580000, 0x00000000d7480000, 0x0000000100000000)
  eden space 23552K, 0% used [0x00000000d5580000,0x00000000d5580000,0x00000000d6c80000)
  from space 3584K, 99% used [0x00000000d6e00000,0x00000000d717ed38,0x00000000d7180000)
  to   space 3072K, 0% used [0x00000000d7180000,0x00000000d7180000,0x00000000d7480000)
 ParOldGen       total 68608K, used 12857K [0x0000000080000000, 0x0000000084300000, 0x00000000d5580000)
  object space 68608K, 18% used [0x0000000080000000,0x0000000080c8e540,0x0000000084300000)
 Metaspace       used 26023K, committed 26880K, reserved 1114112K
  class space    used 2637K, committed 3008K, reserved 1048576K
}
Event: 30.977 GC heap before
{Heap before GC invocations=11 (full 1):
 PSYoungGen      total 27136K, used 27131K [0x00000000d5580000, 0x00000000d7480000, 0x0000000100000000)
  eden space 23552K, 100% used [0x00000000d5580000,0x00000000d6c80000,0x00000000d6c80000)
  from space 3584K, 99% used [0x00000000d6e00000,0x00000000d717ed38,0x00000000d7180000)
  to   space 3072K, 0% used [0x00000000d7180000,0x00000000d7180000,0x00000000d7480000)
 ParOldGen       total 68608K, used 12857K [0x0000000080000000, 0x0000000084300000, 0x00000000d5580000)
  object space 68608K, 18% used [0x0000000080000000,0x0000000080c8e540,0x0000000084300000)
 Metaspace       used 28061K, committed 29056K, reserved 1114112K
  class space    used 2818K, committed 3264K, reserved 1048576K
}
Event: 30.985 GC heap after
{Heap after GC invocations=11 (full 1):
 PSYoungGen      total 25600K, used 2504K [0x00000000d5580000, 0x00000000d7400000, 0x0000000100000000)
  eden space 23040K, 0% used [0x00000000d5580000,0x00000000d5580000,0x00000000d6c00000)
  from space 2560K, 97% used [0x00000000d7180000,0x00000000d73f22b0,0x00000000d7400000)
  to   space 3072K, 0% used [0x00000000d6e00000,0x00000000d6e00000,0x00000000d7100000)
 ParOldGen       total 68608K, used 13784K [0x0000000080000000, 0x0000000084300000, 0x00000000d5580000)
  object space 68608K, 20% used [0x0000000080000000,0x0000000080d76380,0x0000000084300000)
 Metaspace       used 28061K, committed 29056K, reserved 1114112K
  class space    used 2818K, committed 3264K, reserved 1048576K
}
Event: 32.211 GC heap before
{Heap before GC invocations=12 (full 1):
 PSYoungGen      total 25600K, used 25544K [0x00000000d5580000, 0x00000000d7400000, 0x0000000100000000)
  eden space 23040K, 100% used [0x00000000d5580000,0x00000000d6c00000,0x00000000d6c00000)
  from space 2560K, 97% used [0x00000000d7180000,0x00000000d73f22b0,0x00000000d7400000)
  to   space 3072K, 0% used [0x00000000d6e00000,0x00000000d6e00000,0x00000000d7100000)
 ParOldGen       total 68608K, used 13785K [0x0000000080000000, 0x0000000084300000, 0x00000000d5580000)
  object space 68608K, 20% used [0x0000000080000000,0x0000000080d766c0,0x0000000084300000)
 Metaspace       used 30842K, committed 31808K, reserved 1114112K
  class space    used 3162K, committed 3584K, reserved 1048576K
}
Event: 32.216 GC heap after
{Heap after GC invocations=12 (full 1):
 PSYoungGen      total 24064K, used 911K [0x00000000d5580000, 0x00000000d7200000, 0x0000000100000000)
  eden space 23040K, 0% used [0x00000000d5580000,0x00000000d5580000,0x00000000d6c00000)
  from space 1024K, 89% used [0x00000000d6e00000,0x00000000d6ee3f38,0x00000000d6f00000)
  to   space 2048K, 0% used [0x00000000d7000000,0x00000000d7000000,0x00000000d7200000)
 ParOldGen       total 68608K, used 16204K [0x0000000080000000, 0x0000000084300000, 0x00000000d5580000)
  object space 68608K, 23% used [0x0000000080000000,0x0000000080fd3268,0x0000000084300000)
 Metaspace       used 30842K, committed 31808K, reserved 1114112K
  class space    used 3162K, committed 3584K, reserved 1048576K
}
Event: 33.041 GC heap before
{Heap before GC invocations=13 (full 1):
 PSYoungGen      total 24064K, used 23951K [0x00000000d5580000, 0x00000000d7200000, 0x0000000100000000)
  eden space 23040K, 100% used [0x00000000d5580000,0x00000000d6c00000,0x00000000d6c00000)
  from space 1024K, 89% used [0x00000000d6e00000,0x00000000d6ee3f38,0x00000000d6f00000)
  to   space 2048K, 0% used [0x00000000d7000000,0x00000000d7000000,0x00000000d7200000)
 ParOldGen       total 68608K, used 16206K [0x0000000080000000, 0x0000000084300000, 0x00000000d5580000)
  object space 68608K, 23% used [0x0000000080000000,0x0000000080fd3840,0x0000000084300000)
 Metaspace       used 33275K, committed 34368K, reserved 1114112K
  class space    used 3422K, committed 3904K, reserved 1048576K
}
Event: 33.048 GC heap after
{Heap after GC invocations=13 (full 1):
 PSYoungGen      total 24064K, used 1522K [0x00000000d5580000, 0x00000000d7180000, 0x0000000100000000)
  eden space 22528K, 0% used [0x00000000d5580000,0x00000000d5580000,0x00000000d6b80000)
  from space 1536K, 99% used [0x00000000d7000000,0x00000000d717c8a8,0x00000000d7180000)
  to   space 2048K, 0% used [0x00000000d6d80000,0x00000000d6d80000,0x00000000d6f80000)
 ParOldGen       total 68608K, used 16997K [0x0000000080000000, 0x0000000084300000, 0x00000000d5580000)
  object space 68608K, 24% used [0x0000000080000000,0x0000000081099788,0x0000000084300000)
 Metaspace       used 33275K, committed 34368K, reserved 1114112K
  class space    used 3422K, committed 3904K, reserved 1048576K
}
Event: 33.788 GC heap before
{Heap before GC invocations=14 (full 1):
 PSYoungGen      total 24064K, used 16748K [0x00000000d5580000, 0x00000000d7180000, 0x0000000100000000)
  eden space 22528K, 67% used [0x00000000d5580000,0x00000000d645eb08,0x00000000d6b80000)
  from space 1536K, 99% used [0x00000000d7000000,0x00000000d717c8a8,0x00000000d7180000)
  to   space 2048K, 0% used [0x00000000d6d80000,0x00000000d6d80000,0x00000000d6f80000)
 ParOldGen       total 68608K, used 16997K [0x0000000080000000, 0x0000000084300000, 0x00000000d5580000)
  object space 68608K, 24% used [0x0000000080000000,0x0000000081099788,0x0000000084300000)
 Metaspace       used 34810K, committed 35840K, reserved 1114112K
  class space    used 3618K, committed 4032K, reserved 1048576K
}
Event: 33.792 GC heap after
{Heap after GC invocations=14 (full 1):
 PSYoungGen      total 23552K, used 736K [0x00000000d5580000, 0x00000000d7080000, 0x0000000100000000)
  eden space 22528K, 0% used [0x00000000d5580000,0x00000000d5580000,0x00000000d6b80000)
  from space 1024K, 71% used [0x00000000d6d80000,0x00000000d6e38000,0x00000000d6e80000)
  to   space 1536K, 0% used [0x00000000d6f00000,0x00000000d6f00000,0x00000000d7080000)
 ParOldGen       total 68608K, used 18314K [0x0000000080000000, 0x0000000084300000, 0x00000000d5580000)
  object space 68608K, 26% used [0x0000000080000000,0x00000000811e2a70,0x0000000084300000)
 Metaspace       used 34810K, committed 35840K, reserved 1114112K
  class space    used 3618K, committed 4032K, reserved 1048576K
}
Event: 33.792 GC heap before
{Heap before GC invocations=15 (full 2):
 PSYoungGen      total 23552K, used 736K [0x00000000d5580000, 0x00000000d7080000, 0x0000000100000000)
  eden space 22528K, 0% used [0x00000000d5580000,0x00000000d5580000,0x00000000d6b80000)
  from space 1024K, 71% used [0x00000000d6d80000,0x00000000d6e38000,0x00000000d6e80000)
  to   space 1536K, 0% used [0x00000000d6f00000,0x00000000d6f00000,0x00000000d7080000)
 ParOldGen       total 68608K, used 18314K [0x0000000080000000, 0x0000000084300000, 0x00000000d5580000)
  object space 68608K, 26% used [0x0000000080000000,0x00000000811e2a70,0x0000000084300000)
 Metaspace       used 34810K, committed 35840K, reserved 1114112K
  class space    used 3618K, committed 4032K, reserved 1048576K
}
Event: 33.859 GC heap after
{Heap after GC invocations=15 (full 2):
 PSYoungGen      total 23552K, used 0K [0x00000000d5580000, 0x00000000d7080000, 0x0000000100000000)
  eden space 22528K, 0% used [0x00000000d5580000,0x00000000d5580000,0x00000000d6b80000)
  from space 1024K, 0% used [0x00000000d6d80000,0x00000000d6d80000,0x00000000d6e80000)
  to   space 1536K, 0% used [0x00000000d6f00000,0x00000000d6f00000,0x00000000d7080000)
 ParOldGen       total 68608K, used 18472K [0x0000000080000000, 0x0000000084300000, 0x00000000d5580000)
  object space 68608K, 26% used [0x0000000080000000,0x000000008120a198,0x0000000084300000)
 Metaspace       used 34810K, committed 35840K, reserved 1114112K
  class space    used 3618K, committed 4032K, reserved 1048576K
}
Event: 34.487 GC heap before
{Heap before GC invocations=16 (full 2):
 PSYoungGen      total 23552K, used 22528K [0x00000000d5580000, 0x00000000d7080000, 0x0000000100000000)
  eden space 22528K, 100% used [0x00000000d5580000,0x00000000d6b80000,0x00000000d6b80000)
  from space 1024K, 0% used [0x00000000d6d80000,0x00000000d6d80000,0x00000000d6e80000)
  to   space 1536K, 0% used [0x00000000d6f00000,0x00000000d6f00000,0x00000000d7080000)
 ParOldGen       total 68608K, used 18472K [0x0000000080000000, 0x0000000084300000, 0x00000000d5580000)
  object space 68608K, 26% used [0x0000000080000000,0x000000008120a198,0x0000000084300000)
 Metaspace       used 37070K, committed 38272K, reserved 1114112K
  class space    used 3884K, committed 4416K, reserved 1048576K
}
Event: 34.493 GC heap after
{Heap after GC invocations=16 (full 2):
 PSYoungGen      total 23552K, used 1524K [0x00000000d5580000, 0x00000000d7080000, 0x0000000100000000)
  eden space 22016K, 0% used [0x00000000d5580000,0x00000000d5580000,0x00000000d6b00000)
  from space 1536K, 99% used [0x00000000d6f00000,0x00000000d707d1d8,0x00000000d7080000)
  to   space 2048K, 0% used [0x00000000d6c80000,0x00000000d6c80000,0x00000000d6e80000)
 ParOldGen       total 68608K, used 18749K [0x0000000080000000, 0x0000000084300000, 0x00000000d5580000)
  object space 68608K, 27% used [0x0000000080000000,0x000000008124f550,0x0000000084300000)
 Metaspace       used 37070K, committed 38272K, reserved 1114112K
  class space    used 3884K, committed 4416K, reserved 1048576K
}
Event: 35.338 GC heap before
{Heap before GC invocations=17 (full 2):
 PSYoungGen      total 23552K, used 23540K [0x00000000d5580000, 0x00000000d7080000, 0x0000000100000000)
  eden space 22016K, 100% used [0x00000000d5580000,0x00000000d6b00000,0x00000000d6b00000)
  from space 1536K, 99% used [0x00000000d6f00000,0x00000000d707d1d8,0x00000000d7080000)
  to   space 2048K, 0% used [0x00000000d6c80000,0x00000000d6c80000,0x00000000d6e80000)
 ParOldGen       total 68608K, used 18749K [0x0000000080000000, 0x0000000084300000, 0x00000000d5580000)
  object space 68608K, 27% used [0x0000000080000000,0x000000008124f550,0x0000000084300000)
 Metaspace       used 39487K, committed 40704K, reserved 1114112K
  class space    used 4190K, committed 4672K, reserved 1048576K
}
Event: 35.344 GC heap after
{Heap after GC invocations=17 (full 2):
 PSYoungGen      total 24064K, used 2048K [0x00000000d5580000, 0x00000000d7300000, 0x0000000100000000)
  eden space 22016K, 0% used [0x00000000d5580000,0x00000000d5580000,0x00000000d6b00000)
  from space 2048K, 100% used [0x00000000d6c80000,0x00000000d6e80000,0x00000000d6e80000)
  to   space 4096K, 0% used [0x00000000d6f00000,0x00000000d6f00000,0x00000000d7300000)
 ParOldGen       total 68608K, used 20043K [0x0000000080000000, 0x0000000084300000, 0x00000000d5580000)
  object space 68608K, 29% used [0x0000000080000000,0x0000000081392e68,0x0000000084300000)
 Metaspace       used 39487K, committed 40704K, reserved 1114112K
  class space    used 4190K, committed 4672K, reserved 1048576K
}

Dll operation events (10 events):
Event: 0.056 Loaded shared library c:\Users\Azra Hanna Razvi\.vscode\extensions\redhat.java-1.55.0-win32-x64\jre\21.0.11-win32-x86_64\bin\java.dll
Event: 0.826 Loaded shared library c:\Users\Azra Hanna Razvi\.vscode\extensions\redhat.java-1.55.0-win32-x64\jre\21.0.11-win32-x86_64\bin\zip.dll
Event: 0.916 Loaded shared library C:\Users\Azra Hanna Razvi\.vscode\extensions\redhat.java-1.55.0-win32-x64\jre\21.0.11-win32-x86_64\bin\instrument.dll
Event: 0.931 Loaded shared library C:\Users\Azra Hanna Razvi\.vscode\extensions\redhat.java-1.55.0-win32-x64\jre\21.0.11-win32-x86_64\bin\net.dll
Event: 0.939 Loaded shared library C:\Users\Azra Hanna Razvi\.vscode\extensions\redhat.java-1.55.0-win32-x64\jre\21.0.11-win32-x86_64\bin\nio.dll
Event: 0.953 Loaded shared library C:\Users\Azra Hanna Razvi\.vscode\extensions\redhat.java-1.55.0-win32-x64\jre\21.0.11-win32-x86_64\bin\zip.dll
Event: 1.153 Loaded shared library C:\Users\Azra Hanna Razvi\.vscode\extensions\redhat.java-1.55.0-win32-x64\jre\21.0.11-win32-x86_64\bin\jimage.dll
Event: 2.607 Loaded shared library c:\Users\Azra Hanna Razvi\.vscode\extensions\redhat.java-1.55.0-win32-x64\jre\21.0.11-win32-x86_64\bin\verify.dll
Event: 8.813 Loaded shared library C:\Users\Azra Hanna Razvi\AppData\Roaming\Code\User\globalStorage\redhat.java\1.55.0\config_win\org.eclipse.equinox.launcher\org.eclipse.equinox.launcher.win32.win32.x86_64_1.3.100.v20260613-0559\eclipse_11924.dll
Event: 25.807 Loaded shared library C:\Users\Azra Hanna Razvi\AppData\Local\Temp\jna-303038702\jna1261138895605358588.dll

Deoptimization events (20 events):
Event: 34.786 Thread 0x00000234ff540ca0 Uncommon trap: trap_request=0xffffffde fr.pc=0x0000023487af4db8 relative=0x00000000000003b8
Event: 34.786 Thread 0x00000234ff540ca0 Uncommon trap: reason=class_check action=maybe_recompile pc=0x0000023487af4db8 method=java.lang.ThreadLocal.set(Ljava/lang/Thread;Ljava/lang/Object;)V @ 22 c2
Event: 34.786 Thread 0x00000234ff540ca0 DEOPT PACKING pc=0x0000023487af4db8 sp=0x000000cc7d8ff000
Event: 34.786 Thread 0x00000234ff53ebd0 Uncommon trap: trap_request=0xffffffde fr.pc=0x0000023487af4db8 relative=0x00000000000003b8
Event: 34.786 Thread 0x00000234ff540ca0 DEOPT UNPACKING pc=0x0000023487583aa2 sp=0x000000cc7d8fef48 mode 2
Event: 34.786 Thread 0x00000234ff53ebd0 Uncommon trap: reason=class_check action=maybe_recompile pc=0x0000023487af4db8 method=java.lang.ThreadLocal.set(Ljava/lang/Thread;Ljava/lang/Object;)V @ 22 c2
Event: 34.786 Thread 0x00000234ff53ebd0 DEOPT PACKING pc=0x0000023487af4db8 sp=0x000000cc7d9ff500
Event: 34.786 Thread 0x00000234ff53ebd0 DEOPT UNPACKING pc=0x0000023487583aa2 sp=0x000000cc7d9ff448 mode 2
Event: 35.253 Thread 0x00000234fe45cab0 Uncommon trap: trap_request=0xffffff45 fr.pc=0x0000023487b03100 relative=0x0000000000000380
Event: 35.290 Thread 0x00000234fe45cab0 Uncommon trap: reason=unstable_if action=reinterpret pc=0x0000023487b03100 method=com.google.gson.stream.JsonReader.doPeek()I @ 44 c2
Event: 35.293 Thread 0x00000234fe45cab0 DEOPT PACKING pc=0x0000023487b03100 sp=0x000000cc7d2ff0c0
Event: 35.293 Thread 0x00000234fe45cab0 DEOPT UNPACKING pc=0x0000023487583aa2 sp=0x000000cc7d2ff040 mode 2
Event: 35.301 Thread 0x00000234fe45cab0 Uncommon trap: trap_request=0xffffff45 fr.pc=0x0000023487b2514c relative=0x00000000000000ac
Event: 35.301 Thread 0x00000234fe45cab0 Uncommon trap: reason=unstable_if action=reinterpret pc=0x0000023487b2514c method=com.google.gson.stream.JsonReader.peek()Lcom/google/gson/stream/JsonToken; @ 15 c2
Event: 35.301 Thread 0x00000234fe45cab0 DEOPT PACKING pc=0x0000023487b2514c sp=0x000000cc7d2ff220
Event: 35.301 Thread 0x00000234fe45cab0 DEOPT UNPACKING pc=0x0000023487583aa2 sp=0x000000cc7d2ff1a8 mode 2
Event: 35.839 Thread 0x00000234fe45eb80 Uncommon trap: trap_request=0xffffff45 fr.pc=0x0000023487b59580 relative=0x00000000000001c0
Event: 35.839 Thread 0x00000234fe45eb80 Uncommon trap: reason=unstable_if action=reinterpret pc=0x0000023487b59580 method=jdk.internal.jrtfs.JrtPath.normalize(Ljava/lang/String;)Ljava/lang/String; @ 78 c2
Event: 35.839 Thread 0x00000234fe45eb80 DEOPT PACKING pc=0x0000023487b59580 sp=0x000000cc7d0fd070
Event: 35.839 Thread 0x00000234fe45eb80 DEOPT UNPACKING pc=0x0000023487583aa2 sp=0x000000cc7d0fcff0 mode 2

Classes loaded (20 events):
Event: 35.400 Loading class java/nio/file/FileTreeWalker$EventType
Event: 35.400 Loading class java/nio/file/FileTreeWalker$EventType done
Event: 35.401 Loading class java/nio/file/Files$3
Event: 35.401 Loading class java/nio/file/Files$3 done
Event: 35.401 Loading class java/nio/file/FileVisitResult
Event: 35.401 Loading class java/nio/file/FileVisitResult done
Event: 35.536 Loading class sun/reflect/generics/tree/BooleanSignature
Event: 35.536 Loading class sun/reflect/generics/tree/BooleanSignature done
Event: 35.536 Loading class sun/reflect/generics/tree/ArrayTypeSignature
Event: 35.536 Loading class sun/reflect/generics/tree/ArrayTypeSignature done
Event: 35.677 Loading class sun/nio/cs/ThreadLocalCoders
Event: 35.678 Loading class sun/nio/cs/ThreadLocalCoders done
Event: 35.678 Loading class sun/nio/cs/ThreadLocalCoders$1
Event: 35.678 Loading class sun/nio/cs/ThreadLocalCoders$Cache
Event: 35.736 Loading class sun/nio/cs/ThreadLocalCoders$Cache done
Event: 35.738 Loading class sun/nio/cs/ThreadLocalCoders$1 done
Event: 35.740 Loading class sun/nio/cs/ThreadLocalCoders$2
Event: 35.741 Loading class sun/nio/cs/ThreadLocalCoders$2 done
Event: 35.985 Loading class java/util/concurrent/CompletionService
Event: 35.985 Loading class java/util/concurrent/CompletionService done

Classes unloaded (7 events):
Event: 28.775 Thread 0x00000234f522f990 Unloading class 0x00000234901a9400 'java/lang/invoke/LambdaForm$MH+0x00000234901a9400'
Event: 28.775 Thread 0x00000234f522f990 Unloading class 0x00000234901a9000 'java/lang/invoke/LambdaForm$MH+0x00000234901a9000'
Event: 28.775 Thread 0x00000234f522f990 Unloading class 0x00000234901a8c00 'java/lang/invoke/LambdaForm$MH+0x00000234901a8c00'
Event: 28.776 Thread 0x00000234f522f990 Unloading class 0x00000234901a8800 'java/lang/invoke/LambdaForm$MH+0x00000234901a8800'
Event: 28.776 Thread 0x00000234f522f990 Unloading class 0x00000234901a8400 'java/lang/invoke/LambdaForm$BMH+0x00000234901a8400'
Event: 28.776 Thread 0x00000234f522f990 Unloading class 0x00000234901a8000 'java/lang/invoke/LambdaForm$DMH+0x00000234901a8000'
Event: 28.776 Thread 0x00000234f522f990 Unloading class 0x00000234901a6c00 'java/lang/invoke/LambdaForm$DMH+0x00000234901a6c00'

Classes redefined (0 events):
No events

Internal exceptions (20 events):
Event: 33.497 Thread 0x00000234fe45eb80 Exception <a 'sun/nio/fs/WindowsException'{0x00000000d5b27a70}> (0x00000000d5b27a70) 
thrown [s\src\hotspot\share\prims\jni.cpp, line 520]
Event: 33.503 Thread 0x00000234fe45eb80 Exception <a 'java/io/FileNotFoundException'{0x00000000d5b5f168}> (0x00000000d5b5f168) 
thrown [s\src\hotspot\share\prims\jni.cpp, line 520]
Event: 33.690 Thread 0x00000234fda3dce0 Exception <a 'java/io/FileNotFoundException'{0x00000000d619d2f8}> (0x00000000d619d2f8) 
thrown [s\src\hotspot\share\prims\jni.cpp, line 520]
Event: 33.872 Thread 0x00000234fda3dce0 Exception <a 'java/lang/UnsatisfiedLinkError'{0x00000000d5612c00}: The specified procedure could not be found.
> (0x00000000d5612c00) 
thrown [s\src\hotspot\share\prims\jni.cpp, line 539]
Event: 33.909 Thread 0x00000234fe45eb80 Exception <a 'java/lang/NoSuchMethodError'{0x00000000d5671190}: 'int java.lang.invoke.DirectMethodHandle$Holder.invokeStatic(java.lang.Object)'> (0x00000000d5671190) 
thrown [s\src\hotspot\share\interpreter\linkResolver.cpp, line 773]
Event: 33.919 Thread 0x00000234fda3dce0 Exception <a 'java/io/FileNotFoundException'{0x00000000d562ab00}> (0x00000000d562ab00) 
thrown [s\src\hotspot\share\prims\jni.cpp, line 520]
Event: 33.957 Thread 0x00000234fda3dce0 Exception <a 'java/io/FileNotFoundException'{0x00000000d5a11e50}> (0x00000000d5a11e50) 
thrown [s\src\hotspot\share\prims\jni.cpp, line 520]
Event: 33.971 Thread 0x00000234fda3dce0 Exception <a 'java/lang/UnsatisfiedLinkError'{0x00000000d5ad8478}: The specified procedure could not be found.
> (0x00000000d5ad8478) 
thrown [s\src\hotspot\share\prims\jni.cpp, line 539]
Event: 33.998 Thread 0x00000234fe45eb80 Exception <a 'java/io/FileNotFoundException'{0x00000000d5b76630}> (0x00000000d5b76630) 
thrown [s\src\hotspot\share\prims\jni.cpp, line 520]
Event: 33.999 Thread 0x00000234fe45eb80 Exception <a 'java/io/FileNotFoundException'{0x00000000d5b77948}> (0x00000000d5b77948) 
thrown [s\src\hotspot\share\prims\jni.cpp, line 520]
Event: 33.999 Thread 0x00000234fe45eb80 Exception <a 'java/io/FileNotFoundException'{0x00000000d5b789b8}> (0x00000000d5b789b8) 
thrown [s\src\hotspot\share\prims\jni.cpp, line 520]
Event: 34.321 Thread 0x00000234fe45cab0 Exception <a 'java/lang/NoSuchMethodError'{0x00000000d6976f18}: 'void java.lang.invoke.DirectMethodHandle$Holder.invokeStaticInit(java.lang.Object, java.lang.Object, java.lang.Object, java.lang.Object)'> (0x00000000d6976f18) 
thrown [s\src\hotspot\share\interpreter\linkResolver.cpp, line 773]
Event: 34.557 Thread 0x00000234f5351860 Exception <a 'java/lang/NoSuchMethodError'{0x00000000d5780950}: 'java.lang.Object java.lang.invoke.DirectMethodHandle$Holder.invokeStatic(java.lang.Object, long, java.lang.Object)'> (0x00000000d5780950) 
thrown [s\src\hotspot\share\interpreter\linkResolver.cpp, line 773]
Event: 34.559 Thread 0x00000234f5351860 Exception <a 'java/lang/NoSuchMethodError'{0x00000000d5784238}: 'java.lang.Object java.lang.invoke.DirectMethodHandle$Holder.invokeStaticInit(java.lang.Object, long, java.lang.Object)'> (0x00000000d5784238) 
thrown [s\src\hotspot\share\interpreter\linkResolver.cpp, line 773]
Event: 34.561 Thread 0x00000234f5351860 Exception <a 'java/lang/NoSuchMethodError'{0x00000000d57c6220}: 'java.lang.Object java.lang.invoke.DirectMethodHandle$Holder.newInvokeSpecial(java.lang.Object, long)'> (0x00000000d57c6220) 
thrown [s\src\hotspot\share\interpreter\linkResolver.cpp, line 773]
Event: 34.589 Thread 0x00000234fe45eb80 Exception <a 'java/lang/NoSuchMethodError'{0x00000000d58f1c40}: 'java.lang.Object java.lang.invoke.DelegatingMethodHandle$Holder.reinvoke_L(java.lang.Object, int, long, java.lang.Object, java.lang.Object, int, java.lang.Object)'> (0x00000000d58f1c40) 
thrown [s\src\hotspot\share\interpreter\linkResolver.cpp, line 773]
Event: 35.928 Thread 0x00000234f5351860 Exception <a 'java/lang/NoSuchMethodError'{0x00000000d6520640}: 'void java.lang.invoke.DirectMethodHandle$Holder.invokeSpecial(java.lang.Object, java.lang.Object, java.lang.Object, java.lang.Object, java.lang.Object, java.lang.Object)'> (0x00000000d6520640) 
thrown [s\src\hotspot\share\interpreter\linkResolver.cpp, line 773]
Event: 35.931 Thread 0x00000234f5351860 Exception <a 'java/lang/IncompatibleClassChangeError'{0x00000000d6528ba0}: Found class java.lang.Object, but interface was expected> (0x00000000d6528ba0) 
thrown [s\src\hotspot\share\interpreter\linkResolver.cpp, line 840]
Event: 35.934 Thread 0x00000234f5351860 Exception <a 'java/lang/IncompatibleClassChangeError'{0x00000000d6529d58}: Found class java.lang.Object, but interface was expected> (0x00000000d6529d58) 
thrown [s\src\hotspot\share\interpreter\linkResolver.cpp, line 840]
Event: 35.988 Thread 0x00000234fe45de60 Exception <a 'sun/nio/fs/WindowsException'{0x00000000d65fb1d8}> (0x00000000d65fb1d8) 
thrown [s\src\hotspot\share\prims\jni.cpp, line 520]

ZGC Phase Switch (0 events):
No events

VM Operations (20 events):
Event: 33.777 Executing non-safepoint VM operation: HandshakeAllThreads (Deoptimize)
Event: 33.777 Executing non-safepoint VM operation: HandshakeAllThreads (Deoptimize) done
Event: 33.778 Executing safepoint VM operation: CollectForMetadataAllocation (Metadata GC Threshold)
Event: 33.860 Executing safepoint VM operation: CollectForMetadataAllocation (Metadata GC Threshold) done
Event: 33.910 Executing non-safepoint VM operation: HandshakeAllThreads (Deoptimize)
Event: 33.926 Executing non-safepoint VM operation: HandshakeAllThreads (Deoptimize) done
Event: 34.227 Executing non-safepoint VM operation: HandshakeAllThreads (Deoptimize)
Event: 34.471 Executing non-safepoint VM operation: HandshakeAllThreads (Deoptimize) done
Event: 34.471 Executing safepoint VM operation: ParallelGCFailedAllocation (Allocation Failure)
Event: 34.493 Executing safepoint VM operation: ParallelGCFailedAllocation (Allocation Failure) done
Event: 34.694 Executing non-safepoint VM operation: HandshakeAllThreads (Deoptimize)
Event: 34.767 Executing non-safepoint VM operation: HandshakeAllThreads (Deoptimize) done
Event: 34.768 Executing non-safepoint VM operation: HandshakeAllThreads (Deoptimize)
Event: 34.788 Executing non-safepoint VM operation: HandshakeAllThreads (Deoptimize) done
Event: 35.215 Executing non-safepoint VM operation: HandshakeAllThreads (Deoptimize)
Event: 35.218 Executing non-safepoint VM operation: HandshakeAllThreads (Deoptimize) done
Event: 35.333 Executing safepoint VM operation: ParallelGCFailedAllocation (Allocation Failure)
Event: 35.344 Executing safepoint VM operation: ParallelGCFailedAllocation (Allocation Failure) done
Event: 35.395 Executing non-safepoint VM operation: HandshakeAllThreads (Deoptimize)
Event: 35.395 Executing non-safepoint VM operation: HandshakeAllThreads (Deoptimize) done

Memory protections (0 events):
No events

Nmethod flushes (20 events):
Event: 33.823 Thread 0x00000234f522f990 flushing  nmethod 0x00000234806d5b90
Event: 33.823 Thread 0x00000234f522f990 flushing  nmethod 0x00000234806d6710
Event: 33.823 Thread 0x00000234f522f990 flushing  nmethod 0x00000234806d6f10
Event: 33.823 Thread 0x00000234f522f990 flushing  nmethod 0x00000234806d7c10
Event: 33.823 Thread 0x00000234f522f990 flushing  nmethod 0x00000234806d8890
Event: 33.823 Thread 0x00000234f522f990 flushing  nmethod 0x00000234806da110
Event: 33.823 Thread 0x00000234f522f990 flushing  nmethod 0x00000234806da910
Event: 33.823 Thread 0x00000234f522f990 flushing  nmethod 0x00000234806eb990
Event: 33.823 Thread 0x00000234f522f990 flushing  nmethod 0x00000234806ff390
Event: 33.823 Thread 0x00000234f522f990 flushing  nmethod 0x0000023480716390
Event: 33.823 Thread 0x00000234f522f990 flushing  nmethod 0x000002348071a710
Event: 33.823 Thread 0x00000234f522f990 flushing  nmethod 0x000002348071dc10
Event: 33.823 Thread 0x00000234f522f990 flushing  nmethod 0x0000023480722e10
Event: 33.823 Thread 0x00000234f522f990 flushing  nmethod 0x000002348072a910
Event: 33.823 Thread 0x00000234f522f990 flushing  nmethod 0x0000023480782010
Event: 33.823 Thread 0x00000234f522f990 flushing osr nmethod 0x000002348079b790
Event: 33.823 Thread 0x00000234f522f990 flushing  nmethod 0x000002348079ef10
Event: 33.823 Thread 0x00000234f522f990 flushing  nmethod 0x00000234807a3a90
Event: 33.823 Thread 0x00000234f522f990 flushing  nmethod 0x00000234807c6290
Event: 33.823 Thread 0x00000234f522f990 flushing  nmethod 0x00000234807c6710

Events (20 events):
Event: 8.695 Thread 0x00000234f5351860 Thread added: 0x00000234fe37c1b0
Event: 8.994 Thread 0x00000234fe37c1b0 Thread added: 0x00000234fd9a6b00
Event: 9.031 Thread 0x00000234f5351860 Thread added: 0x00000234fda3dce0
Event: 15.959 Thread 0x00000234fda3dce0 Thread added: 0x00000234fe741c60
Event: 19.226 Thread 0x00000234fda3dce0 Thread added: 0x00000234fe367f80
Event: 22.014 Thread 0x00000234fda3dce0 Thread added: 0x00000234fe2509c0
Event: 26.054 Thread 0x00000234fda3dce0 Thread added: 0x00000234fe45d140
Event: 26.549 Thread 0x00000234fda3dce0 Thread added: 0x00000234fe45c420
Event: 26.852 Thread 0x00000234fe45c420 Thread added: 0x00000234fe45d7d0
Event: 27.110 Thread 0x00000234fe45d7d0 Thread added: 0x00000234fe45eb80
Event: 32.161 Thread 0x00000234fda3dce0 Thread added: 0x00000234fe45f210
Event: 32.161 Thread 0x00000234fe45c420 Thread added: 0x00000234fe45de60
Event: 33.622 Thread 0x00000234fe45de60 Thread added: 0x00000234fe45cab0
Event: 34.239 Thread 0x00000234fe45c420 Thread added: 0x00000234fe45e4f0
Event: 34.751 Thread 0x00000234f5351860 Thread added: 0x00000234ff53f8f0
Event: 34.753 Thread 0x00000234f5351860 Thread added: 0x00000234ff53f260
Event: 34.753 Thread 0x00000234f5351860 Thread added: 0x00000234ff540ca0
Event: 34.753 Thread 0x00000234f5351860 Thread added: 0x00000234ff53ebd0
Event: 34.754 Thread 0x00000234f5351860 Thread added: 0x00000234ff541330
Event: 34.818 Thread 0x00000234f5351860 Thread added: 0x00000234ff53e540


Dynamic libraries:
0x00007ff75e450000 - 0x00007ff75e45e000 	c:\Users\Azra Hanna Razvi\.vscode\extensions\redhat.java-1.55.0-win32-x64\jre\21.0.11-win32-x86_64\bin\java.exe
0x00007fff6c7a0000 - 0x00007fff6ca06000 	C:\WINDOWS\SYSTEM32\ntdll.dll
0x00007fff6b990000 - 0x00007fff6ba59000 	C:\WINDOWS\System32\KERNEL32.DLL
0x00007fff69bb0000 - 0x00007fff69faf000 	C:\WINDOWS\System32\KERNELBASE.dll
0x00007fff65c20000 - 0x00007fff65cbf000 	C:\WINDOWS\SYSTEM32\apphelp.dll
0x00007fff6a370000 - 0x00007fff6a4bc000 	C:\WINDOWS\System32\ucrtbase.dll
0x00007fff59220000 - 0x00007fff59238000 	c:\Users\Azra Hanna Razvi\.vscode\extensions\redhat.java-1.55.0-win32-x64\jre\21.0.11-win32-x86_64\bin\jli.dll
0x00007fff63bf0000 - 0x00007fff63c0e000 	c:\Users\Azra Hanna Razvi\.vscode\extensions\redhat.java-1.55.0-win32-x64\jre\21.0.11-win32-x86_64\bin\VCRUNTIME140.dll
0x00007fff6ad20000 - 0x00007fff6aee6000 	C:\WINDOWS\System32\USER32.dll
0x00007fff54d20000 - 0x00007fff54fb1000 	C:\WINDOWS\WinSxS\amd64_microsoft.windows.common-controls_6595b64144ccf1df_6.0.26100.8972_none_3e0da176e32f9d4b\COMCTL32.dll
0x00007fff69fc0000 - 0x00007fff69fe7000 	C:\WINDOWS\System32\win32u.dll
0x00007fff6a4d0000 - 0x00007fff6a579000 	C:\WINDOWS\System32\msvcrt.dll
0x00007fff6c560000 - 0x00007fff6c58b000 	C:\WINDOWS\System32\GDI32.dll
0x00007fff69ff0000 - 0x00007fff6a119000 	C:\WINDOWS\System32\gdi32full.dll
0x00007fff69a40000 - 0x00007fff69ae3000 	C:\WINDOWS\System32\msvcp_win.dll
0x00007fff6aff0000 - 0x00007fff6b022000 	C:\WINDOWS\System32\IMM32.DLL
0x00007fff65d90000 - 0x00007fff65d9c000 	c:\Users\Azra Hanna Razvi\.vscode\extensions\redhat.java-1.55.0-win32-x64\jre\21.0.11-win32-x86_64\bin\vcruntime140_1.dll
0x00007fff01b10000 - 0x00007fff01b9d000 	c:\Users\Azra Hanna Razvi\.vscode\extensions\redhat.java-1.55.0-win32-x64\jre\21.0.11-win32-x86_64\bin\msvcp140.dll
0x00007ffeba7c0000 - 0x00007ffebb562000 	c:\Users\Azra Hanna Razvi\.vscode\extensions\redhat.java-1.55.0-win32-x64\jre\21.0.11-win32-x86_64\bin\server\jvm.dll
0x00007fff6c690000 - 0x00007fff6c74c000 	C:\WINDOWS\System32\ADVAPI32.dll
0x00007fff6ac50000 - 0x00007fff6acfa000 	C:\WINDOWS\System32\sechost.dll
0x00007fff6c2a0000 - 0x00007fff6c3b8000 	C:\WINDOWS\System32\RPCRT4.dll
0x00007fff6c3c0000 - 0x00007fff6c442000 	C:\WINDOWS\System32\WS2_32.dll
0x00007fff69810000 - 0x00007fff6986e000 	C:\WINDOWS\SYSTEM32\POWRPROF.dll
0x00007fff67130000 - 0x00007fff67166000 	C:\WINDOWS\SYSTEM32\WINMM.dll
0x00007fff5ad30000 - 0x00007fff5ad3b000 	C:\WINDOWS\SYSTEM32\VERSION.dll
0x00007fff697f0000 - 0x00007fff69805000 	C:\WINDOWS\SYSTEM32\UMPDC.dll
0x00007fff686a0000 - 0x00007fff686bb000 	C:\WINDOWS\SYSTEM32\kernel.appcore.dll
0x00007fff65d40000 - 0x00007fff65d4a000 	c:\Users\Azra Hanna Razvi\.vscode\extensions\redhat.java-1.55.0-win32-x64\jre\21.0.11-win32-x86_64\bin\jimage.dll
0x00007fff66e70000 - 0x00007fff670b2000 	C:\WINDOWS\SYSTEM32\DBGHELP.DLL
0x00007fff6a590000 - 0x00007fff6a915000 	C:\WINDOWS\System32\combase.dll
0x00007fff6b710000 - 0x00007fff6b7e9000 	C:\WINDOWS\System32\OLEAUT32.dll
0x00007fff670c0000 - 0x00007fff670fb000 	C:\WINDOWS\SYSTEM32\dbgcore.DLL
0x00007fff69af0000 - 0x00007fff69b9c000 	C:\WINDOWS\System32\bcryptPrimitives.dll
0x00007fff63b60000 - 0x00007fff63b6f000 	c:\Users\Azra Hanna Razvi\.vscode\extensions\redhat.java-1.55.0-win32-x64\jre\21.0.11-win32-x86_64\bin\instrument.dll
0x00007fff59040000 - 0x00007fff59060000 	c:\Users\Azra Hanna Razvi\.vscode\extensions\redhat.java-1.55.0-win32-x64\jre\21.0.11-win32-x86_64\bin\java.dll
0x00007fff6ba60000 - 0x00007fff6c1e8000 	C:\WINDOWS\System32\SHELL32.dll
0x00007fff674a0000 - 0x00007fff67d3b000 	C:\WINDOWS\SYSTEM32\windows.storage.dll
0x00007fff6c590000 - 0x00007fff6c689000 	C:\WINDOWS\System32\SHCORE.dll
0x00007fff6aef0000 - 0x00007fff6af56000 	C:\WINDOWS\System32\shlwapi.dll
0x00007fff698d0000 - 0x00007fff698f9000 	C:\WINDOWS\SYSTEM32\profapi.dll
0x00007fff58150000 - 0x00007fff58168000 	c:\Users\Azra Hanna Razvi\.vscode\extensions\redhat.java-1.55.0-win32-x64\jre\21.0.11-win32-x86_64\bin\zip.dll
0x00007fff5c870000 - 0x00007fff5c880000 	C:\Users\Azra Hanna Razvi\.vscode\extensions\redhat.java-1.55.0-win32-x64\jre\21.0.11-win32-x86_64\bin\net.dll
0x00007fff664a0000 - 0x00007fff665c8000 	C:\WINDOWS\SYSTEM32\WINHTTP.dll
0x00007fff68c50000 - 0x00007fff68cbc000 	C:\WINDOWS\system32\mswsock.dll
0x00007fff49020000 - 0x00007fff49036000 	C:\Users\Azra Hanna Razvi\.vscode\extensions\redhat.java-1.55.0-win32-x64\jre\21.0.11-win32-x86_64\bin\nio.dll
0x00007fff5c800000 - 0x00007fff5c810000 	c:\Users\Azra Hanna Razvi\.vscode\extensions\redhat.java-1.55.0-win32-x64\jre\21.0.11-win32-x86_64\bin\verify.dll
0x00007fff36c50000 - 0x00007fff36c95000 	C:\Users\Azra Hanna Razvi\AppData\Roaming\Code\User\globalStorage\redhat.java\1.55.0\config_win\org.eclipse.equinox.launcher\org.eclipse.equinox.launcher.win32.win32.x86_64_1.3.100.v20260613-0559\eclipse_11924.dll
0x00007fff6b7f0000 - 0x00007fff6b989000 	C:\WINDOWS\System32\ole32.dll
0x00007fff68f40000 - 0x00007fff68f5b000 	C:\WINDOWS\SYSTEM32\CRYPTSP.dll
0x00007fff68600000 - 0x00007fff68639000 	C:\WINDOWS\system32\rsaenh.dll
0x00007fff68d00000 - 0x00007fff68d32000 	C:\WINDOWS\SYSTEM32\USERENV.dll
0x00007fff698a0000 - 0x00007fff698ca000 	C:\WINDOWS\SYSTEM32\bcrypt.dll
0x00007fff68f60000 - 0x00007fff68f6c000 	C:\WINDOWS\SYSTEM32\CRYPTBASE.dll
0x00007fff680c0000 - 0x00007fff680f3000 	C:\WINDOWS\SYSTEM32\IPHLPAPI.DLL
0x00007fff6b510000 - 0x00007fff6b51a000 	C:\WINDOWS\System32\NSI.dll
0x00007fff0a260000 - 0x00007fff0a2a9000 	C:\Users\Azra Hanna Razvi\AppData\Local\Temp\jna-303038702\jna1261138895605358588.dll
0x00007fff6a580000 - 0x00007fff6a588000 	C:\WINDOWS\System32\PSAPI.DLL
0x00007fff5b470000 - 0x00007fff5b48d000 	C:\WINDOWS\SYSTEM32\dhcpcsvc6.DLL
0x00007fff5b440000 - 0x00007fff5b465000 	C:\WINDOWS\SYSTEM32\dhcpcsvc.DLL

JVMTI agents:
c:\Users\Azra Hanna Razvi\.vscode\extensions\redhat.java-1.55.0-win32-x64\lombok\lombok-1.18.39-4050.jar path:c:\Users\Azra Hanna Razvi\.vscode\extensions\redhat.java-1.55.0-win32-x64\jre\21.0.11-win32-x86_64\bin\instrument.dll, loaded, initialized, instrumentlib options:none

dbghelp: loaded successfully - version: 4.0.5 - missing functions: none
symbol engine: initialized successfully - sym options: 0x614 - pdb path: .;c:\Users\Azra Hanna Razvi\.vscode\extensions\redhat.java-1.55.0-win32-x64\jre\21.0.11-win32-x86_64\bin;C:\WINDOWS\SYSTEM32;C:\WINDOWS\WinSxS\amd64_microsoft.windows.common-controls_6595b64144ccf1df_6.0.26100.8972_none_3e0da176e32f9d4b;c:\Users\Azra Hanna Razvi\.vscode\extensions\redhat.java-1.55.0-win32-x64\jre\21.0.11-win32-x86_64\bin\server;C:\Users\Azra Hanna Razvi\AppData\Roaming\Code\User\globalStorage\redhat.java\1.55.0\config_win\org.eclipse.equinox.launcher\org.eclipse.equinox.launcher.win32.win32.x86_64_1.3.100.v20260613-0559;C:\Users\Azra Hanna Razvi\AppData\Local\Temp\jna-303038702

VM Arguments:
jvm_args: --add-modules=ALL-SYSTEM --add-opens=java.base/java.util=ALL-UNNAMED --add-opens=java.base/java.lang=ALL-UNNAMED --add-opens=java.base/sun.nio.fs=ALL-UNNAMED -Declipse.application=org.eclipse.jdt.ls.core.id1 -Dosgi.bundles.defaultStartLevel=4 -Declipse.product=org.eclipse.jdt.ls.core.product -Djava.import.generatesMetadataFilesAtProjectRoot=false -DDetectVMInstallationsJob.disabled=true -Dfile.encoding=utf8 -XX:+UseParallelGC -XX:GCTimeRatio=4 -XX:AdaptiveSizePolicyWeight=90 -Dsun.zip.disableMemoryMapping=true -Xmx2G -Xms100m -Xlog:disable -javaagent:c:\Users\Azra Hanna Razvi\.vscode\extensions\redhat.java-1.55.0-win32-x64\lombok\lombok-1.18.39-4050.jar -XX:+HeapDumpOnOutOfMemoryError -XX:HeapDumpPath=c:\Users\Azra Hanna Razvi\AppData\Roaming\Code\User\workspaceStorage\4c040a763a160ddb3e2cdc2218db0a82\redhat.java -Daether.dependencyCollector.impl=bf 
java_command: c:\Users\Azra Hanna Razvi\.vscode\extensions\redhat.java-1.55.0-win32-x64\server\plugins\org.eclipse.equinox.launcher_1.7.200.v20260619-2039.jar -configuration c:\Users\Azra Hanna Razvi\AppData\Roaming\Code\User\globalStorage\redhat.java\1.55.0\config_win -data c:\Users\Azra Hanna Razvi\AppData\Roaming\Code\User\workspaceStorage\4c040a763a160ddb3e2cdc2218db0a82\redhat.java\jdt_ws --pipe=\\.\pipe\lsp-adb1a01286a22e81ca4a4e7a3a05a083-sock
java_class_path (initial): c:\Users\Azra Hanna Razvi\.vscode\extensions\redhat.java-1.55.0-win32-x64\server\plugins\org.eclipse.equinox.launcher_1.7.200.v20260619-2039.jar
Launcher Type: SUN_STANDARD

[Global flags]
    uintx AdaptiveSizePolicyWeight                 = 90                                        {product} {command line}
     intx CICompilerCount                          = 3                                         {product} {ergonomic}
    uintx GCTimeRatio                              = 4                                         {product} {command line}
     bool HeapDumpOnOutOfMemoryError               = true                                   {manageable} {command line}
    ccstr HeapDumpPath                             = c:\Users\Azra Hanna Razvi\AppData\Roaming\Code\User\workspaceStorage\4c040a763a160ddb3e2cdc2218db0a82\redhat.java         {manageable} {command line}
   size_t InitialHeapSize                          = 104857600                                 {product} {command line}
   size_t MaxHeapSize                              = 2147483648                                {product} {command line}
   size_t MaxNewSize                               = 715653120                                 {product} {ergonomic}
   size_t MinHeapDeltaBytes                        = 524288                                    {product} {ergonomic}
   size_t MinHeapSize                              = 104857600                                 {product} {command line}
   size_t NewSize                                  = 34603008                                  {product} {ergonomic}
    uintx NonNMethodCodeHeapSize                   = 5832780                                {pd product} {ergonomic}
    uintx NonProfiledCodeHeapSize                  = 122912730                              {pd product} {ergonomic}
   size_t OldSize                                  = 70254592                                  {product} {ergonomic}
    uintx ProfiledCodeHeapSize                     = 122912730                              {pd product} {ergonomic}
    uintx ReservedCodeCacheSize                    = 251658240                              {pd product} {ergonomic}
     bool SegmentedCodeCache                       = true                                      {product} {ergonomic}
   size_t SoftMaxHeapSize                          = 2147483648                             {manageable} {ergonomic}
     bool UseCompressedOops                        = true                           {product lp64_product} {ergonomic}
     bool UseLargePagesIndividualAllocation        = false                                  {pd product} {ergonomic}
     bool UseParallelGC                            = true                                      {product} {command line}

Logging:
Log output configuration:
 #0: stdout all=off uptime,level,tags foldmultilines=false
 #1: stderr all=off uptime,level,tags foldmultilines=false

Release file:
JAVA_VERSION="21.0.11" 
MODULES="java.base java.compiler java.datatransfer java.xml java.prefs java.desktop java.instrument java.logging java.management java.security.sasl java.naming java.rmi java.management.rmi java.net.http java.scripting java.security.jgss java.transaction.xa java.sql java.sql.rowset java.xml.crypto java.se java.smartcardio jdk.accessibility jdk.internal.jvmstat jdk.attach jdk.charsets jdk.internal.opt jdk.zipfs jdk.compiler jdk.crypto.ec jdk.crypto.cryptoki jdk.crypto.mscapi jdk.dynalink jdk.internal.ed jdk.editpad jdk.hotspot.agent jdk.httpserver jdk.internal.le jdk.internal.vm.ci jdk.internal.vm.compiler jdk.internal.vm.compiler.management jdk.jartool jdk.javadoc jdk.jcmd jdk.management jdk.management.agent jdk.jconsole jdk.jdeps jdk.jdwp.agent jdk.jdi jdk.jfr jdk.jshell jdk.jsobject jdk.jstatd jdk.localedata jdk.management.jfr jdk.naming.dns jdk.naming.rmi jdk.net jdk.nio.mapmode jdk.random jdk.sctp jdk.security.auth jdk.security.jgss jdk.unsupported jdk.unsupported.desktop jdk.xml.dom" 

Environment Variables:
JAVA_HOME=C:\Program Files\Java\jdk-26.0.1
PATH=C:\Program Files\Common Files\Oracle\Java\javapath;C:\WINDOWS\system32;C:\WINDOWS;C:\WINDOWS\System32\Wbem;C:\WINDOWS\System32\WindowsPowerShell\v1.0\;C:\WINDOWS\System32\OpenSSH\;C:\Program Files\MySQL\MySQL Server 8.0\bin;C:\spring tool for eclipse\sts-5.2.0.RELEASE;C:\Program Files\Java\jdk-26.0.1\bin;C:\Program Files\apache-maven-3.9.16-bin\apache-maven-3.9.16\bin;C:\Users\Azra Hanna Razvi\AppData\Local\Microsoft\WindowsApps;C:\Users\Azra Hanna Razvi\AppData\Local\Programs\Microsoft VS Code\bin;C:\Users\Azra Hanna Razvi\AppData\Local\Programs\Git\cmd;C:\Users\Azra Hanna Razvi\AppData\Local\Programs\DockerDesktop\resources\bin
USERNAME=Azra Hanna Razvi
OS=Windows_NT
PROCESSOR_IDENTIFIER=Intel64 Family 6 Model 142 Stepping 12, GenuineIntel
TMP=C:\Users\AZRAHA~1\AppData\Local\Temp
TEMP=C:\Users\AZRAHA~1\AppData\Local\Temp




Periodic native trim disabled

---------------  S Y S T E M  ---------------

OS:
 Windows 11 , 64 bit Build 26100 (10.0.26100.9168)
OS uptime: 1 days 0:20 hours

CPU: total 4 (initial active 4) (2 cores per cpu, 2 threads per core) family 6 model 142 stepping 12 microcode 0xf0, cx8, cmov, fxsr, ht, mmx, 3dnowpref, sse, sse2, sse3, ssse3, sse4.1, sse4.2, popcnt, lzcnt, tsc, tscinvbit, avx, avx2, aes, erms, clmul, bmi1, bmi2, adx, fma, vzeroupper, clflush, clflushopt, rdtscp, f16c
Processor Information for the first 4 processors :
  Max Mhz: 2601, Current Mhz: 2601, Mhz Limit: 2601

Memory: 4k page, system-wide physical 3690M (126M free)
TotalPageFile size 14954M (AvailPageFile size 5M)
current process WorkingSet (physical memory assigned to process): 181M, peak: 181M
current process commit charge ("private bytes"): 298M, peak: 301M

vm_info: OpenJDK 64-Bit Server VM (21.0.11+10-LTS) for windows-amd64 JRE (21.0.11+10-LTS), built on 2026-04-21T00:00:00Z by "admin" with MS VC++ 17.12 (VS2022)

END.
