#
# There is insufficient memory for the Java Runtime Environment to continue.
# Native memory allocation (malloc) failed to allocate 65560 bytes. Error detail: Chunk::new
# Possible reasons:
#   The system is out of physical RAM or swap space
#   This process is running with CompressedOops enabled, and the Java Heap may be blocking the growth of the native heap
# Possible solutions:
#   Reduce memory load on the system
#   Increase physical memory or swap space
#   Check if swap backing store is full
#   Decrease Java heap size (-Xmx/-Xms)
#   Decrease number of Java threads
#   Decrease Java thread stack sizes (-Xss)
#   Set larger code cache with -XX:ReservedCodeCacheSize=
#   JVM is running with Unscaled Compressed Oops mode in which the Java heap is
#     placed in the first 4GB address space. The Java Heap base address is the
#     maximum limit for the native heap growth. Please use -XX:HeapBaseMinAddress
#     to set the Java Heap base and to place the Java Heap above 4GB virtual address.
# This output file may be truncated or incomplete.
#
#  Out of Memory Error (arena.cpp:193), pid=5752, tid=16120
#
# JRE version: Java(TM) SE Runtime Environment (26.0.1+8) (build 26.0.1+8-34)
# Java VM: Java HotSpot(TM) 64-Bit Server VM (26.0.1+8-34, mixed mode, sharing, tiered, compressed oops, compressed class ptrs, g1 gc, windows-amd64)
# No core dump will be written. Minidumps are not enabled by default on client versions of Windows
#

---------------  S U M M A R Y ------------

Command Line: --enable-native-access=ALL-UNNAMED -Dclassworlds.conf=C:\Program Files\apache-maven-3.9.16-bin\apache-maven-3.9.16\bin\m2.conf -Dmaven.home=C:\Program Files\apache-maven-3.9.16-bin\apache-maven-3.9.16 -Dlibrary.jansi.path=C:\Program Files\apache-maven-3.9.16-bin\apache-maven-3.9.16\lib\jansi-native -Dmaven.multiModuleProjectDirectory=C:\Microservices\day 1\user-service org.codehaus.plexus.classworlds.launcher.Launcher spring-boot:run

Host: Intel(R) Core(TM) i3-10110U CPU @ 2.10GHz, 4 cores, 3G,  Windows 11 , 64 bit Build 26100 (10.0.26100.9168)
Time: Sat Aug 29 21:38:29 2026 India Standard Time elapsed time: 13.757511 seconds (0d 0h 0m 13s)

---------------  T H R E A D  ---------------

Current thread (0x00000183339651d0):  JavaThread "C2 CompilerThread0" daemon [_thread_in_native, id=16120, stack(0x00000067cd200000,0x00000067cd300000) (1024K)]


Current CompileTask:
C2:13757 5397       4       java.lang.invoke.MethodType::methodType (69 bytes)

Stack: [0x00000067cd200000,0x00000067cd300000]
Native frames: (J=compiled Java code, j=interpreted, Vv=VM code, C=native code)
V  [jvm.dll+0x7d5879]  (no source info available)
V  [jvm.dll+0x7a37dd]  (no source info available)
V  [jvm.dll+0x9b0c10]  (no source info available)
V  [jvm.dll+0x9b3061]  (no source info available)
V  [jvm.dll+0x9b3773]  (no source info available)
V  [jvm.dll+0x30df76]  (no source info available)
V  [jvm.dll+0x11d8a6]  (no source info available)
V  [jvm.dll+0x11dbce]  (no source info available)
V  [jvm.dll+0xf967d]  (no source info available)
V  [jvm.dll+0x6de25d]  (no source info available)
V  [jvm.dll+0x6dce5e]  (no source info available)
V  [jvm.dll+0x6dc4cb]  (no source info available)
V  [jvm.dll+0x6dc4df]  (no source info available)
V  [jvm.dll+0x6dc4df]  (no source info available)
V  [jvm.dll+0x6dc4df]  (no source info available)
V  [jvm.dll+0x6dc4df]  (no source info available)
V  [jvm.dll+0x6dc4df]  (no source info available)
V  [jvm.dll+0x6dc4df]  (no source info available)
V  [jvm.dll+0x6dc4df]  (no source info available)
V  [jvm.dll+0x6dc4df]  (no source info available)
V  [jvm.dll+0x6ee117]  (no source info available)
V  [jvm.dll+0x2da90a]  (no source info available)
V  [jvm.dll+0x2d2da2]  (no source info available)
V  [jvm.dll+0x2d04cd]  (no source info available)
V  [jvm.dll+0x246820]  (no source info available)
V  [jvm.dll+0x2e06dc]  (no source info available)
V  [jvm.dll+0x2de8bd]  (no source info available)
V  [jvm.dll+0x4a3ff1]  (no source info available)
V  [jvm.dll+0x94f649]  (no source info available)
V  [jvm.dll+0x7d7358]  (no source info available)
C  [ucrtbase.dll+0x2cd30]  (no source info available)
C  [KERNEL32.DLL+0x2ccb7]  (no source info available)
C  [ntdll.dll+0xaad6c]  (no source info available)

Lock stack of current Java thread (top to bottom):


---------------  P R O C E S S  ---------------

Threads class SMR info:
_java_thread_list=0x00000183382a8600, length=12, elements={
0x000001831629fd80, 0x0000018333953e20, 0x0000018333956970, 0x0000018333958b90,
0x0000018333959740, 0x000001833395e370, 0x0000018333961aa0, 0x00000183339651d0,
0x0000018333973400, 0x0000018333adb110, 0x0000018333adbd10, 0x000001833859c1e0
}

Java Threads: ( => current thread )
  0x000001831629fd80 JavaThread "main"                              [_thread_in_vm, id=16852, stack(0x00000067cc300000,0x00000067cc400000) (1024K)]
  0x0000018333953e20 JavaThread "Reference Handler"          daemon [_thread_blocked, id=9056, stack(0x00000067ccc00000,0x00000067ccd00000) (1024K)]
  0x0000018333956970 JavaThread "Finalizer"                  daemon [_thread_blocked, id=16656, stack(0x00000067ccd00000,0x00000067cce00000) (1024K)]
  0x0000018333958b90 JavaThread "Signal Dispatcher"          daemon [_thread_blocked, id=18724, stack(0x00000067cce00000,0x00000067ccf00000) (1024K)]
  0x0000018333959740 JavaThread "Attach Listener"            daemon [_thread_blocked, id=2056, stack(0x00000067ccf00000,0x00000067cd000000) (1024K)]
  0x000001833395e370 JavaThread "Service Thread"             daemon [_thread_blocked, id=16504, stack(0x00000067cd000000,0x00000067cd100000) (1024K)]
  0x0000018333961aa0 JavaThread "Monitor Deflation Thread"   daemon [_thread_blocked, id=16280, stack(0x00000067cd100000,0x00000067cd200000) (1024K)]
=>0x00000183339651d0 JavaThread "C2 CompilerThread0"         daemon [_thread_in_native, id=16120, stack(0x00000067cd200000,0x00000067cd300000) (1024K)]
  0x0000018333973400 JavaThread "C1 CompilerThread0"         daemon [_thread_blocked, id=16540, stack(0x00000067cd300000,0x00000067cd400000) (1024K)]
  0x0000018333adb110 JavaThread "Notification Thread"        daemon [_thread_blocked, id=17636, stack(0x00000067cd400000,0x00000067cd500000) (1024K)]
  0x0000018333adbd10 JavaThread "Common-Cleaner"             daemon [_thread_blocked, id=4224, stack(0x00000067cd500000,0x00000067cd600000) (1024K)]
  0x000001833859c1e0 JavaThread "Thread-1"                   daemon [_thread_blocked, id=16220, stack(0x00000067cd900000,0x00000067cda00000) (1024K)]
Total: 12

Other Threads:
  0x0000018333941630 VMThread "VM Thread"                           [id=1484, stack(0x00000067ccb00000,0x00000067ccc00000) (1024K)]
  0x000001833393bbe0 WatcherThread "VM Periodic Task Thread"        [id=18052, stack(0x00000067cca00000,0x00000067ccb00000) (1024K)]
  0x000001831857b4f0 WorkerThread "GC Thread#0"                     [id=4816, stack(0x00000067cc400000,0x00000067cc500000) (1024K)]
  0x0000018333cd2f10 WorkerThread "GC Thread#1"                     [id=9752, stack(0x00000067cd600000,0x00000067cd700000) (1024K)]
  0x0000018338776e60 WorkerThread "GC Thread#2"                     [id=19340, stack(0x00000067cd700000,0x00000067cd800000) (1024K)]
  0x0000018338a07680 WorkerThread "GC Thread#3"                     [id=7928, stack(0x00000067cd800000,0x00000067cd900000) (1024K)]
  0x00000183185872f0 ConcurrentGCThread "G1 Main Marker"            [id=8120, stack(0x00000067cc500000,0x00000067cc600000) (1024K)]
  0x0000018318587e70 WorkerThread "G1 Conc#0"                       [id=10148, stack(0x00000067cc600000,0x00000067cc700000) (1024K)]
  0x00000183185ab2d0 WorkerThread "G1 Refinement Workers#0"         [id=19368, stack(0x00000067cc800000,0x00000067cc900000) (1024K)]
  0x00000183185a8900 ConcurrentGCThread "G1 Refine Control"         [id=20192, stack(0x00000067cc700000,0x00000067cc800000) (1024K)]
  0x00000183185aca90 ConcurrentGCThread "G1 Service"                [id=10428, stack(0x00000067cc900000,0x00000067cca00000) (1024K)]
Total: 11

Threads with active compile tasks:
C2 CompilerThread0  14540 5397       4       java.lang.invoke.MethodType::methodType (69 bytes)
Total: 1

VM state: not at safepoint (normal execution)

VM Mutex/Monitor currently owned by a thread:  ([mutex/lock_event])
[0x00007ff89f44cb08] Metaspace_lock - owner thread: 0x000001831629fd80

Heap address: 0x00000000c6400000, size: 924 MB, Compressed Oops mode: 32-bit

CDS archive(s) mapped at: [0x000000002e000000-0x000000002ede0000-0x000000002ede0000), size 14548992, SharedBaseAddress: 0x000000002e000000, ArchiveRelocationMode: 1.
Compressed class space mapped at: 0x000000002f000000-0x000000006f000000, reserved size: 1073741824
UseCompressedClassPointers 1, UseCompactObjectHeaders 0
Narrow klass pointer bits 32, Max shift 3
Narrow klass base: 0x000000002e000000, Narrow klass shift: 0
Encoding Range: [0x000000002e000000 - 0x000000012e000000), (4294967296 bytes)
Klass Range:    [0x000000002e000000 - 0x000000006f000000), (1090519040 bytes)
Klass ID Range:  [8 - 1090519033) (1090519025)
Protection zone: [0x000000002e000000 - 0x000000002e010000), (65536 bytes)

GC Precious Log:
 CardTable entry size: 512
 Card Set container configuration: InlinePtr #cards 5 size 8 Array Of Cards #cards 10 size 36 Howl #buckets 4 coarsen threshold 1843 Howl Bitmap #cards 512 size 80 coarsen threshold 460 Card regions per heap region 1 cards per card region 2048
 CPUs: 4 total, 4 available
 Memory: 3690M
 Large Page Support: Disabled
 NUMA Support: Disabled
 Compressed Oops: Enabled (32-bit)
 Heap Region Size: 1M
 Heap Min Capacity: 8M
 Heap Initial Capacity: 8M
 Heap Max Capacity: 924M
 Pre-touch: Disabled
 Parallel Workers: 4
 Concurrent Workers: 1
 Concurrent Refinement Workers: 4
 Periodic GC: Disabled

Heap:
 garbage-first heap   total reserved 946176K, committed 95232K, used 30606K [0x00000000c6400000, 0x0000000100000000)
  region size 1M, 1 eden (1M), 7 survivor (7M), 17 old (17M), 6 humongous (6M), 62 free (62M)

Heap Regions: E=young(eden), S=young(survivor), O=old, HS=humongous(starts), HC=humongous(continues), CS=collection set, F=free, TAMS=top-at-mark-start, PB=parsable bottom
|    0|0x00000000c6400000, 0x00000000c6500000, 0x00000000c6500000|100%| O|  |TAMS 0x00000000c6400000| PB 0x00000000c6400000| Untracked |  0
|    1|0x00000000c6500000, 0x00000000c6600000, 0x00000000c6600000|100%| O|  |TAMS 0x00000000c6500000| PB 0x00000000c6500000| Untracked |  0
|    2|0x00000000c6600000, 0x00000000c6700000, 0x00000000c6700000|100%| O|  |TAMS 0x00000000c6600000| PB 0x00000000c6600000| Untracked |  0
|    3|0x00000000c6700000, 0x00000000c6800000, 0x00000000c6800000|100%| O|  |TAMS 0x00000000c6700000| PB 0x00000000c6700000| Untracked |  0
|    4|0x00000000c6800000, 0x00000000c6900000, 0x00000000c6900000|100%| O|  |TAMS 0x00000000c6800000| PB 0x00000000c6800000| Untracked |  0
|    5|0x00000000c6900000, 0x00000000c6a00000, 0x00000000c6a00000|100%| O|  |TAMS 0x00000000c6900000| PB 0x00000000c6900000| Untracked |  0
|    6|0x00000000c6a00000, 0x00000000c6b00000, 0x00000000c6b00000|100%| O|  |TAMS 0x00000000c6a00000| PB 0x00000000c6a00000| Untracked |  0
|    7|0x00000000c6b00000, 0x00000000c6c00000, 0x00000000c6c00000|100%| O|  |TAMS 0x00000000c6b00000| PB 0x00000000c6b00000| Untracked |  0
|    8|0x00000000c6c00000, 0x00000000c6d00000, 0x00000000c6d00000|100%| O|  |TAMS 0x00000000c6c00000| PB 0x00000000c6c00000| Untracked |  0
|    9|0x00000000c6d00000, 0x00000000c6e00000, 0x00000000c6e00000|100%| O|  |TAMS 0x00000000c6d00000| PB 0x00000000c6d00000| Untracked |  0
|   10|0x00000000c6e00000, 0x00000000c6f00000, 0x00000000c6f00000|100%| O|  |TAMS 0x00000000c6e00000| PB 0x00000000c6e00000| Untracked |  0
|   11|0x00000000c6f00000, 0x00000000c7000000, 0x00000000c7000000|100%| O|Cm|TAMS 0x00000000c6f00000| PB 0x00000000c6f00000| Complete  |  0
|   12|0x00000000c7000000, 0x00000000c7100000, 0x00000000c7100000|100%| O|  |TAMS 0x00000000c7000000| PB 0x00000000c7000000| Untracked |  0
|   13|0x00000000c7100000, 0x00000000c7100000, 0x00000000c7200000|  0%| F|  |TAMS 0x00000000c7100000| PB 0x00000000c7100000| Untracked |  0
|   14|0x00000000c7200000, 0x00000000c7200000, 0x00000000c7300000|  0%| F|  |TAMS 0x00000000c7200000| PB 0x00000000c7200000| Untracked |  0
|   15|0x00000000c7300000, 0x00000000c7400000, 0x00000000c7400000|100%|HS|  |TAMS 0x00000000c7300000| PB 0x00000000c7300000| Complete  |  0
|   16|0x00000000c7400000, 0x00000000c7500000, 0x00000000c7500000|100%|HC|  |TAMS 0x00000000c7400000| PB 0x00000000c7400000| Complete  |  0
|   17|0x00000000c7500000, 0x00000000c7600000, 0x00000000c7600000|100%|HC|  |TAMS 0x00000000c7500000| PB 0x00000000c7500000| Complete  |  0
|   18|0x00000000c7600000, 0x00000000c7700000, 0x00000000c7700000|100%|HS|  |TAMS 0x00000000c7600000| PB 0x00000000c7600000| Complete  |  0
|   19|0x00000000c7700000, 0x00000000c7800000, 0x00000000c7800000|100%|HC|  |TAMS 0x00000000c7700000| PB 0x00000000c7700000| Complete  |  0
|   20|0x00000000c7800000, 0x00000000c7900000, 0x00000000c7900000|100%|HC|  |TAMS 0x00000000c7800000| PB 0x00000000c7800000| Complete  |  0
|   21|0x00000000c7900000, 0x00000000c7a00000, 0x00000000c7a00000|100%| O|  |TAMS 0x00000000c7900000| PB 0x00000000c7900000| Untracked |  0
|   22|0x00000000c7a00000, 0x00000000c7b00000, 0x00000000c7b00000|100%| O|  |TAMS 0x00000000c7a00000| PB 0x00000000c7a00000| Untracked |  0
|   23|0x00000000c7b00000, 0x00000000c7be3bc0, 0x00000000c7c00000| 88%| O|  |TAMS 0x00000000c7b00000| PB 0x00000000c7b00000| Untracked |  0
|   24|0x00000000c7c00000, 0x00000000c7c00000, 0x00000000c7d00000|  0%| F|  |TAMS 0x00000000c7c00000| PB 0x00000000c7c00000| Untracked |  0
|   25|0x00000000c7d00000, 0x00000000c7d00000, 0x00000000c7e00000|  0%| F|  |TAMS 0x00000000c7d00000| PB 0x00000000c7d00000| Untracked |  0
|   26|0x00000000c7e00000, 0x00000000c7e00000, 0x00000000c7f00000|  0%| F|  |TAMS 0x00000000c7e00000| PB 0x00000000c7e00000| Untracked |  0
|   27|0x00000000c7f00000, 0x00000000c7f00000, 0x00000000c8000000|  0%| F|  |TAMS 0x00000000c7f00000| PB 0x00000000c7f00000| Untracked |  0
|   28|0x00000000c8000000, 0x00000000c8000000, 0x00000000c8100000|  0%| F|  |TAMS 0x00000000c8000000| PB 0x00000000c8000000| Untracked |  0
|   29|0x00000000c8100000, 0x00000000c8100000, 0x00000000c8200000|  0%| F|  |TAMS 0x00000000c8100000| PB 0x00000000c8100000| Untracked |  0
|   30|0x00000000c8200000, 0x00000000c8200000, 0x00000000c8300000|  0%| F|  |TAMS 0x00000000c8200000| PB 0x00000000c8200000| Untracked |  0
|   31|0x00000000c8300000, 0x00000000c8300000, 0x00000000c8400000|  0%| F|  |TAMS 0x00000000c8300000| PB 0x00000000c8300000| Untracked |  0
|   32|0x00000000c8400000, 0x00000000c8400000, 0x00000000c8500000|  0%| F|  |TAMS 0x00000000c8400000| PB 0x00000000c8400000| Untracked |  0
|   33|0x00000000c8500000, 0x00000000c8600000, 0x00000000c8600000|100%| S|CS|TAMS 0x00000000c8500000| PB 0x00000000c8500000| Complete  |  0
|   34|0x00000000c8600000, 0x00000000c8600000, 0x00000000c8700000|  0%| F|  |TAMS 0x00000000c8600000| PB 0x00000000c8600000| Untracked |  0
|   35|0x00000000c8700000, 0x00000000c8700000, 0x00000000c8800000|  0%| F|  |TAMS 0x00000000c8700000| PB 0x00000000c8700000| Untracked |  0
|   36|0x00000000c8800000, 0x00000000c8800000, 0x00000000c8900000|  0%| F|  |TAMS 0x00000000c8800000| PB 0x00000000c8800000| Untracked |  0
|   37|0x00000000c8900000, 0x00000000c8900000, 0x00000000c8a00000|  0%| F|  |TAMS 0x00000000c8900000| PB 0x00000000c8900000| Untracked |  0
|   38|0x00000000c8a00000, 0x00000000c8b00000, 0x00000000c8b00000|100%| S|CS|TAMS 0x00000000c8a00000| PB 0x00000000c8a00000| Complete  |  0
|   39|0x00000000c8b00000, 0x00000000c8c00000, 0x00000000c8c00000|100%| S|CS|TAMS 0x00000000c8b00000| PB 0x00000000c8b00000| Complete  |  0
|   40|0x00000000c8c00000, 0x00000000c8d00000, 0x00000000c8d00000|100%| S|CS|TAMS 0x00000000c8c00000| PB 0x00000000c8c00000| Complete  |  0
|   41|0x00000000c8d00000, 0x00000000c8e00000, 0x00000000c8e00000|100%| S|CS|TAMS 0x00000000c8d00000| PB 0x00000000c8d00000| Complete  |  0
|   42|0x00000000c8e00000, 0x00000000c8f00000, 0x00000000c8f00000|100%| S|CS|TAMS 0x00000000c8e00000| PB 0x00000000c8e00000| Complete  |  0
|   43|0x00000000c8f00000, 0x00000000c9000000, 0x00000000c9000000|100%| S|CS|TAMS 0x00000000c8f00000| PB 0x00000000c8f00000| Complete  |  0
|   44|0x00000000c9000000, 0x00000000c9000000, 0x00000000c9100000|  0%| F|  |TAMS 0x00000000c9000000| PB 0x00000000c9000000| Untracked |  0
|   45|0x00000000c9100000, 0x00000000c9100000, 0x00000000c9200000|  0%| F|  |TAMS 0x00000000c9100000| PB 0x00000000c9100000| Untracked |  0
|   46|0x00000000c9200000, 0x00000000c9200000, 0x00000000c9300000|  0%| F|  |TAMS 0x00000000c9200000| PB 0x00000000c9200000| Untracked |  0
|   47|0x00000000c9300000, 0x00000000c9300000, 0x00000000c9400000|  0%| F|  |TAMS 0x00000000c9300000| PB 0x00000000c9300000| Untracked |  0
|   48|0x00000000c9400000, 0x00000000c9400000, 0x00000000c9500000|  0%| F|  |TAMS 0x00000000c9400000| PB 0x00000000c9400000| Untracked |  0
|   49|0x00000000c9500000, 0x00000000c9500000, 0x00000000c9600000|  0%| F|  |TAMS 0x00000000c9500000| PB 0x00000000c9500000| Untracked |  0
|   50|0x00000000c9600000, 0x00000000c9600000, 0x00000000c9700000|  0%| F|  |TAMS 0x00000000c9600000| PB 0x00000000c9600000| Untracked |  0
|   51|0x00000000c9700000, 0x00000000c9700000, 0x00000000c9800000|  0%| F|  |TAMS 0x00000000c9700000| PB 0x00000000c9700000| Untracked |  0
|   52|0x00000000c9800000, 0x00000000c9800000, 0x00000000c9900000|  0%| F|  |TAMS 0x00000000c9800000| PB 0x00000000c9800000| Untracked |  0
|   53|0x00000000c9900000, 0x00000000c9900000, 0x00000000c9a00000|  0%| F|  |TAMS 0x00000000c9900000| PB 0x00000000c9900000| Untracked |  0
|   54|0x00000000c9a00000, 0x00000000c9a00000, 0x00000000c9b00000|  0%| F|  |TAMS 0x00000000c9a00000| PB 0x00000000c9a00000| Untracked |  0
|   55|0x00000000c9b00000, 0x00000000c9b00000, 0x00000000c9c00000|  0%| F|  |TAMS 0x00000000c9b00000| PB 0x00000000c9b00000| Untracked |  0
|   56|0x00000000c9c00000, 0x00000000c9c00000, 0x00000000c9d00000|  0%| F|  |TAMS 0x00000000c9c00000| PB 0x00000000c9c00000| Untracked |  0
|   57|0x00000000c9d00000, 0x00000000c9d00000, 0x00000000c9e00000|  0%| F|  |TAMS 0x00000000c9d00000| PB 0x00000000c9d00000| Untracked |  0
|   58|0x00000000c9e00000, 0x00000000c9e00000, 0x00000000c9f00000|  0%| F|  |TAMS 0x00000000c9e00000| PB 0x00000000c9e00000| Untracked |  0
|   59|0x00000000c9f00000, 0x00000000c9f00000, 0x00000000ca000000|  0%| F|  |TAMS 0x00000000c9f00000| PB 0x00000000c9f00000| Untracked |  0
|   60|0x00000000ca000000, 0x00000000ca000000, 0x00000000ca100000|  0%| F|  |TAMS 0x00000000ca000000| PB 0x00000000ca000000| Untracked |  0
|   61|0x00000000ca100000, 0x00000000ca100000, 0x00000000ca200000|  0%| F|  |TAMS 0x00000000ca100000| PB 0x00000000ca100000| Untracked |  0
|   62|0x00000000ca200000, 0x00000000ca200000, 0x00000000ca300000|  0%| F|  |TAMS 0x00000000ca200000| PB 0x00000000ca200000| Untracked |  0
|   63|0x00000000ca300000, 0x00000000ca300000, 0x00000000ca400000|  0%| F|  |TAMS 0x00000000ca300000| PB 0x00000000ca300000| Untracked |  0
|   64|0x00000000ca400000, 0x00000000ca400000, 0x00000000ca500000|  0%| F|  |TAMS 0x00000000ca400000| PB 0x00000000ca400000| Untracked |  0
|   65|0x00000000ca500000, 0x00000000ca500000, 0x00000000ca600000|  0%| F|  |TAMS 0x00000000ca500000| PB 0x00000000ca500000| Untracked |  0
|   66|0x00000000ca600000, 0x00000000ca600000, 0x00000000ca700000|  0%| F|  |TAMS 0x00000000ca600000| PB 0x00000000ca600000| Untracked |  0
|   67|0x00000000ca700000, 0x00000000ca700000, 0x00000000ca800000|  0%| F|  |TAMS 0x00000000ca700000| PB 0x00000000ca700000| Untracked |  0
|   68|0x00000000ca800000, 0x00000000ca800000, 0x00000000ca900000|  0%| F|  |TAMS 0x00000000ca800000| PB 0x00000000ca800000| Untracked |  0
|   69|0x00000000ca900000, 0x00000000ca900000, 0x00000000caa00000|  0%| F|  |TAMS 0x00000000ca900000| PB 0x00000000ca900000| Untracked |  0
|   70|0x00000000caa00000, 0x00000000caa00000, 0x00000000cab00000|  0%| F|  |TAMS 0x00000000caa00000| PB 0x00000000caa00000| Untracked |  0
|   71|0x00000000cab00000, 0x00000000cab00000, 0x00000000cac00000|  0%| F|  |TAMS 0x00000000cab00000| PB 0x00000000cab00000| Untracked |  0
|   72|0x00000000cac00000, 0x00000000cac00000, 0x00000000cad00000|  0%| F|  |TAMS 0x00000000cac00000| PB 0x00000000cac00000| Untracked |  0
|   73|0x00000000cad00000, 0x00000000cad00000, 0x00000000cae00000|  0%| F|  |TAMS 0x00000000cad00000| PB 0x00000000cad00000| Untracked |  0
|   74|0x00000000cae00000, 0x00000000cae00000, 0x00000000caf00000|  0%| F|  |TAMS 0x00000000cae00000| PB 0x00000000cae00000| Untracked |  0
|   75|0x00000000caf00000, 0x00000000caf00000, 0x00000000cb000000|  0%| F|  |TAMS 0x00000000caf00000| PB 0x00000000caf00000| Untracked |  0
|   76|0x00000000cb000000, 0x00000000cb000000, 0x00000000cb100000|  0%| F|  |TAMS 0x00000000cb000000| PB 0x00000000cb000000| Untracked |  0
|   77|0x00000000cb100000, 0x00000000cb100000, 0x00000000cb200000|  0%| F|  |TAMS 0x00000000cb100000| PB 0x00000000cb100000| Untracked |  0
|   78|0x00000000cb200000, 0x00000000cb200000, 0x00000000cb300000|  0%| F|  |TAMS 0x00000000cb200000| PB 0x00000000cb200000| Untracked |  0
|   79|0x00000000cb300000, 0x00000000cb300000, 0x00000000cb400000|  0%| F|  |TAMS 0x00000000cb300000| PB 0x00000000cb300000| Untracked |  0
|   80|0x00000000cb400000, 0x00000000cb400000, 0x00000000cb500000|  0%| F|  |TAMS 0x00000000cb400000| PB 0x00000000cb400000| Untracked |  0
|   81|0x00000000cb500000, 0x00000000cb500000, 0x00000000cb600000|  0%| F|  |TAMS 0x00000000cb500000| PB 0x00000000cb500000| Untracked |  0
|   82|0x00000000cb600000, 0x00000000cb600000, 0x00000000cb700000|  0%| F|  |TAMS 0x00000000cb600000| PB 0x00000000cb600000| Untracked |  0
|   83|0x00000000cb700000, 0x00000000cb700000, 0x00000000cb800000|  0%| F|  |TAMS 0x00000000cb700000| PB 0x00000000cb700000| Untracked |  0
|   84|0x00000000cb800000, 0x00000000cb800000, 0x00000000cb900000|  0%| F|  |TAMS 0x00000000cb800000| PB 0x00000000cb800000| Untracked |  0
|   85|0x00000000cb900000, 0x00000000cb900000, 0x00000000cba00000|  0%| F|  |TAMS 0x00000000cb900000| PB 0x00000000cb900000| Untracked |  0
|   86|0x00000000cba00000, 0x00000000cba00000, 0x00000000cbb00000|  0%| F|  |TAMS 0x00000000cba00000| PB 0x00000000cba00000| Untracked |  0
|   87|0x00000000cbb00000, 0x00000000cbb00000, 0x00000000cbc00000|  0%| F|  |TAMS 0x00000000cbb00000| PB 0x00000000cbb00000| Untracked |  0
|   88|0x00000000cbc00000, 0x00000000cbc00000, 0x00000000cbd00000|  0%| F|  |TAMS 0x00000000cbc00000| PB 0x00000000cbc00000| Untracked |  0
|   89|0x00000000cbd00000, 0x00000000cbd00000, 0x00000000cbe00000|  0%| F|  |TAMS 0x00000000cbd00000| PB 0x00000000cbd00000| Untracked |  0
|   90|0x00000000cbe00000, 0x00000000cbe00000, 0x00000000cbf00000|  0%| F|  |TAMS 0x00000000cbe00000| PB 0x00000000cbe00000| Untracked |  0
|  922|0x00000000ffe00000, 0x00000000fff00000, 0x00000000fff00000|100%| O|  |TAMS 0x00000000ffe00000| PB 0x00000000ffe00000| Untracked |  0
|  923|0x00000000fff00000, 0x00000000fff80000, 0x0000000100000000| 50%| E|CS|TAMS 0x00000000fff00000| PB 0x00000000fff00000| Complete  |  0

Card table byte_map: [0x00000183303e0000,0x00000183305b0000] _byte_map_base: 0x000001832fdae000
Refinement table byte_map: [0x0000018330210000,0x00000183303e0000] _byte_map_base: 0x000001832fbde000

Marking Bits: (CMBitMap*) 0x000001831857bc70
 Bits: [0x00000183305b0000, 0x0000018331420000)

Polling page: 0x00000183164c0000

Metaspace:
Metaspace        used 21983K, committed 22272K, reserved 1114112K
 class space     used 2681K, committed 2816K, reserved 1048576K

Usage:
  Non-class:     18.85 MB used.
      Class:      2.62 MB used.
       Both:     21.47 MB used.

Virtual space:
  Non-class space:       64.00 MB reserved,      19.00 MB ( 30%) committed,  1 nodes.
      Class space:        1.00 GB reserved,       2.75 MB ( <1%) committed,  1 nodes.
             Both:        1.06 GB reserved,      21.75 MB (  2%) committed. 

Chunk freelists:
   Non-Class:  12.23 MB
       Class:  13.16 MB
        Both:  25.39 MB

MaxMetaspaceSize: unlimited
CompressedClassSpaceSize: 1.00 GB
Initial GC threshold: 21.00 MB
Current GC threshold: 35.56 MB
CDS: on
 - commit_granule_bytes: 65536.
 - commit_granule_words: 8192.
 - virtual_space_node_default_size: 8388608.
 - enlarge_chunks_in_place: 1.
UseCompressedClassPointers 1, UseCompactObjectHeaders 0
Narrow klass pointer bits 32, Max shift 3
Narrow klass base: 0x000000002e000000, Narrow klass shift: 0
Encoding Range: [0x000000002e000000 - 0x000000012e000000), (4294967296 bytes)
Klass Range:    [0x000000002e000000 - 0x000000006f000000), (1090519040 bytes)
Klass ID Range:  [8 - 1090519033) (1090519025)
Protection zone: [0x000000002e000000 - 0x000000002e010000), (65536 bytes)


Internal statistics:

num_allocs_failed_limit: 3.
num_arena_births: 174.
num_arena_deaths: 0.
num_vsnodes_births: 2.
num_vsnodes_deaths: 0.
num_space_committed: 348.
num_space_uncommitted: 0.
num_chunks_returned_to_freelist: 3.
num_chunks_taken_from_freelist: 957.
num_chunk_merges: 3.
num_chunk_splits: 661.
num_chunks_enlarged: 541.
num_inconsistent_stats: 0.

CodeHeap 'non-profiled nmethods': size=120064Kb used=2006Kb max_used=2021Kb free=118057Kb
 bounds [0x0000018328cd0000, 0x0000018328f40000, 0x0000018330210000]
CodeHeap 'profiled nmethods': size=120064Kb used=8764Kb max_used=8803Kb free=111299Kb
 bounds [0x00000183211f0000, 0x0000018321a90000, 0x0000018328730000]
CodeHeap 'non-nmethods': size=5760Kb used=1428Kb max_used=1475Kb free=4331Kb
 bounds [0x0000018328730000, 0x00000183289a0000, 0x0000018328cd0000]
CodeCache: size=245888Kb, used=12198Kb, max_used=12299Kb, free=233687Kb
 total_blobs=5812, nmethods=5268, adapters=448, full_count=0
Compilation: enabled, stopped_count=0, restarted_count=0

Compilation events (20 events):
Event: 13.340 Thread 0x0000018333973400 5407   !   3       jdk.internal.jimage.BasicImageReader::slice (32 bytes)
Event: 13.340 Thread 0x0000018333973400 nmethod 5407 0x0000018321a81108 code [0x0000018321a81200, 0x0000018321a816b0]
Event: 13.340 Thread 0x0000018333973400 5408       3       java.nio.DirectByteBufferR::<init> (25 bytes)
Event: 13.341 Thread 0x0000018333973400 nmethod 5408 0x0000018321a81708 code [0x0000018321a81800, 0x0000018321a81978]
Event: 13.341 Thread 0x0000018333973400 5409       3       java.nio.DirectByteBufferR::slice (5 bytes)
Event: 13.341 Thread 0x0000018333973400 nmethod 5409 0x0000018321a81a08 code [0x0000018321a81b00, 0x0000018321a81cb0]
Event: 13.341 Thread 0x0000018333973400 5410       3       java.nio.DirectByteBufferR::slice (74 bytes)
Event: 13.341 Thread 0x0000018333973400 nmethod 5410 0x0000018321a81d08 code [0x0000018321a81e00, 0x0000018321a82288]
Event: 13.341 Thread 0x0000018333973400 5411       3       java.security.SecureClassLoader::defineClass (12 bytes)
Event: 13.341 Thread 0x0000018333973400 nmethod 5411 0x0000018321a82308 code [0x0000018321a82400, 0x0000018321a82608]
Event: 13.341 Thread 0x0000018333973400 5414   !   3       jdk.internal.jimage.BasicImageReader::getResourceBuffer (203 bytes)
Event: 13.343 Thread 0x0000018333973400 nmethod 5414 0x0000018321a82688 code [0x0000018321a82780, 0x0000018321a844b8]
Event: 13.344 Thread 0x0000018333973400 5415       3       jdk.internal.jimage.ImageLocation::getContentOffset (6 bytes)
Event: 13.344 Thread 0x0000018333973400 nmethod 5415 0x0000018321a84508 code [0x0000018321a84600, 0x0000018321a84738]
Event: 13.344 Thread 0x0000018333973400 5416       3       jdk.internal.jimage.ImageLocation::getCompressedSize (7 bytes)
Event: 13.344 Thread 0x0000018333973400 nmethod 5416 0x0000018321a84808 code [0x0000018321a84900, 0x0000018321a84a38]
Event: 13.344 Thread 0x0000018333973400 5413       3       jdk.internal.jimage.ImageReader::getResourceBuffer (50 bytes)
Event: 13.345 Thread 0x0000018333973400 nmethod 5413 0x0000018321a84b08 code [0x0000018321a84c00, 0x0000018321a85af0]
Event: 13.582 Thread 0x0000018333973400 5418       3       jdk.internal.classfile.impl.Util::entryList (53 bytes)
Event: 13.583 Thread 0x0000018333973400 nmethod 5418 0x0000018321a85b08 code [0x0000018321a85c00, 0x0000018321a863c8]

GC Heap Usage History (20 events):
Event: 2.086 {heap Before GC invocations=9 (full 0):
 garbage-first heap   total reserved 946176K, committed 10240K, used 7352K [0x00000000c6400000, 0x0000000100000000)
  region size 1M, 3 eden (3M), 1 survivor (1M), 4 old (4M), 0 humongous (0M), 2 free (2M)
}
Event: 2.088 {heap After GC invocations=10 (full 0):
 garbage-first heap   total reserved 946176K, committed 10240K, used 4509K [0x00000000c6400000, 0x0000000100000000)
  region size 1M, 0 eden (0M), 1 survivor (1M), 4 old (4M), 0 humongous (0M), 5 free (5M)
}
Event: 2.163 {heap Before GC invocations=11 (full 0):
 garbage-first heap   total reserved 946176K, committed 10240K, used 7581K [0x00000000c6400000, 0x0000000100000000)
  region size 1M, 3 eden (3M), 1 survivor (1M), 4 old (4M), 0 humongous (0M), 2 free (2M)
}
Event: 2.165 {heap After GC invocations=12 (full 0):
 garbage-first heap   total reserved 946176K, committed 30720K, used 4521K [0x00000000c6400000, 0x0000000100000000)
  region size 1M, 0 eden (0M), 1 survivor (1M), 4 old (4M), 0 humongous (0M), 25 free (25M)
}
Event: 4.093 {heap Before GC invocations=12 (full 0):
 garbage-first heap   total reserved 946176K, committed 30720K, used 20905K [0x00000000c6400000, 0x0000000100000000)
  region size 1M, 17 eden (17M), 1 survivor (1M), 4 old (4M), 0 humongous (0M), 8 free (8M)
}
Event: 4.097 {heap After GC invocations=13 (full 0):
 garbage-first heap   total reserved 946176K, committed 30720K, used 5281K [0x00000000c6400000, 0x0000000100000000)
  region size 1M, 0 eden (0M), 2 survivor (2M), 4 old (4M), 0 humongous (0M), 24 free (24M)
}
Event: 4.785 {heap Before GC invocations=13 (full 0):
 garbage-first heap   total reserved 946176K, committed 30720K, used 21665K [0x00000000c6400000, 0x0000000100000000)
  region size 1M, 16 eden (16M), 2 survivor (2M), 4 old (4M), 0 humongous (0M), 8 free (8M)
}
Event: 4.793 {heap After GC invocations=14 (full 0):
 garbage-first heap   total reserved 946176K, committed 30720K, used 6780K [0x00000000c6400000, 0x0000000100000000)
  region size 1M, 0 eden (0M), 3 survivor (3M), 4 old (4M), 0 humongous (0M), 23 free (23M)
}
Event: 5.369 {heap Before GC invocations=14 (full 0):
 garbage-first heap   total reserved 946176K, committed 30720K, used 22140K [0x00000000c6400000, 0x0000000100000000)
  region size 1M, 15 eden (15M), 3 survivor (3M), 4 old (4M), 0 humongous (0M), 8 free (8M)
}
Event: 5.381 {heap After GC invocations=15 (full 0):
 garbage-first heap   total reserved 946176K, committed 30720K, used 8103K [0x00000000c6400000, 0x0000000100000000)
  region size 1M, 0 eden (0M), 3 survivor (3M), 5 old (5M), 0 humongous (0M), 22 free (22M)
}
Event: 5.952 {heap Before GC invocations=15 (full 0):
 garbage-first heap   total reserved 946176K, committed 30720K, used 23463K [0x00000000c6400000, 0x0000000100000000)
  region size 1M, 15 eden (15M), 3 survivor (3M), 5 old (5M), 0 humongous (0M), 7 free (7M)
}
Event: 5.965 {heap After GC invocations=16 (full 0):
 garbage-first heap   total reserved 946176K, committed 30720K, used 10038K [0x00000000c6400000, 0x0000000100000000)
  region size 1M, 0 eden (0M), 2 survivor (2M), 8 old (8M), 0 humongous (0M), 20 free (20M)
}
Event: 6.395 {heap Before GC invocations=16 (full 0):
 garbage-first heap   total reserved 946176K, committed 30720K, used 26422K [0x00000000c6400000, 0x0000000100000000)
  region size 1M, 16 eden (16M), 2 survivor (2M), 8 old (8M), 0 humongous (0M), 4 free (4M)
}
Event: 6.402 {heap After GC invocations=17 (full 0):
 garbage-first heap   total reserved 946176K, committed 31744K, used 12364K [0x00000000c6400000, 0x0000000100000000)
  region size 1M, 0 eden (0M), 3 survivor (3M), 10 old (10M), 0 humongous (0M), 18 free (18M)
}
Event: 6.810 {heap Before GC invocations=17 (full 0):
 garbage-first heap   total reserved 946176K, committed 31744K, used 25676K [0x00000000c6400000, 0x0000000100000000)
  region size 1M, 13 eden (13M), 3 survivor (3M), 10 old (10M), 0 humongous (0M), 5 free (5M)
}
Event: 6.822 {heap After GC invocations=18 (full 0):
 garbage-first heap   total reserved 946176K, committed 31744K, used 14336K [0x00000000c6400000, 0x0000000100000000)
  region size 1M, 0 eden (0M), 2 survivor (2M), 12 old (12M), 0 humongous (0M), 17 free (17M)
}
Event: 7.177 {heap Before GC invocations=18 (full 0):
 garbage-first heap   total reserved 946176K, committed 31744K, used 26624K [0x00000000c6400000, 0x0000000100000000)
  region size 1M, 12 eden (12M), 2 survivor (2M), 12 old (12M), 0 humongous (0M), 5 free (5M)
}
Event: 7.183 {heap After GC invocations=19 (full 0):
 garbage-first heap   total reserved 946176K, committed 95232K, used 15159K [0x00000000c6400000, 0x0000000100000000)
  region size 1M, 0 eden (0M), 1 survivor (1M), 14 old (14M), 0 humongous (0M), 78 free (78M)
}
Event: 10.301 {heap Before GC invocations=19 (full 0):
 garbage-first heap   total reserved 946176K, committed 95232K, used 70455K [0x00000000c6400000, 0x0000000100000000)
  region size 1M, 54 eden (54M), 1 survivor (1M), 14 old (14M), 0 humongous (0M), 24 free (24M)
}
Event: 10.310 {heap After GC invocations=20 (full 0):
 garbage-first heap   total reserved 946176K, committed 95232K, used 17988K [0x00000000c6400000, 0x0000000100000000)
  region size 1M, 0 eden (0M), 4 survivor (4M), 14 old (14M), 0 humongous (0M), 75 free (75M)
}

Metaspace Usage History (20 events):
Event: 2.086 {metaspace Before GC invocations=9 (full 0):
 Metaspace       used 5518K, committed 5760K, reserved 1114112K
  class space    used 669K, committed 768K, reserved 1048576K
}
Event: 2.088 {metaspace After GC invocations=10 (full 0):
 Metaspace       used 5518K, committed 5760K, reserved 1114112K
  class space    used 669K, committed 768K, reserved 1048576K
}
Event: 2.163 {metaspace Before GC invocations=11 (full 0):
 Metaspace       used 5599K, committed 5824K, reserved 1114112K
  class space    used 686K, committed 768K, reserved 1048576K
}
Event: 2.165 {metaspace After GC invocations=12 (full 0):
 Metaspace       used 5599K, committed 5824K, reserved 1114112K
  class space    used 686K, committed 768K, reserved 1048576K
}
Event: 4.093 {metaspace Before GC invocations=12 (full 0):
 Metaspace       used 7216K, committed 7488K, reserved 1114112K
  class space    used 882K, committed 1024K, reserved 1048576K
}
Event: 4.097 {metaspace After GC invocations=13 (full 0):
 Metaspace       used 7216K, committed 7488K, reserved 1114112K
  class space    used 882K, committed 1024K, reserved 1048576K
}
Event: 4.785 {metaspace Before GC invocations=13 (full 0):
 Metaspace       used 10520K, committed 10688K, reserved 1114112K
  class space    used 1334K, committed 1408K, reserved 1048576K
}
Event: 4.793 {metaspace After GC invocations=14 (full 0):
 Metaspace       used 10520K, committed 10688K, reserved 1114112K
  class space    used 1334K, committed 1408K, reserved 1048576K
}
Event: 5.369 {metaspace Before GC invocations=14 (full 0):
 Metaspace       used 13443K, committed 13696K, reserved 1114112K
  class space    used 1724K, committed 1856K, reserved 1048576K
}
Event: 5.381 {metaspace After GC invocations=15 (full 0):
 Metaspace       used 13443K, committed 13696K, reserved 1114112K
  class space    used 1724K, committed 1856K, reserved 1048576K
}
Event: 5.952 {metaspace Before GC invocations=15 (full 0):
 Metaspace       used 14666K, committed 14912K, reserved 1114112K
  class space    used 1836K, committed 1920K, reserved 1048576K
}
Event: 5.965 {metaspace After GC invocations=16 (full 0):
 Metaspace       used 14666K, committed 14912K, reserved 1114112K
  class space    used 1836K, committed 1920K, reserved 1048576K
}
Event: 6.395 {metaspace Before GC invocations=16 (full 0):
 Metaspace       used 15068K, committed 15296K, reserved 1114112K
  class space    used 1874K, committed 1984K, reserved 1048576K
}
Event: 6.402 {metaspace After GC invocations=17 (full 0):
 Metaspace       used 15068K, committed 15296K, reserved 1114112K
  class space    used 1874K, committed 1984K, reserved 1048576K
}
Event: 6.810 {metaspace Before GC invocations=17 (full 0):
 Metaspace       used 15434K, committed 15616K, reserved 1114112K
  class space    used 1913K, committed 1984K, reserved 1048576K
}
Event: 6.822 {metaspace After GC invocations=18 (full 0):
 Metaspace       used 15434K, committed 15616K, reserved 1114112K
  class space    used 1913K, committed 1984K, reserved 1048576K
}
Event: 7.177 {metaspace Before GC invocations=18 (full 0):
 Metaspace       used 15526K, committed 15744K, reserved 1114112K
  class space    used 1916K, committed 1984K, reserved 1048576K
}
Event: 7.183 {metaspace After GC invocations=19 (full 0):
 Metaspace       used 15526K, committed 15744K, reserved 1114112K
  class space    used 1916K, committed 1984K, reserved 1048576K
}
Event: 10.301 {metaspace Before GC invocations=19 (full 0):
 Metaspace       used 16153K, committed 16384K, reserved 1114112K
  class space    used 1939K, committed 2048K, reserved 1048576K
}
Event: 10.310 {metaspace After GC invocations=20 (full 0):
 Metaspace       used 16153K, committed 16384K, reserved 1114112K
  class space    used 1939K, committed 2048K, reserved 1048576K
}

Dll operation events (14 events):
Event: 0.023 Attempting to load shared library C:\Program Files\Java\jdk-26.0.1\bin\java.dll
Event: 0.026 Loaded shared library C:\Program Files\Java\jdk-26.0.1\bin\java.dll
Event: 0.122 Attempting to load shared library C:\Program Files\Java\jdk-26.0.1\bin\net.dll
Event: 0.124 Loaded shared library C:\Program Files\Java\jdk-26.0.1\bin\net.dll
Event: 0.131 Attempting to load shared library C:\Program Files\Java\jdk-26.0.1\bin\nio.dll
Event: 0.133 Loaded shared library C:\Program Files\Java\jdk-26.0.1\bin\nio.dll
Event: 0.141 Attempting to load shared library C:\Program Files\Java\jdk-26.0.1\bin\zip.dll
Event: 0.143 Loaded shared library C:\Program Files\Java\jdk-26.0.1\bin\zip.dll
Event: 0.624 Attempting to load shared library C:\Program Files\apache-maven-3.9.16-bin\apache-maven-3.9.16\lib\jansi-native\Windows\x86_64\jansi.dll
Event: 0.625 Loaded shared library C:\Program Files\apache-maven-3.9.16-bin\apache-maven-3.9.16\lib\jansi-native\Windows\x86_64\jansi.dll
Event: 0.626 Attempting to load shared library C:\Program Files\Java\jdk-26.0.1\bin\jimage.dll
Event: 0.626 Loaded shared library C:\Program Files\Java\jdk-26.0.1\bin\jimage.dll
Event: 0.666 Attempting to load shared library C:\Program Files\Java\jdk-26.0.1\bin\verify.dll
Event: 0.668 Loaded shared library C:\Program Files\Java\jdk-26.0.1\bin\verify.dll

Deoptimization events (20 events):
Event: 12.286 Thread 0x000001831629fd80 Uncommon trap: trap_request=0xffffffc6 fr.pc=0x0000018328d937e0 relative=0x00000000000001e0
Event: 12.286 Thread 0x000001831629fd80 Uncommon trap: reason=bimorphic_or_optimized_type_check action=maybe_recompile pc=0x0000018328d937e0 method=jdk.internal.classfile.impl.AbstractPoolEntry.maybeClone(Ljava/lang/classfile/constantpool/ConstantPoolBuilder;Ljava/lang/classfile/constantpool/Po
Event: 12.286 Thread 0x000001831629fd80 DEOPT PACKING pc=0x0000018328d937e0 sp=0x00000067cc3fae90
Event: 12.286 Thread 0x000001831629fd80 DEOPT UNPACKING pc=0x00000183287bda02 sp=0x00000067cc3fadc8 mode 2
Event: 12.330 Thread 0x000001831629fd80 Uncommon trap: trap_request=0xffffff45 fr.pc=0x0000018328ebd67c relative=0x00000000000000fc
Event: 12.330 Thread 0x000001831629fd80 Uncommon trap: reason=unstable_if action=reinterpret pc=0x0000018328ebd67c method=jdk.nio.zipfs.ZipConstants.pkSigAt([BIII)Z @ 5 c2
Event: 12.330 Thread 0x000001831629fd80 DEOPT PACKING pc=0x0000018328ebd67c sp=0x00000067cc3fd140
Event: 12.330 Thread 0x000001831629fd80 DEOPT UNPACKING pc=0x00000183287bda02 sp=0x00000067cc3fd0e8 mode 2
Event: 12.486 Thread 0x000001831629fd80 Uncommon trap: trap_request=0xffffffd6 fr.pc=0x0000018328ec16cc relative=0x00000000000002cc
Event: 12.486 Thread 0x000001831629fd80 Uncommon trap: reason=array_check action=maybe_recompile pc=0x0000018328ec16cc method=java.util.LinkedHashMap.valuesToArray([Ljava/lang/Object;Z)[Ljava/lang/Object; @ 67 c2
Event: 12.486 Thread 0x000001831629fd80 DEOPT PACKING pc=0x0000018328ec16cc sp=0x00000067cc3fd1d0
Event: 12.486 Thread 0x000001831629fd80 DEOPT UNPACKING pc=0x00000183287bda02 sp=0x00000067cc3fd160 mode 2
Event: 12.494 Thread 0x000001831629fd80 Uncommon trap: trap_request=0xffffffd6 fr.pc=0x0000018328ec16cc relative=0x00000000000002cc
Event: 12.495 Thread 0x000001831629fd80 Uncommon trap: reason=array_check action=maybe_recompile pc=0x0000018328ec16cc method=java.util.LinkedHashMap.valuesToArray([Ljava/lang/Object;Z)[Ljava/lang/Object; @ 67 c2
Event: 12.495 Thread 0x000001831629fd80 DEOPT PACKING pc=0x0000018328ec16cc sp=0x00000067cc3fd1d0
Event: 12.495 Thread 0x000001831629fd80 DEOPT UNPACKING pc=0x00000183287bda02 sp=0x00000067cc3fd160 mode 2
Event: 12.495 Thread 0x000001831629fd80 Uncommon trap: trap_request=0xffffffd6 fr.pc=0x0000018328ec16cc relative=0x00000000000002cc
Event: 12.495 Thread 0x000001831629fd80 Uncommon trap: reason=array_check action=maybe_recompile pc=0x0000018328ec16cc method=java.util.LinkedHashMap.valuesToArray([Ljava/lang/Object;Z)[Ljava/lang/Object; @ 67 c2
Event: 12.496 Thread 0x000001831629fd80 DEOPT PACKING pc=0x0000018328ec16cc sp=0x00000067cc3fd1d0
Event: 12.497 Thread 0x000001831629fd80 DEOPT UNPACKING pc=0x00000183287bda02 sp=0x00000067cc3fd160 mode 2

Classes loaded (20 events):
Event: 11.807 Loading class java/nio/file/DirectoryNotEmptyException
Event: 11.807 Loading class java/nio/file/DirectoryNotEmptyException done
Event: 11.807 Loading class java/nio/file/NotDirectoryException
Event: 11.808 Loading class java/nio/file/NotDirectoryException done
Event: 12.284 Loading class java/nio/file/attribute/PosixFileAttributeView
Event: 12.284 Loading class java/nio/file/attribute/FileOwnerAttributeView
Event: 12.284 Loading class java/nio/file/attribute/FileOwnerAttributeView done
Event: 12.284 Loading class java/nio/file/attribute/PosixFileAttributeView done
Event: 12.287 Loading class java/nio/file/ClosedDirectoryStreamException
Event: 12.287 Loading class java/nio/file/ClosedDirectoryStreamException done
Event: 12.290 Loading class java/nio/file/DirectoryIteratorException
Event: 12.290 Loading class java/nio/file/DirectoryIteratorException done
Event: 12.314 Loading class java/util/TreeMap$KeySpliterator
Event: 12.314 Loading class java/util/TreeMap$TreeMapSpliterator
Event: 12.315 Loading class java/util/TreeMap$TreeMapSpliterator done
Event: 12.315 Loading class java/util/TreeMap$KeySpliterator done
Event: 12.729 Loading class java/util/regex/PatternSyntaxException
Event: 12.730 Loading class java/util/regex/PatternSyntaxException done
Event: 12.730 Loading class java/time/Year
Event: 12.731 Loading class java/time/Year done

Classes unloaded (0 events):
No events

Classes redefined (0 events):
No events

Internal exceptions (20 events):
Event: 5.571 Thread 0x000001831629fd80 Exception <a 'java/lang/NoSuchMethodError'{0x00000000c7cd4458}: 'java.lang.Object java.lang.invoke.DirectMethodHandle$Holder.invokeStatic(java.lang.Object, java.lang.Object, java.lang.Object, java.lang.Object, int)'> (0x00000000c7cd4458) 
thrown [s\open\src\hotspot\share\interpreter\linkResolver.cpp, line 804]
Event: 5.572 Thread 0x000001831629fd80 Exception <a 'java/lang/NoSuchMethodError'{0x00000000c7ce5b88}: 'void java.lang.invoke.DirectMethodHandle$Holder.invokeSpecial(java.lang.Object, java.lang.Object, java.lang.Object, int)'> (0x00000000c7ce5b88) 
thrown [s\open\src\hotspot\share\interpreter\linkResolver.cpp, line 804]
Event: 5.573 Thread 0x000001831629fd80 Exception <a 'java/lang/NoSuchMethodError'{0x00000000c7cee190}: 'void java.lang.invoke.DelegatingMethodHandle$Holder.reinvoke_L(java.lang.Object, java.lang.Object, int)'> (0x00000000c7cee190) 
thrown [s\open\src\hotspot\share\interpreter\linkResolver.cpp, line 804]
Event: 6.529 Thread 0x000001831629fd80 Implicit null exception at 0x0000018328ddaaf3 to 0x0000018328ddb668
Event: 6.529 Thread 0x000001831629fd80 Implicit null exception at 0x0000018328d82bcf to 0x0000018328d82dbc
Event: 6.529 Thread 0x000001831629fd80 Implicit null exception at 0x0000018328dba2b9 to 0x0000018328dba83c
Event: 6.531 Thread 0x000001831629fd80 Exception <a 'java/lang/NoSuchMethodError'{0x00000000c7b5f5c8}: 'void java.lang.invoke.DirectMethodHandle$Holder.invokeStatic(java.lang.Object, java.lang.Object, java.lang.Object, java.lang.Object)'> (0x00000000c7b5f5c8) 
thrown [s\open\src\hotspot\share\interpreter\linkResolver.cpp, line 804]
Event: 9.934 Thread 0x000001831629fd80 Implicit null exception at 0x0000018328d729cd to 0x0000018328d72bac
Event: 9.934 Thread 0x000001831629fd80 Implicit null exception at 0x0000018328d97ca0 to 0x0000018328d97d1d
Event: 10.223 Thread 0x000001831629fd80 Exception <a 'java/lang/NoSuchMethodError'{0x00000000c8b01ed0}: 'java.lang.Object java.lang.invoke.DirectMethodHandle$Holder.newInvokeSpecial(java.lang.Object, java.lang.Object, java.lang.Object, java.lang.Object, java.lang.Object, java.lang.Object, java.lang.Object)'> (0x00000000c8b01ed0) 
thrown [s\open\src\hotspot\share\interpreter\linkResolver.cpp, line 804]
Event: 10.225 Thread 0x000001831629fd80 Implicit null exception at 0x0000018328e531c2 to 0x0000018328e55060
Event: 10.529 Thread 0x000001831629fd80 Implicit null exception at 0x0000018328e6d7b3 to 0x0000018328e6dc28
Event: 10.542 Thread 0x000001831629fd80 Exception <a 'java/lang/NoSuchMethodError'{0x00000000cb741710}: 'int java.lang.invoke.DirectMethodHandle$Holder.invokeVirtual(java.lang.Object, java.lang.Object)'> (0x00000000cb741710) 
thrown [s\open\src\hotspot\share\interpreter\linkResolver.cpp, line 804]
Event: 10.608 Thread 0x000001831629fd80 Exception <a 'java/lang/NoSuchMethodError'{0x00000000cb69c408}: 'void java.lang.invoke.Invokers$Holder.invokeExact_MT(java.lang.Object, java.lang.Object, int, java.lang.Object)'> (0x00000000cb69c408) 
thrown [s\open\src\hotspot\share\interpreter\linkResolver.cpp, line 804]
Event: 11.199 Thread 0x000001831629fd80 Exception <a 'sun/nio/fs/WindowsException'{0x00000000ca86f910}> (0x00000000ca86f910) 
thrown [s\open\src\hotspot\share\prims\jni.cpp, line 514]
Event: 11.211 Thread 0x000001831629fd80 Exception <a 'java/lang/IncompatibleClassChangeError'{0x00000000ca8b25c0}: Found class java.lang.Object, but interface was expected> (0x00000000ca8b25c0) 
thrown [s\open\src\hotspot\share\interpreter\linkResolver.cpp, line 871]
Event: 11.213 Thread 0x000001831629fd80 Exception <a 'java/lang/NoSuchMethodError'{0x00000000ca8c1b58}: 'void java.lang.invoke.DirectMethodHandle$Holder.invokeInterface(java.lang.Object, java.lang.Object, java.lang.Object)'> (0x00000000ca8c1b58) 
thrown [s\open\src\hotspot\share\interpreter\linkResolver.cpp, line 804]
Event: 11.366 Thread 0x000001831629fd80 Exception <a 'java/lang/NoSuchMethodError'{0x00000000ca687990}: 'int java.lang.invoke.DirectMethodHandle$Holder.invokeInterface(java.lang.Object, java.lang.Object)'> (0x00000000ca687990) 
thrown [s\open\src\hotspot\share\interpreter\linkResolver.cpp, line 804]
Event: 11.794 Thread 0x000001831629fd80 Exception <a 'java/lang/NoSuchMethodError'{0x00000000c9ca1518}: 'int java.lang.invoke.DirectMethodHandle$Holder.invokeVirtual(java.lang.Object, java.lang.Object, java.lang.Object)'> (0x00000000c9ca1518) 
thrown [s\open\src\hotspot\share\interpreter\linkResolver.cpp, line 804]
Event: 13.226 Thread 0x000001831629fd80 Exception <a 'sun/nio/fs/WindowsException'{0x00000000c91d4b40}> (0x00000000c91d4b40) 
thrown [s\open\src\hotspot\share\prims\jni.cpp, line 514]

VM Operations (20 events):
Event: 10.301 Executing safepoint VM operation: G1CollectForAllocation (G1 Evacuation Pause)
Event: 10.310 Executing safepoint VM operation: G1CollectForAllocation (G1 Evacuation Pause) done
Event: 10.602 Executing non-safepoint VM operation: HandshakeAllThreads (Deoptimize)
Event: 10.602 Executing non-safepoint VM operation: HandshakeAllThreads (Deoptimize) done
Event: 11.200 Executing non-safepoint VM operation: HandshakeAllThreads (Deoptimize)
Event: 11.200 Executing non-safepoint VM operation: HandshakeAllThreads (Deoptimize) done
Event: 11.283 Executing non-safepoint VM operation: HandshakeAllThreads (Deoptimize)
Event: 11.283 Executing non-safepoint VM operation: HandshakeAllThreads (Deoptimize) done
Event: 11.362 Executing non-safepoint VM operation: HandshakeAllThreads (Deoptimize)
Event: 11.362 Executing non-safepoint VM operation: HandshakeAllThreads (Deoptimize) done
Event: 11.380 Executing non-safepoint VM operation: HandshakeAllThreads (Deoptimize)
Event: 11.380 Executing non-safepoint VM operation: HandshakeAllThreads (Deoptimize) done
Event: 11.803 Executing non-safepoint VM operation: HandshakeAllThreads (Deoptimize)
Event: 11.803 Executing non-safepoint VM operation: HandshakeAllThreads (Deoptimize) done
Event: 11.809 Executing non-safepoint VM operation: HandshakeAllThreads (Deoptimize)
Event: 11.810 Executing non-safepoint VM operation: HandshakeAllThreads (Deoptimize) done
Event: 12.281 Executing non-safepoint VM operation: HandshakeAllThreads (Deoptimize)
Event: 12.281 Executing non-safepoint VM operation: HandshakeAllThreads (Deoptimize) done
Event: 12.284 Executing non-safepoint VM operation: HandshakeAllThreads (Deoptimize)
Event: 12.284 Executing non-safepoint VM operation: HandshakeAllThreads (Deoptimize) done

Memory protections (0 events):
No events

Nmethod flushes (20 events):
Event: 2.102 Thread 0x0000018333941630 flushing  nmethod 0x0000018321216508
Event: 2.102 Thread 0x0000018333941630 flushing  nmethod 0x0000018321219408
Event: 2.102 Thread 0x0000018333941630 flushing  nmethod 0x0000018321226908
Event: 2.102 Thread 0x0000018333941630 flushing  nmethod 0x0000018321228408
Event: 2.102 Thread 0x0000018333941630 flushing  nmethod 0x000001832122c808
Event: 2.102 Thread 0x0000018333941630 flushing  nmethod 0x0000018321235388
Event: 2.102 Thread 0x0000018333941630 flushing  nmethod 0x0000018321236b08
Event: 2.102 Thread 0x0000018333941630 flushing  nmethod 0x0000018321238008
Event: 2.102 Thread 0x0000018333941630 flushing  nmethod 0x0000018321239588
Event: 2.102 Thread 0x0000018333941630 flushing  nmethod 0x0000018321239888
Event: 2.102 Thread 0x0000018333941630 flushing  nmethod 0x0000018321239f08
Event: 2.102 Thread 0x0000018333941630 flushing  nmethod 0x000001832123a508
Event: 2.102 Thread 0x0000018333941630 flushing  nmethod 0x000001832123a808
Event: 2.102 Thread 0x0000018333941630 flushing  nmethod 0x0000018321241788
Event: 2.102 Thread 0x0000018333941630 flushing  nmethod 0x0000018321241d88
Event: 2.102 Thread 0x0000018333941630 flushing  nmethod 0x0000018321243088
Event: 2.102 Thread 0x0000018333941630 flushing  nmethod 0x0000018321255a08
Event: 2.102 Thread 0x0000018333941630 flushing  nmethod 0x000001832125c108
Event: 2.102 Thread 0x0000018333941630 flushing  nmethod 0x000001832126a608
Event: 2.102 Thread 0x0000018333941630 flushing  nmethod 0x00000183212d5808

Events (14 events):
Event: 0.050 Thread 0x000001831629fd80 Thread added: 0x000001831629fd80
Event: 0.081 Thread 0x000001831629fd80 Thread added: 0x0000018333953e20
Event: 0.081 Thread 0x000001831629fd80 Thread added: 0x0000018333956970
Event: 0.082 Thread 0x000001831629fd80 Thread added: 0x0000018333958b90
Event: 0.082 Thread 0x000001831629fd80 Thread added: 0x0000018333959740
Event: 0.082 Thread 0x000001831629fd80 Thread added: 0x000001833395e370
Event: 0.082 Thread 0x000001831629fd80 Thread added: 0x0000018333961aa0
Event: 0.083 Thread 0x000001831629fd80 Thread added: 0x00000183339651d0
Event: 0.083 Thread 0x000001831629fd80 Thread added: 0x0000018333973400
Event: 0.107 Thread 0x000001831629fd80 Thread added: 0x0000018333adb110
Event: 0.117 Thread 0x000001831629fd80 Thread added: 0x0000018333adbd10
Event: 0.618 Thread 0x000001831629fd80 Thread added: 0x0000018333cd3330
Event: 0.987 Thread 0x0000018333cd3330 Thread exited: 0x0000018333cd3330
Event: 5.282 Thread 0x000001831629fd80 Thread added: 0x000001833859c1e0


Dynamic libraries:
0x00007ff76f330000 - 0x00007ff76f340000 	C:\Program Files\Java\jdk-26.0.1\bin\java.exe
0x00007ff946920000 - 0x00007ff946b86000 	C:\WINDOWS\SYSTEM32\ntdll.dll
0x00007ff945820000 - 0x00007ff9458e9000 	C:\WINDOWS\System32\KERNEL32.DLL
0x00007ff943e90000 - 0x00007ff94428f000 	C:\WINDOWS\System32\KERNELBASE.dll
0x00007ff943d30000 - 0x00007ff943e7c000 	C:\WINDOWS\System32\ucrtbase.dll
0x00007ff933c10000 - 0x00007ff933c2e000 	C:\Program Files\Java\jdk-26.0.1\bin\VCRUNTIME140.dll
0x00007ff933c70000 - 0x00007ff933c87000 	C:\Program Files\Java\jdk-26.0.1\bin\jli.dll
0x00007ff945e80000 - 0x00007ff946046000 	C:\WINDOWS\System32\USER32.dll
0x00007ff944430000 - 0x00007ff944457000 	C:\WINDOWS\System32\win32u.dll
0x00007ff945530000 - 0x00007ff94555b000 	C:\WINDOWS\System32\GDI32.dll
0x00007ff944520000 - 0x00007ff944649000 	C:\WINDOWS\System32\gdi32full.dll
0x00007ff943b30000 - 0x00007ff943bd3000 	C:\WINDOWS\System32\msvcp_win.dll
0x00007ff92e910000 - 0x00007ff92eba1000 	C:\WINDOWS\WinSxS\amd64_microsoft.windows.common-controls_6595b64144ccf1df_6.0.26100.8972_none_3e0da176e32f9d4b\COMCTL32.dll
0x00007ff9458f0000 - 0x00007ff945999000 	C:\WINDOWS\System32\msvcrt.dll
0x00007ff944ca0000 - 0x00007ff944cd2000 	C:\WINDOWS\System32\IMM32.DLL
0x00007ff93dc90000 - 0x00007ff93dc9c000 	C:\Program Files\Java\jdk-26.0.1\bin\vcruntime140_1.dll
0x00007ff92e0a0000 - 0x00007ff92e12d000 	C:\Program Files\Java\jdk-26.0.1\bin\msvcp140.dll
0x00007ff89e670000 - 0x00007ff89f53e000 	C:\Program Files\Java\jdk-26.0.1\bin\server\jvm.dll
0x00007ff946810000 - 0x00007ff9468cc000 	C:\WINDOWS\System32\ADVAPI32.dll
0x00007ff944cf0000 - 0x00007ff944d9a000 	C:\WINDOWS\System32\sechost.dll
0x00007ff9453d0000 - 0x00007ff9454e8000 	C:\WINDOWS\System32\RPCRT4.dll
0x00007ff944750000 - 0x00007ff9447d2000 	C:\WINDOWS\System32\WS2_32.dll
0x00007ff943990000 - 0x00007ff9439ee000 	C:\WINDOWS\SYSTEM32\POWRPROF.dll
0x00007ff9412b0000 - 0x00007ff9412e6000 	C:\WINDOWS\SYSTEM32\WINMM.dll
0x00007ff937fd0000 - 0x00007ff937fdb000 	C:\WINDOWS\SYSTEM32\VERSION.dll
0x00007ff943970000 - 0x00007ff943985000 	C:\WINDOWS\SYSTEM32\UMPDC.dll
0x00007ff942820000 - 0x00007ff94283b000 	C:\WINDOWS\SYSTEM32\kernel.appcore.dll
0x00007ff933c00000 - 0x00007ff933c0a000 	C:\Program Files\Java\jdk-26.0.1\bin\jimage.dll
0x00007ff940ff0000 - 0x00007ff941232000 	C:\WINDOWS\SYSTEM32\DBGHELP.DLL
0x00007ff9447e0000 - 0x00007ff944b65000 	C:\WINDOWS\System32\combase.dll
0x00007ff944bc0000 - 0x00007ff944c99000 	C:\WINDOWS\System32\OLEAUT32.dll
0x00007ff941240000 - 0x00007ff94127b000 	C:\WINDOWS\SYSTEM32\dbgcore.DLL
0x00007ff944460000 - 0x00007ff94450c000 	C:\WINDOWS\System32\bcryptPrimitives.dll
0x00007ff933be0000 - 0x00007ff933bff000 	C:\Program Files\Java\jdk-26.0.1\bin\java.dll
0x00007ff944da0000 - 0x00007ff944f39000 	C:\WINDOWS\System32\ole32.dll
0x00007ff946050000 - 0x00007ff9467d8000 	C:\WINDOWS\System32\SHELL32.dll
0x00007ff941620000 - 0x00007ff941ebb000 	C:\WINDOWS\SYSTEM32\windows.storage.dll
0x00007ff944650000 - 0x00007ff944749000 	C:\WINDOWS\System32\SHCORE.dll
0x00007ff945c10000 - 0x00007ff945c76000 	C:\WINDOWS\System32\shlwapi.dll
0x00007ff943a50000 - 0x00007ff943a79000 	C:\WINDOWS\SYSTEM32\profapi.dll
0x00007ff933440000 - 0x00007ff933452000 	C:\Program Files\Java\jdk-26.0.1\bin\net.dll
0x00007ff942dd0000 - 0x00007ff942e3c000 	C:\WINDOWS\system32\mswsock.dll
0x00007ff933420000 - 0x00007ff933436000 	C:\Program Files\Java\jdk-26.0.1\bin\nio.dll
0x00007ff930170000 - 0x00007ff930187000 	C:\Program Files\Java\jdk-26.0.1\bin\zip.dll
0x00007ff92e5d0000 - 0x00007ff92e5f4000 	C:\Program Files\apache-maven-3.9.16-bin\apache-maven-3.9.16\lib\jansi-native\Windows\x86_64\jansi.dll
0x00007ff933360000 - 0x00007ff933370000 	C:\Program Files\Java\jdk-26.0.1\bin\verify.dll

JVMTI agents: none

dbghelp: loaded successfully - version: 4.0.5 - missing functions: none
symbol engine: initialized successfully - sym options: 0x614 - pdb path: .;C:\Program Files\Java\jdk-26.0.1\bin;C:\WINDOWS\SYSTEM32;C:\WINDOWS\WinSxS\amd64_microsoft.windows.common-controls_6595b64144ccf1df_6.0.26100.8972_none_3e0da176e32f9d4b;C:\Program Files\Java\jdk-26.0.1\bin\server;C:\Program Files\apache-maven-3.9.16-bin\apache-maven-3.9.16\lib\jansi-native\Windows\x86_64

VM Arguments:
jvm_args: --enable-native-access=ALL-UNNAMED -Dclassworlds.conf=C:\Program Files\apache-maven-3.9.16-bin\apache-maven-3.9.16\bin\m2.conf -Dmaven.home=C:\Program Files\apache-maven-3.9.16-bin\apache-maven-3.9.16 -Dlibrary.jansi.path=C:\Program Files\apache-maven-3.9.16-bin\apache-maven-3.9.16\lib\jansi-native -Dmaven.multiModuleProjectDirectory=C:\Microservices\day 1\user-service 
java_command: org.codehaus.plexus.classworlds.launcher.Launcher spring-boot:run
java_class_path (initial): C:\Program Files\apache-maven-3.9.16-bin\apache-maven-3.9.16\boot\plexus-classworlds-2.11.0.jar
Launcher Type: SUN_STANDARD

[Global flags]
     bool AOTAdapterCaching                        = false                                  {diagnostic} {ergonomic}
     bool AOTInvokeDynamicLinking                  = false                                  {diagnostic} {ergonomic}
     bool AOTRecordTraining                        = false                                  {diagnostic} {ergonomic}
     bool AOTReplayTraining                        = false                                  {diagnostic} {ergonomic}
     bool AOTStubCaching                           = false                                  {diagnostic} {ergonomic}
     intx CICompilerCount                          = 3                                         {product} {ergonomic}
     uint ConcGCThreads                            = 1                                         {product} {ergonomic}
     uint G1ConcRefinementThreads                  = 4                                         {product} {ergonomic}
     uint G1EagerReclaimRemSetThreshold            = 10                                   {experimental} {ergonomic}
   size_t G1HeapRegionSize                         = 1048576                                   {product} {ergonomic}
     uint G1RemSetArrayOfCardsEntries              = 10                                   {experimental} {ergonomic}
     uint G1RemSetHowlMaxNumBuckets                = 8                                    {experimental} {ergonomic}
     uint G1RemSetHowlNumBuckets                   = 4                                    {experimental} {ergonomic}
   size_t InitialHeapSize                          = 8388608                                   {product} {ergonomic}
     bool IntelJccErratumMitigation                = true                              {ARCH diagnostic} {ergonomic}
   size_t MarkStackSize                            = 4194304                                   {product} {ergonomic}
   size_t MarkStackSizeMax                         = 536870912                                 {product} {ergonomic}
   size_t MaxHeapSize                              = 968884224                                 {product} {ergonomic}
   size_t MaxNewSize                               = 580911104                                 {product} {ergonomic}
 uint64_t MaxRAM                                   = 3869700096                                {product} {ergonomic}
   size_t MinHeapDeltaBytes                        = 1048576                                   {product} {ergonomic}
   size_t MinHeapSize                              = 8388608                                   {product} {ergonomic}
   size_t NonNMethodCodeHeapSize                   = 5898240                                {pd product} {ergonomic}
   size_t NonProfiledCodeHeapSize                  = 122945536                              {pd product} {ergonomic}
   size_t ProfiledCodeHeapSize                     = 122945536                              {pd product} {ergonomic}
   size_t ReservedCodeCacheSize                    = 251789312                              {pd product} {ergonomic}
     bool SegmentedCodeCache                       = true                                      {product} {ergonomic}
   size_t SoftMaxHeapSize                          = 968884224                              {manageable} {ergonomic}
     bool UseCompressedOops                        = true                           {product lp64_product} {ergonomic}
     bool UseCondCardMark                          = true                                      {product} {ergonomic}
     bool UseFastUnorderedTimeStamps               = true                                 {experimental} {ergonomic}
     bool UseG1GC                                  = true                                      {product} {ergonomic}
     bool UseLargePagesIndividualAllocation        = false                                  {pd product} {ergonomic}
      int X86ICacheSync                            = 2                                 {ARCH diagnostic} {ergonomic}

Logging:
Log output configuration:
 #0: stdout all=warning uptime,level,tags foldmultilines=false
 #1: stderr all=off uptime,level,tags foldmultilines=false

Release file:
IMPLEMENTOR="Oracle Corporation" 
JAVA_RUNTIME_VERSION="26.0.1+8-34" 
JAVA_VERSION="26.0.1" 
JAVA_VERSION_DATE="2026-04-21" 
LIBC="default" 
MODULES="java.base java.compiler java.datatransfer java.xml java.prefs java.desktop java.instrument java.logging java.management java.security.sasl java.naming java.rmi java.management.rmi java.net.http java.scripting java.security.jgss java.transaction.xa java.sql java.sql.rowset java.xml.crypto java.se java.smartcardio jdk.accessibility jdk.internal.jvmstat jdk.attach jdk.charsets jdk.internal.opt jdk.zipfs jdk.compiler jdk.crypto.cryptoki jdk.crypto.ec jdk.crypto.mscapi jdk.dynalink jdk.internal.ed jdk.editpad jdk.internal.vm.ci jdk.graal.compiler jdk.graal.compiler.management jdk.hotspot.agent jdk.httpserver jdk.incubator.vector jdk.internal.le jdk.internal.md jdk.jartool jdk.javadoc jdk.jcmd jdk.management jdk.management.agent jdk.jconsole jdk.jdeps jdk.jdwp.agent jdk.jdi jdk.jfr jdk.jlink jdk.jpackage jdk.jshell jdk.jstatd jdk.localedata jdk.management.jfr jdk.naming.dns jdk.naming.rmi jdk.net jdk.nio.mapmode jdk.sctp jdk.security.auth jdk.security.jgss jdk.unsupported jdk.unsupported.desktop jdk.xml.dom" 
OS_ARCH="x86_64" 
OS_NAME="Windows" 
SOURCE=".:git:8fcde8268d22 open:git:fcc00fc4aee7" 

Environment Variables:
JAVA_HOME=C:\Program Files\Java\jdk-26.0.1
PATH=C:\Program Files\Common Files\Oracle\Java\javapath;C:\WINDOWS\system32;C:\WINDOWS;C:\WINDOWS\System32\Wbem;C:\WINDOWS\System32\WindowsPowerShell\v1.0\;C:\WINDOWS\System32\OpenSSH\;C:\Program Files\MySQL\MySQL Server 8.0\bin;C:\spring tool for eclipse\sts-5.2.0.RELEASE;C:\Program Files\Java\jdk-26.0.1\bin;C:\Program Files\apache-maven-3.9.16-bin\apache-maven-3.9.16\bin;C:\Users\Azra Hanna Razvi\AppData\Local\Microsoft\WindowsApps;C:\Users\Azra Hanna Razvi\AppData\Local\Programs\Microsoft VS Code\bin;C:\Users\Azra Hanna Razvi\AppData\Local\Programs\Git\cmd;C:\Users\Azra Hanna Razvi\AppData\Local\Programs\DockerDesktop\resources\bin
USERNAME=Azra Hanna Razvi
LANG=en_US.UTF-8
OS=Windows_NT
PROCESSOR_IDENTIFIER=Intel64 Family 6 Model 142 Stepping 12, GenuineIntel
TMP=C:\Users\AZRAHA~1\AppData\Local\Temp
TEMP=C:\Users\AZRAHA~1\AppData\Local\Temp




Compilation memory statistics disabled.

Periodic native trim disabled

---------------  S Y S T E M  ---------------

OS:
 Windows 11 , 64 bit Build 26100 (10.0.26100.9168)
OS uptime: 0 days 5:47 hours

CPU: total 4 (initial active 4) (2 cores per cpu, 2 threads per core) family 6 model 142 stepping 12 microcode 0xf0, cx8, cmov, fxsr, ht, mmx, 3dnowpref, sse, sse2, sse3, ssse3, sse4.1, sse4.2, popcnt, lzcnt, tsc, tscinvbit, avx, avx2, aes, erms, clmul, bmi1, bmi2, adx, fma, vzeroupper, clflush, clflushopt, rdtscp, f16c
Processor Information for the first 4 processors :
  Max Mhz: 2601, Current Mhz: 2601, Mhz Limit: 2601

Memory: 4k page, system-wide physical 3690M (155M free)
TotalPageFile size 14954M (AvailPageFile size 54M)
current process WorkingSet (physical memory assigned to process): 197M, peak: 197M
current process commit charge ("private bytes"): 227M, peak: 242M

vm_info: Java HotSpot(TM) 64-Bit Server VM (26.0.1+8-34) for windows-amd64 JRE (26.0.1+8-34), built on 2026-03-10T17:24:10Z with MS VC++ 17.13 (VS2022)

END.
